220.181.108.171 - - [12/Jul/2011:02:41:04 +0200] "GET / HTTP/1.1" 200 8181 "-" "Mozilla/5.0 (compatible; Baiduspider/2.0; +http://www.baidu.com/search/spider.html)"
66.249.71.105 - - [12/Jul/2011:02:42:53 +0200] "GET / HTTP/1.1" 200 8181 "-" "Mozilla/5.0 (compatible; Googlebot/2.1; +http://www.google.com/bot.html)"
72.14.199.245 - - [12/Jul/2011:03:07:58 +0200] "GET /rss HTTP/1.1" 200 65689 "-" "Feedfetcher-Google; (+http://www.google.com/feedfetcher.html; 4 subscribers; feed-id=16428131579388406361)"
173.242.118.133 - - [12/Jul/2011:03:37:34 +0200] "GET /topics0 HTTP/1.0" 200 12353 "http://www.revision-zero.org/topics0" "Mozilla/4.0 (compatible; MSIE 6.0; Windows NT 5.1; SV1; InfoPath.1"
173.242.118.133 - - [12/Jul/2011:03:37:36 +0200] "POST /topics0 HTTP/1.0" 404 18 "http://www.revision-zero.org/topics0" "Mozilla/4.0 (compatible; MSIE 6.0; Windows NT 5.1; SV1; InfoPath.1"
173.242.118.133 - - [12/Jul/2011:03:37:36 +0200] "POST /http://www.revision-zero.org/topics0 HTTP/1.0" 404 18 "http://www.revision-zero.org/topics0" "Mozilla/4.0 (compatible; MSIE 6.0; Windows NT 5.1; SV1; InfoPath.1"
173.242.118.133 - - [12/Jul/2011:03:37:36 +0200] "GET /topics0 HTTP/1.0" 200 12353 "http://www.revision-zero.org/topics0" "Mozilla/4.0 (compatible; MSIE 6.0; Windows NT 5.1; SV1; InfoPath.1"
173.242.118.133 - - [12/Jul/2011:03:37:37 +0200] "GET /topics0 HTTP/1.0" 200 12353 "http://www.revision-zero.org/topics0" "Mozilla/4.0 (compatible; MSIE 6.0; Windows NT 5.1; SV1; InfoPath.1"
157.56.4.68 - - [12/Jul/2011:03:39:07 +0200] "GET /rss HTTP/1.1" 200 65689 "-" "msnbot-UDiscovery/2.0b (+http://search.msn.com/msnbot.htm)"
72.14.199.216 - - [12/Jul/2011:03:43:05 +0200] "GET /rss HTTP/1.1" 200 65689 "-" "Feedfetcher-Google; (+http://www.google.com/feedfetcher.html; 6 subscribers; feed-id=9468211748000248502)"
178.151.17.13 - - [12/Jul/2011:03:43:15 +0200] "GET /downloads/revision-zero.html HTTP/1.0" 200 755272 "http://www.revision-zero.org/downloads/revision-zero.html" "Mozilla/4.0 (compatible; MSIE 5.0; Windows 2000) Opera 6.0 [en]"
72.14.199.245 - - [12/Jul/2011:04:14:59 +0200] "GET /rss HTTP/1.1" 200 65689 "-" "Feedfetcher-Google; (+http://www.google.com/feedfetcher.html; 4 subscribers; feed-id=16428131579388406361)"
123.125.71.111 - - [12/Jul/2011:04:26:55 +0200] "GET / HTTP/1.1" 200 16000 "-" "Mozilla/5.0 (compatible; Baiduspider/2.0; +http://www.baidu.com/search/spider.html)"
220.181.108.165 - - [12/Jul/2011:04:27:17 +0200] "GET / HTTP/1.1" 200 16000 "-" "Mozilla/5.0 (compatible; Baiduspider/2.0; +http://www.baidu.com/search/spider.html)"
67.195.115.124 - - [12/Jul/2011:04:36:23 +0200] "GET /1 HTTP/1.0" 200 5771 "-" "Mozilla/5.0 (compatible; Yahoo! Slurp; http://help.yahoo.com/help/us/ysearch/slurp)"
67.195.115.124 - - [12/Jul/2011:04:36:25 +0200] "GET /css/style.css HTTP/1.0" 200 7343 "http://www.revision-zero.org/1" "Mozilla/5.0 (compatible; Yahoo! Slurp; http://help.yahoo.com/help/us/ysearch/slurp)"
72.14.199.216 - - [12/Jul/2011:04:41:35 +0200] "GET /rss HTTP/1.1" 200 65689 "-" "Feedfetcher-Google; (+http://www.google.com/feedfetcher.html; 6 subscribers; feed-id=9468211748000248502)"
216.39.58.18 - - [12/Jul/2011:04:47:22 +0200] "GET /robots.txt HTTP/1.0" 200 88 "-" "Yahoo Pipes 2.0"
216.39.58.18 - - [12/Jul/2011:04:47:22 +0200] "GET /logical_data_independence_2 HTTP/1.1" 200 23577 "-" "Mozilla/5.0 (compatible; Yahoo Pipes 2.0; +http://developer.yahoo.com/yql/provider) Gecko/20090729 Firefox/3.5.2"
72.14.199.245 - - [12/Jul/2011:05:16:29 +0200] "GET /rss HTTP/1.1" 200 65689 "-" "Feedfetcher-Google; (+http://www.google.com/feedfetcher.html; 4 subscribers; feed-id=16428131579388406361)"
72.14.199.216 - - [12/Jul/2011:05:45:36 +0200] "GET /rss HTTP/1.1" 200 65689 "-" "Feedfetcher-Google; (+http://www.google.com/feedfetcher.html; 6 subscribers; feed-id=9468211748000248502)"
50.92.0.96 - - [12/Jul/2011:05:57:32 +0200] "GET /reuse HTTP/1.1" 200 7684 "-" "Mozilla/5.0 (Windows NT 6.0) AppleWebKit/534.30 (KHTML, like Gecko) Chrome/12.0.742.112 Safari/534.30"
50.92.0.96 - - [12/Jul/2011:05:57:34 +0200] "GET /css/style.css HTTP/1.1" 200 7343 "http://revision-zero.org/reuse" "Mozilla/5.0 (Windows NT 6.0) AppleWebKit/534.30 (KHTML, like Gecko) Chrome/12.0.742.112 Safari/534.30"
50.92.0.96 - - [12/Jul/2011:05:57:34 +0200] "GET /js/revzero.js HTTP/1.1" 200 752 "http://revision-zero.org/reuse" "Mozilla/5.0 (Windows NT 6.0) AppleWebKit/534.30 (KHTML, like Gecko) Chrome/12.0.742.112 Safari/534.30"
50.92.0.96 - - [12/Jul/2011:05:57:34 +0200] "GET /images/mail.png HTTP/1.1" 200 1321 "http://revision-zero.org/reuse" "Mozilla/5.0 (Windows NT 6.0) AppleWebKit/534.30 (KHTML, like Gecko) Chrome/12.0.742.112 Safari/534.30"
50.92.0.96 - - [12/Jul/2011:05:57:34 +0200] "GET /images/twitter.png HTTP/1.1" 200 2072 "http://revision-zero.org/reuse" "Mozilla/5.0 (Windows NT 6.0) AppleWebKit/534.30 (KHTML, like Gecko) Chrome/12.0.742.112 Safari/534.30"
50.92.0.96 - - [12/Jul/2011:05:57:34 +0200] "GET /images/github.png HTTP/1.1" 200 1655 "http://revision-zero.org/reuse" "Mozilla/5.0 (Windows NT 6.0) AppleWebKit/534.30 (KHTML, like Gecko) Chrome/12.0.742.112 Safari/534.30"
50.92.0.96 - - [12/Jul/2011:05:57:34 +0200] "GET /images/rss.png HTTP/1.1" 200 2050 "http://revision-zero.org/reuse" "Mozilla/5.0 (Windows NT 6.0) AppleWebKit/534.30 (KHTML, like Gecko) Chrome/12.0.742.112 Safari/534.30"
50.92.0.96 - - [12/Jul/2011:05:57:34 +0200] "GET /js/jquery-1.4.1.min.js HTTP/1.1" 200 70843 "http://revision-zero.org/reuse" "Mozilla/5.0 (Windows NT 6.0) AppleWebKit/534.30 (KHTML, like Gecko) Chrome/12.0.742.112 Safari/534.30"
50.92.0.96 - - [12/Jul/2011:05:57:36 +0200] "GET /css/leftnav_bw.png HTTP/1.1" 200 6840 "http://revision-zero.org/reuse" "Mozilla/5.0 (Windows NT 6.0) AppleWebKit/534.30 (KHTML, like Gecko) Chrome/12.0.742.112 Safari/534.30"
50.92.0.96 - - [12/Jul/2011:05:57:36 +0200] "GET /css/rightnav_bw.png HTTP/1.1" 200 6803 "http://revision-zero.org/reuse" "Mozilla/5.0 (Windows NT 6.0) AppleWebKit/534.30 (KHTML, like Gecko) Chrome/12.0.742.112 Safari/534.30"
50.92.0.96 - - [12/Jul/2011:05:57:36 +0200] "GET /favicon.ico HTTP/1.1" 404 20 "-" "Mozilla/5.0 (Windows NT 6.0) AppleWebKit/534.30 (KHTML, like Gecko) Chrome/12.0.742.112 Safari/534.30"
50.92.0.96 - - [12/Jul/2011:05:57:56 +0200] "GET /noe HTTP/1.1" 200 5189 "http://revision-zero.org/reuse" "Mozilla/5.0 (Windows NT 6.0) AppleWebKit/534.30 (KHTML, like Gecko) Chrome/12.0.742.112 Safari/534.30"
50.92.0.96 - - [12/Jul/2011:05:57:57 +0200] "GET /images/noe/workflow.gif HTTP/1.1" 200 43090 "http://revision-zero.org/noe" "Mozilla/5.0 (Windows NT 6.0) AppleWebKit/534.30 (KHTML, like Gecko) Chrome/12.0.742.112 Safari/534.30"
50.92.0.96 - - [12/Jul/2011:05:57:57 +0200] "GET /images/noe/safe_override.png HTTP/1.1" 200 25637 "http://revision-zero.org/noe" "Mozilla/5.0 (Windows NT 6.0) AppleWebKit/534.30 (KHTML, like Gecko) Chrome/12.0.742.112 Safari/534.30"
50.92.0.96 - - [12/Jul/2011:05:57:57 +0200] "GET /images/noe/dotnoe.gif HTTP/1.1" 200 22927 "http://revision-zero.org/noe" "Mozilla/5.0 (Windows NT 6.0) AppleWebKit/534.30 (KHTML, like Gecko) Chrome/12.0.742.112 Safari/534.30"
50.92.0.96 - - [12/Jul/2011:05:57:57 +0200] "GET /images/noe/wlang_is_great.gif HTTP/1.1" 200 36807 "http://revision-zero.org/noe" "Mozilla/5.0 (Windows NT 6.0) AppleWebKit/534.30 (KHTML, like Gecko) Chrome/12.0.742.112 Safari/534.30"
50.92.0.96 - - [12/Jul/2011:05:57:58 +0200] "GET /favicon.ico HTTP/1.1" 404 20 "-" "Mozilla/5.0 (Windows NT 6.0) AppleWebKit/534.30 (KHTML, like Gecko) Chrome/12.0.742.112 Safari/534.30"
50.92.0.96 - - [12/Jul/2011:05:59:42 +0200] "GET /book HTTP/1.1" 200 3814 "http://revision-zero.org/noe" "Mozilla/5.0 (Windows NT 6.0) AppleWebKit/534.30 (KHTML, like Gecko) Chrome/12.0.742.112 Safari/534.30"
50.92.0.96 - - [12/Jul/2011:05:59:43 +0200] "GET /favicon.ico HTTP/1.1" 404 20 "-" "Mozilla/5.0 (Windows NT 6.0) AppleWebKit/534.30 (KHTML, like Gecko) Chrome/12.0.742.112 Safari/534.30"
50.92.0.96 - - [12/Jul/2011:05:59:52 +0200] "GET /history-of-a-bug HTTP/1.1" 200 5413 "http://revision-zero.org/book" "Mozilla/5.0 (Windows NT 6.0) AppleWebKit/534.30 (KHTML, like Gecko) Chrome/12.0.742.112 Safari/534.30"
50.92.0.96 - - [12/Jul/2011:05:59:53 +0200] "GET /favicon.ico HTTP/1.1" 404 20 "-" "Mozilla/5.0 (Windows NT 6.0) AppleWebKit/534.30 (KHTML, like Gecko) Chrome/12.0.742.112 Safari/534.30"
50.92.0.96 - - [12/Jul/2011:06:03:21 +0200] "GET /new_look HTTP/1.1" 200 3067 "http://revision-zero.org/history-of-a-bug" "Mozilla/5.0 (Windows NT 6.0) AppleWebKit/534.30 (KHTML, like Gecko) Chrome/12.0.742.112 Safari/534.30"
50.92.0.96 - - [12/Jul/2011:06:03:22 +0200] "GET /favicon.ico HTTP/1.1" 404 20 "-" "Mozilla/5.0 (Windows NT 6.0) AppleWebKit/534.30 (KHTML, like Gecko) Chrome/12.0.742.112 Safari/534.30"
50.92.0.96 - - [12/Jul/2011:06:04:33 +0200] "GET /kernel_dot_spawn HTTP/1.1" 200 3457 "http://revision-zero.org/new_look" "Mozilla/5.0 (Windows NT 6.0) AppleWebKit/534.30 (KHTML, like Gecko) Chrome/12.0.742.112 Safari/534.30"
50.92.0.96 - - [12/Jul/2011:06:04:34 +0200] "GET /favicon.ico HTTP/1.1" 404 20 "-" "Mozilla/5.0 (Windows NT 6.0) AppleWebKit/534.30 (KHTML, like Gecko) Chrome/12.0.742.112 Safari/534.30"
123.125.71.102 - - [12/Jul/2011:06:21:00 +0200] "GET / HTTP/1.1" 200 16000 "-" "Mozilla/5.0 (compatible; Baiduspider/2.0; +http://www.baidu.com/search/spider.html)"
220.181.108.173 - - [12/Jul/2011:06:21:07 +0200] "GET / HTTP/1.1" 200 16000 "-" "Mozilla/5.0 (compatible; Baiduspider/2.0; +http://www.baidu.com/search/spider.html)"
72.14.199.245 - - [12/Jul/2011:06:26:29 +0200] "GET /rss HTTP/1.1" 200 65689 "-" "Feedfetcher-Google; (+http://www.google.com/feedfetcher.html; 4 subscribers; feed-id=16428131579388406361)"
188.143.232.156 - - [12/Jul/2011:06:28:22 +0200] "GET /topics0/ HTTP/1.0" 404 18 "http://revision-zero.org/topics0/" "Mozilla/4.0 (compatible; MSIE 6.0; Windows NT 5.2; WOW64; SV1; .NET CLR 2.0.50727)"
188.143.232.156 - - [12/Jul/2011:06:28:22 +0200] "GET / HTTP/1.0" 200 23577 "http://revision-zero.org/" "Mozilla/4.0 (compatible; MSIE 6.0; Windows NT 5.2; WOW64; SV1; .NET CLR 2.0.50727)"
216.39.58.78 - - [12/Jul/2011:06:38:31 +0200] "GET /robots.txt HTTP/1.1" 200 88 "-" "Yahoo Pipes 2.0"
216.39.58.18 - - [12/Jul/2011:06:38:31 +0200] "GET /logical_data_independence_2 HTTP/1.1" 200 23577 "-" "Mozilla/5.0 (compatible; Yahoo Pipes 2.0; +http://developer.yahoo.com/yql/provider) Gecko/20090729 Firefox/3.5.2"
157.56.4.68 - - [12/Jul/2011:06:39:08 +0200] "GET /rss HTTP/1.1" 200 65689 "-" "msnbot-UDiscovery/2.0b (+http://search.msn.com/msnbot.htm)"
220.181.108.175 - - [12/Jul/2011:06:39:23 +0200] "GET / HTTP/1.1" 200 8181 "-" "Mozilla/5.0 (compatible; Baiduspider/2.0; +http://www.baidu.com/search/spider.html)"
220.181.108.171 - - [12/Jul/2011:06:39:27 +0200] "GET /reuse HTTP/1.1" 200 7684 "-" "Mozilla/5.0 (compatible; Baiduspider/2.0; +http://www.baidu.com/search/spider.html)"
208.115.111.73 - - [12/Jul/2011:06:41:23 +0200] "GET /robots.txt HTTP/1.1" 200 88 "-" "Mozilla/5.0 (compatible; Ezooms/1.0; ezooms.bot@gmail.com)"
72.14.199.216 - - [12/Jul/2011:06:44:06 +0200] "GET /rss HTTP/1.1" 200 65689 "-" "Feedfetcher-Google; (+http://www.google.com/feedfetcher.html; 6 subscribers; feed-id=9468211748000248502)"
67.207.136.128 - - [12/Jul/2011:06:54:43 +0200] "GET / HTTP/1.1" 200 16000 "-" "Mozilla/5.0 (Macintosh; U; Intel Mac OS X 10_5_8; en-us) AppleWebKit/531.21.8 (KHTML, like Gecko) Version/4.0.4 Safari/531.21.10"
216.254.10.148 - - [12/Jul/2011:06:58:57 +0200] "GET /kernel_dot_spawn HTTP/1.1" 200 3457 "http://www.google.com/search?ie=UTF-8&oe=utf-8&q=kernel+spawn+ruby" "Mozilla/5.0 (X11; Linux x86_64; rv:5.0) Gecko/20100101 Firefox/5.0"
216.254.10.148 - - [12/Jul/2011:06:58:57 +0200] "GET /images/github.png HTTP/1.1" 200 1655 "http://revision-zero.org/kernel_dot_spawn" "Mozilla/5.0 (X11; Linux x86_64; rv:5.0) Gecko/20100101 Firefox/5.0"
216.254.10.148 - - [12/Jul/2011:06:58:57 +0200] "GET /css/style.css HTTP/1.1" 200 7343 "http://revision-zero.org/kernel_dot_spawn" "Mozilla/5.0 (X11; Linux x86_64; rv:5.0) Gecko/20100101 Firefox/5.0"
216.254.10.148 - - [12/Jul/2011:06:58:57 +0200] "GET /images/mail.png HTTP/1.1" 200 1321 "http://revision-zero.org/kernel_dot_spawn" "Mozilla/5.0 (X11; Linux x86_64; rv:5.0) Gecko/20100101 Firefox/5.0"
216.254.10.148 - - [12/Jul/2011:06:58:57 +0200] "GET /images/twitter.png HTTP/1.1" 200 2072 "http://revision-zero.org/kernel_dot_spawn" "Mozilla/5.0 (X11; Linux x86_64; rv:5.0) Gecko/20100101 Firefox/5.0"
216.254.10.148 - - [12/Jul/2011:06:58:57 +0200] "GET /js/revzero.js HTTP/1.1" 200 752 "http://revision-zero.org/kernel_dot_spawn" "Mozilla/5.0 (X11; Linux x86_64; rv:5.0) Gecko/20100101 Firefox/5.0"
216.254.10.148 - - [12/Jul/2011:06:58:58 +0200] "GET /images/rss.png HTTP/1.1" 200 2050 "http://revision-zero.org/kernel_dot_spawn" "Mozilla/5.0 (X11; Linux x86_64; rv:5.0) Gecko/20100101 Firefox/5.0"
216.254.10.148 - - [12/Jul/2011:06:58:57 +0200] "GET /js/jquery-1.4.1.min.js HTTP/1.1" 200 70843 "http://revision-zero.org/kernel_dot_spawn" "Mozilla/5.0 (X11; Linux x86_64; rv:5.0) Gecko/20100101 Firefox/5.0"
216.254.10.148 - - [12/Jul/2011:06:58:59 +0200] "GET /css/leftnav_bw.png HTTP/1.1" 200 6840 "http://revision-zero.org/css/style.css" "Mozilla/5.0 (X11; Linux x86_64; rv:5.0) Gecko/20100101 Firefox/5.0"
216.254.10.148 - - [12/Jul/2011:06:58:59 +0200] "GET /css/rightnav_bw.png HTTP/1.1" 200 6803 "http://revision-zero.org/css/style.css" "Mozilla/5.0 (X11; Linux x86_64; rv:5.0) Gecko/20100101 Firefox/5.0"
216.254.10.148 - - [12/Jul/2011:06:58:59 +0200] "GET /favicon.ico HTTP/1.1" 404 20 "-" "Mozilla/5.0 (X11; Linux x86_64; rv:5.0) Gecko/20100101 Firefox/5.0"
216.254.10.148 - - [12/Jul/2011:06:59:00 +0200] "GET /favicon.ico HTTP/1.1" 404 20 "-" "Mozilla/5.0 (X11; Linux x86_64; rv:5.0) Gecko/20100101 Firefox/5.0"
216.254.10.148 - - [12/Jul/2011:06:59:43 +0200] "GET /css/leftnav.png HTTP/1.1" 200 7082 "http://revision-zero.org/css/style.css" "Mozilla/5.0 (X11; Linux x86_64; rv:5.0) Gecko/20100101 Firefox/5.0"
72.14.199.245 - - [12/Jul/2011:07:21:29 +0200] "GET /rss HTTP/1.1" 200 65689 "-" "Feedfetcher-Google; (+http://www.google.com/feedfetcher.html; 4 subscribers; feed-id=16428131579388406361)"
38.99.97.160 - - [12/Jul/2011:07:33:45 +0200] "GET /robots.txt HTTP/1.1" 200 101 "-" "Mozilla/5.0 (compatible; ScoutJet; +http://www.scoutjet.com/)"
38.99.97.160 - - [12/Jul/2011:07:34:00 +0200] "GET / HTTP/1.1" 200 8181 "-" "Mozilla/5.0 (compatible; ScoutJet; +http://www.scoutjet.com/)"
38.99.97.160 - - [12/Jul/2011:07:34:24 +0200] "GET /favicon.ico HTTP/1.1" 404 20 "-" "Mozilla/5.0 (compatible; ScoutJet; +http://www.scoutjet.com/)"
38.99.97.160 - - [12/Jul/2011:07:34:43 +0200] "GET /noe HTTP/1.1" 200 5189 "-" "Mozilla/5.0 (compatible; ScoutJet; +http://www.scoutjet.com/)"
38.99.97.160 - - [12/Jul/2011:07:34:58 +0200] "GET /history-of-a-bug HTTP/1.1" 200 5413 "-" "Mozilla/5.0 (compatible; ScoutJet; +http://www.scoutjet.com/)"
38.99.97.160 - - [12/Jul/2011:07:35:21 +0200] "GET /book HTTP/1.1" 200 3814 "-" "Mozilla/5.0 (compatible; ScoutJet; +http://www.scoutjet.com/)"
38.99.97.160 - - [12/Jul/2011:07:35:41 +0200] "GET /logical_data_independence HTTP/1.1" 200 6455 "-" "Mozilla/5.0 (compatible; ScoutJet; +http://www.scoutjet.com/)"
38.99.97.160 - - [12/Jul/2011:07:35:52 +0200] "GET /rss HTTP/1.1" 200 65689 "-" "Mozilla/5.0 (compatible; ScoutJet; +http://www.scoutjet.com/)"
38.99.97.160 - - [12/Jul/2011:07:36:29 +0200] "GET /logical_data_independence_2 HTTP/1.1" 200 8181 "-" "Mozilla/5.0 (compatible; ScoutJet; +http://www.scoutjet.com/)"
38.99.97.160 - - [12/Jul/2011:07:36:51 +0200] "GET /about HTTP/1.1" 200 3510 "-" "Mozilla/5.0 (compatible; ScoutJet; +http://www.scoutjet.com/)"
38.99.97.160 - - [12/Jul/2011:07:37:11 +0200] "GET /sql-poll HTTP/1.1" 200 2428 "-" "Mozilla/5.0 (compatible; ScoutJet; +http://www.scoutjet.com/)"
38.99.97.160 - - [12/Jul/2011:07:37:28 +0200] "GET /web_duck_typing HTTP/1.1" 200 5771 "-" "Mozilla/5.0 (compatible; ScoutJet; +http://www.scoutjet.com/)"
38.99.97.160 - - [12/Jul/2011:07:38:03 +0200] "GET /kernel_dot_spawn HTTP/1.1" 200 3457 "-" "Mozilla/5.0 (compatible; ScoutJet; +http://www.scoutjet.com/)"
38.99.97.160 - - [12/Jul/2011:07:38:21 +0200] "GET /independence HTTP/1.1" 200 6853 "-" "Mozilla/5.0 (compatible; ScoutJet; +http://www.scoutjet.com/)"
38.99.97.160 - - [12/Jul/2011:07:38:44 +0200] "GET /bundler_and_lifecycle HTTP/1.1" 200 2545 "-" "Mozilla/5.0 (compatible; ScoutJet; +http://www.scoutjet.com/)"
38.99.97.160 - - [12/Jul/2011:07:39:05 +0200] "GET /benchmarking HTTP/1.1" 200 6790 "-" "Mozilla/5.0 (compatible; ScoutJet; +http://www.scoutjet.com/)"
38.99.97.160 - - [12/Jul/2011:07:39:33 +0200] "GET /born HTTP/1.1" 200 3731 "-" "Mozilla/5.0 (compatible; ScoutJet; +http://www.scoutjet.com/)"
38.99.97.160 - - [12/Jul/2011:07:39:49 +0200] "GET /wlang HTTP/1.1" 200 6505 "-" "Mozilla/5.0 (compatible; ScoutJet; +http://www.scoutjet.com/)"
38.99.97.160 - - [12/Jul/2011:07:40:12 +0200] "GET /reuse HTTP/1.1" 200 7684 "-" "Mozilla/5.0 (compatible; ScoutJet; +http://www.scoutjet.com/)"
38.99.97.160 - - [12/Jul/2011:07:40:32 +0200] "GET /topics0 HTTP/1.1" 200 4757 "-" "Mozilla/5.0 (compatible; ScoutJet; +http://www.scoutjet.com/)"
38.99.97.160 - - [12/Jul/2011:07:40:55 +0200] "GET /new_look HTTP/1.1" 200 3067 "-" "Mozilla/5.0 (compatible; ScoutJet; +http://www.scoutjet.com/)"
38.99.97.160 - - [12/Jul/2011:07:41:10 +0200] "GET /release_time HTTP/1.1" 200 4480 "-" "Mozilla/5.0 (compatible; ScoutJet; +http://www.scoutjet.com/)"
38.99.97.160 - - [12/Jul/2011:07:41:33 +0200] "GET /downloads/revision-zero.html HTTP/1.1" 200 404810 "-" "Mozilla/5.0 (compatible; ScoutJet; +http://www.scoutjet.com/)"
38.99.97.160 - - [12/Jul/2011:07:44:36 +0200] "GET /www.linkedin.com/in/blambeau HTTP/1.1" 404 36 "-" "Mozilla/5.0 (compatible; ScoutJet; +http://www.scoutjet.com/)"
38.99.97.160 - - [12/Jul/2011:07:44:45 +0200] "GET /2 HTTP/1.1" 200 3510 "-" "Mozilla/5.0 (compatible; ScoutJet; +http://www.scoutjet.com/)"
38.99.97.160 - - [12/Jul/2011:07:44:58 +0200] "GET /reuse_in_practice HTTP/1.1" 404 20 "-" "Mozilla/5.0 (compatible; ScoutJet; +http://www.scoutjet.com/)"
38.99.97.160 - - [12/Jul/2011:07:45:06 +0200] "GET /logical_data_independence2 HTTP/1.1" 404 20 "-" "Mozilla/5.0 (compatible; ScoutJet; +http://www.scoutjet.com/)"
38.99.97.160 - - [12/Jul/2011:07:45:17 +0200] "GET /document_at_earliest_point_of_usage HTTP/1.1" 404 20 "-" "Mozilla/5.0 (compatible; ScoutJet; +http://www.scoutjet.com/)"
38.99.97.160 - - [12/Jul/2011:07:45:23 +0200] "GET /1 HTTP/1.1" 200 5771 "-" "Mozilla/5.0 (compatible; ScoutJet; +http://www.scoutjet.com/)"
38.99.97.160 - - [12/Jul/2011:07:45:35 +0200] "GET /SbyC HTTP/1.1" 404 20 "-" "Mozilla/5.0 (compatible; ScoutJet; +http://www.scoutjet.com/)"
38.99.97.160 - - [12/Jul/2011:07:45:43 +0200] "GET /downloads/www.linkedin.com/in/blambeau HTTP/1.1" 404 36 "-" "Mozilla/5.0 (compatible; ScoutJet; +http://www.scoutjet.com/)"
38.99.97.160 - - [12/Jul/2011:07:45:58 +0200] "GET /duby HTTP/1.1" 404 20 "-" "Mozilla/5.0 (compatible; ScoutJet; +http://www.scoutjet.com/)"
38.99.97.160 - - [12/Jul/2011:07:46:08 +0200] "GET /topics1 HTTP/1.1" 404 20 "-" "Mozilla/5.0 (compatible; ScoutJet; +http://www.scoutjet.com/)"
38.99.97.160 - - [12/Jul/2011:07:46:24 +0200] "GET /downloads/goto_page('about') HTTP/1.1" 404 36 "-" "Mozilla/5.0 (compatible; ScoutJet; +http://www.scoutjet.com/)"
38.99.97.160 - - [12/Jul/2011:07:46:36 +0200] "GET /waw HTTP/1.1" 404 20 "-" "Mozilla/5.0 (compatible; ScoutJet; +http://www.scoutjet.com/)"
38.99.97.160 - - [12/Jul/2011:07:46:50 +0200] "GET /d HTTP/1.1" 404 20 "-" "Mozilla/5.0 (compatible; ScoutJet; +http://www.scoutjet.com/)"
38.99.97.160 - - [12/Jul/2011:07:46:59 +0200] "GET /wlang3 HTTP/1.1" 404 20 "-" "Mozilla/5.0 (compatible; ScoutJet; +http://www.scoutjet.com/)"
38.99.97.160 - - [12/Jul/2011:07:47:12 +0200] "GET /wlang2 HTTP/1.1" 404 20 "-" "Mozilla/5.0 (compatible; ScoutJet; +http://www.scoutjet.com/)"
38.99.97.160 - - [12/Jul/2011:07:47:20 +0200] "GET /virtualvar HTTP/1.1" 404 20 "-" "Mozilla/5.0 (compatible; ScoutJet; +http://www.scoutjet.com/)"
38.99.97.160 - - [12/Jul/2011:07:47:29 +0200] "GET /downloads/new_look HTTP/1.1" 404 36 "-" "Mozilla/5.0 (compatible; ScoutJet; +http://www.scoutjet.com/)"
38.99.97.160 - - [12/Jul/2011:07:47:37 +0200] "GET /sandbox/helloworld.php HTTP/1.1" 200 1074 "-" "Mozilla/5.0 (compatible; ScoutJet; +http://www.scoutjet.com/)"
38.99.97.160 - - [12/Jul/2011:07:47:48 +0200] "GET /sandbox/author HTTP/1.1" 404 36 "-" "Mozilla/5.0 (compatible; ScoutJet; +http://www.scoutjet.com/)"
72.14.199.216 - - [12/Jul/2011:07:51:26 +0200] "GET /rss HTTP/1.1" 200 65689 "-" "Feedfetcher-Google; (+http://www.google.com/feedfetcher.html; 6 subscribers; feed-id=9468211748000248502)"
188.165.254.123 - - [12/Jul/2011:07:55:31 +0200] "GET /topics0 HTTP/1.0" 200 12353 "-" "Mozilla/5.0 (Windows; U; Windows NT 5.1; en-US; rv:1.9.1.3) Gecko/20090824 Firefox/3.5.3"
208.115.111.73 - - [12/Jul/2011:08:05:19 +0200] "GET /independence HTTP/1.1" 200 18816 "-" "Mozilla/5.0 (compatible; Ezooms/1.0; ezooms.bot@gmail.com)"
91.224.160.4 - - [12/Jul/2011:08:08:20 +0200] "GET /++GET+http://www.revision-zero.org/+%5B0,24303,23951%5D+-%3E HTTP/1.0" 404 18 "http://www.revision-zero.org/++GET+http://www.revision-zero.org/+%5B0,24303,23951%5D+-%3E" "Mozilla/4.0 (compatible; MSIE 6.0; Windows NT 5.1; en) Opera 9.0"
91.224.160.4 - - [12/Jul/2011:08:08:20 +0200] "GET / HTTP/1.0" 200 23577 "http://www.revision-zero.org/" "Mozilla/4.0 (compatible; MSIE 6.0; Windows NT 5.1; en) Opera 9.0"
91.224.160.4 - - [12/Jul/2011:08:08:21 +0200] "POST / HTTP/1.0" 404 18 "http://www.revision-zero.org/" "Mozilla/4.0 (compatible; MSIE 6.0; Windows NT 5.1; en) Opera 9.0"
72.14.199.245 - - [12/Jul/2011:08:19:39 +0200] "GET /rss HTTP/1.1" 200 65689 "-" "Feedfetcher-Google; (+http://www.google.com/feedfetcher.html; 4 subscribers; feed-id=16428131579388406361)"
123.125.71.110 - - [12/Jul/2011:08:27:36 +0200] "GET / HTTP/1.1" 200 16000 "-" "Mozilla/5.0 (compatible; Baiduspider/2.0; +http://www.baidu.com/search/spider.html)"
220.181.108.177 - - [12/Jul/2011:08:28:00 +0200] "GET / HTTP/1.1" 200 16000 "-" "Mozilla/5.0 (compatible; Baiduspider/2.0; +http://www.baidu.com/search/spider.html)"
94.228.34.209 - - [12/Jul/2011:08:28:09 +0200] "GET /rss HTTP/1.1" 200 65689 "-" "magpie-crawler/1.1 (U; Linux amd64; en-GB; +http://www.brandwatch.net)"
72.14.199.216 - - [12/Jul/2011:08:42:46 +0200] "GET /rss HTTP/1.1" 200 65689 "-" "Feedfetcher-Google; (+http://www.google.com/feedfetcher.html; 6 subscribers; feed-id=9468211748000248502)"
216.39.58.17 - - [12/Jul/2011:08:59:29 +0200] "GET /robots.txt HTTP/1.1" 200 88 "-" "Yahoo Pipes 2.0"
216.39.58.78 - - [12/Jul/2011:08:59:30 +0200] "GET /logical_data_independence_2 HTTP/1.1" 200 23577 "-" "Mozilla/5.0 (compatible; Yahoo Pipes 2.0; +http://developer.yahoo.com/yql/provider) Gecko/20090729 Firefox/3.5.2"
72.14.199.245 - - [12/Jul/2011:09:26:09 +0200] "GET /rss HTTP/1.1" 200 65689 "-" "Feedfetcher-Google; (+http://www.google.com/feedfetcher.html; 4 subscribers; feed-id=16428131579388406361)"
72.14.199.216 - - [12/Jul/2011:09:46:46 +0200] "GET /rss HTTP/1.1" 200 65689 "-" "Feedfetcher-Google; (+http://www.google.com/feedfetcher.html; 6 subscribers; feed-id=9468211748000248502)"
157.56.3.150 - - [12/Jul/2011:10:03:03 +0200] "GET /robots.txt HTTP/1.1" 200 101 "-" "msnbot-UDiscovery/2.0b (+http://search.msn.com/msnbot.htm)"
157.56.3.150 - - [12/Jul/2011:10:03:04 +0200] "GET /rss HTTP/1.1" 200 65689 "-" "msnbot-UDiscovery/2.0b (+http://search.msn.com/msnbot.htm)"
194.146.197.3 - - [12/Jul/2011:10:23:45 +0200] "GET / HTTP/1.0" 200 23577 "http://revision-zero.org/" "Mozilla/4.0 (compatible; MSIE 6.0; Windows NT 5.1; SV1)"
194.146.197.3 - - [12/Jul/2011:10:23:46 +0200] "POST / HTTP/1.0" 404 18 "http://revision-zero.org/" "Mozilla/4.0 (compatible; MSIE 6.0; Windows NT 5.1; SV1)"
194.146.197.3 - - [12/Jul/2011:10:23:47 +0200] "POST / HTTP/1.0" 404 18 "http://revision-zero.org/" "Mozilla/4.0 (compatible; MSIE 6.0; Windows NT 5.1; SV1)"
72.14.199.245 - - [12/Jul/2011:10:25:50 +0200] "GET /rss HTTP/1.1" 200 65689 "-" "Feedfetcher-Google; (+http://www.google.com/feedfetcher.html; 4 subscribers; feed-id=16428131579388406361)"
220.181.108.187 - - [12/Jul/2011:10:36:22 +0200] "GET /born HTTP/1.1" 200 3731 "-" "Mozilla/5.0 (compatible; Baiduspider/2.0; +http://www.baidu.com/search/spider.html)"
31.192.105.38 - - [12/Jul/2011:10:38:46 +0200] "GET /topics0 HTTP/1.0" 200 12353 "http://www.revision-zero.org/topics0" "Mozilla/4.0 (compatible; MSIE 6.0; America Online Browser 1.1; rev1.2; Windows NT 5.1; SV1; .NET CLR 1.1.4322)"
31.192.105.38 - - [12/Jul/2011:10:38:47 +0200] "POST /topics0 HTTP/1.0" 404 18 "http://www.revision-zero.org/topics0" "Mozilla/4.0 (compatible; MSIE 6.0; America Online Browser 1.1; rev1.2; Windows NT 5.1; SV1; .NET CLR 1.1.4322)"
31.192.105.38 - - [12/Jul/2011:10:38:47 +0200] "POST /http://www.revision-zero.org/topics0 HTTP/1.0" 404 18 "http://www.revision-zero.org/topics0" "Mozilla/4.0 (compatible; MSIE 6.0; America Online Browser 1.1; rev1.2; Windows NT 5.1; SV1; .NET CLR 1.1.4322)"
188.143.232.118 - - [12/Jul/2011:10:40:18 +0200] "GET /topics0 HTTP/1.0" 200 12353 "http://www.revision-zero.org/topics0" "Opera/8.01 (Windows NT 5.1)"
188.143.232.118 - - [12/Jul/2011:10:40:21 +0200] "POST /topics0 HTTP/1.0" 404 18 "http://www.revision-zero.org/topics0" "Opera/8.01 (Windows NT 5.1)"
188.143.232.118 - - [12/Jul/2011:10:40:21 +0200] "POST /http://www.revision-zero.org/topics0 HTTP/1.0" 404 18 "http://www.revision-zero.org/topics0" "Opera/8.01 (Windows NT 5.1)"
95.79.192.127 - - [12/Jul/2011:10:51:49 +0200] "GET /topics0 HTTP/1.0" 200 12353 "http://ircnn.ru" "Mozilla/4.0 (compatible; MSIE 6.0; Windows NT 5.1; TheFreeDictionary.com; .NET CLR 1.1.4322; .NET CLR 1.0.3705; .NET CLR 2.0.50727)"
95.79.192.127 - - [12/Jul/2011:10:51:50 +0200] "POST /topics0 HTTP/1.0" 404 18 "http://www.revision-zero.org/topics0" "Mozilla/4.0 (compatible; MSIE 6.0; Windows NT 5.1; TheFreeDictionary.com; .NET CLR 1.1.4322; .NET CLR 1.0.3705; .NET CLR 2.0.50727)"
85.234.20.122 - - [12/Jul/2011:10:51:50 +0200] "POST /http://www.revision-zero.org/topics0 HTTP/1.0" 404 18 "http://www.revision-zero.org/topics0" "Mozilla/4.0 (compatible; MSIE 6.0; Windows NT 5.1; TheFreeDictionary.com; .NET CLR 1.1.4322; .NET CLR 1.0.3705; .NET CLR 2.0.50727)"
72.14.199.216 - - [12/Jul/2011:10:52:26 +0200] "GET /rss HTTP/1.1" 200 65689 "-" "Feedfetcher-Google; (+http://www.google.com/feedfetcher.html; 6 subscribers; feed-id=9468211748000248502)"
209.131.41.48 - - [12/Jul/2011:11:04:17 +0200] "GET /robots.txt HTTP/1.0" 200 88 "-" "Yahoo Pipes 2.0"
209.131.41.49 - - [12/Jul/2011:11:04:17 +0200] "GET /logical_data_independence_2 HTTP/1.0" 200 23577 "-" "Mozilla/5.0 (compatible; Yahoo Pipes 2.0; +http://developer.yahoo.com/yql/provider) Gecko/20090729 Firefox/3.5.2"
72.14.199.245 - - [12/Jul/2011:11:24:20 +0200] "GET /rss HTTP/1.1" 200 65689 "-" "Feedfetcher-Google; (+http://www.google.com/feedfetcher.html; 4 subscribers; feed-id=16428131579388406361)"
109.191.192.51 - - [12/Jul/2011:11:29:59 +0200] "GET /topics0/ HTTP/1.0" 404 18 "http://www.revision-zero.org/topics0/" "Mozilla/4.0 (compatible; MSIE 5.5; Windows 95; BCD2000)"
109.191.192.51 - - [12/Jul/2011:11:29:59 +0200] "GET / HTTP/1.0" 200 23577 "http://www.revision-zero.org/" "Mozilla/4.0 (compatible; MSIE 5.5; Windows 95; BCD2000)"
109.191.192.51 - - [12/Jul/2011:11:30:00 +0200] "POST / HTTP/1.0" 404 18 "http://www.revision-zero.org/" "Mozilla/4.0 (compatible; MSIE 5.5; Windows 95; BCD2000)"
109.191.192.51 - - [12/Jul/2011:11:30:01 +0200] "POST / HTTP/1.0" 404 18 "http://www.revision-zero.org/" "Mozilla/4.0 (compatible; MSIE 5.5; Windows 95; BCD2000)"
188.92.75.229 - - [12/Jul/2011:11:34:02 +0200] "GET /topics0/ HTTP/1.0" 404 18 "http://www.revision-zero.org/topics0/" "Mozilla/4.0 (compatible; MSIE 7.0b; Windows NT 6.0 ; .NET CLR 2.0.50215; SL Commerce Client v1.0; Tablet PC 2.0"
188.92.75.229 - - [12/Jul/2011:11:34:02 +0200] "GET / HTTP/1.0" 200 23577 "http://www.revision-zero.org/" "Mozilla/4.0 (compatible; MSIE 7.0b; Windows NT 6.0 ; .NET CLR 2.0.50215; SL Commerce Client v1.0; Tablet PC 2.0"
188.92.75.229 - - [12/Jul/2011:11:34:03 +0200] "POST / HTTP/1.0" 404 18 "http://www.revision-zero.org/" "Mozilla/4.0 (compatible; MSIE 7.0b; Windows NT 6.0 ; .NET CLR 2.0.50215; SL Commerce Client v1.0; Tablet PC 2.0"
188.92.75.229 - - [12/Jul/2011:11:34:03 +0200] "POST / HTTP/1.0" 404 18 "http://www.revision-zero.org/" "Mozilla/4.0 (compatible; MSIE 7.0b; Windows NT 6.0 ; .NET CLR 2.0.50215; SL Commerce Client v1.0; Tablet PC 2.0"
188.92.75.229 - - [12/Jul/2011:11:34:03 +0200] "GET / HTTP/1.0" 200 23577 "http://www.revision-zero.org/" "Mozilla/4.0 (compatible; MSIE 7.0b; Windows NT 6.0 ; .NET CLR 2.0.50215; SL Commerce Client v1.0; Tablet PC 2.0"
72.14.199.216 - - [12/Jul/2011:12:00:37 +0200] "GET /rss HTTP/1.1" 200 65689 "-" "Feedfetcher-Google; (+http://www.google.com/feedfetcher.html; 6 subscribers; feed-id=9468211748000248502)"
123.125.71.117 - - [12/Jul/2011:12:19:44 +0200] "GET / HTTP/1.1" 200 16000 "-" "Mozilla/5.0 (compatible; Baiduspider/2.0; +http://www.baidu.com/search/spider.html)"
220.181.108.178 - - [12/Jul/2011:12:19:50 +0200] "GET / HTTP/1.1" 200 15863 "-" "Mozilla/5.0 (compatible; Baiduspider/2.0; +http://www.baidu.com/search/spider.html)"
72.14.199.245 - - [12/Jul/2011:12:30:30 +0200] "GET /rss HTTP/1.1" 200 65689 "-" "Feedfetcher-Google; (+http://www.google.com/feedfetcher.html; 4 subscribers; feed-id=16428131579388406361)"
67.195.115.124 - - [12/Jul/2011:12:41:28 +0200] "GET /robots.txt HTTP/1.0" 200 101 "-" "Mozilla/5.0 (compatible; Yahoo! Slurp; http://help.yahoo.com/help/us/ysearch/slurp)"
67.195.115.124 - - [12/Jul/2011:12:41:29 +0200] "GET /book HTTP/1.0" 200 3814 "-" "Mozilla/5.0 (compatible; Yahoo! Slurp; http://help.yahoo.com/help/us/ysearch/slurp)"
67.195.115.124 - - [12/Jul/2011:12:41:30 +0200] "GET /css/style.css HTTP/1.0" 304 - "http://www.revision-zero.org/book" "Mozilla/5.0 (compatible; Yahoo! Slurp; http://help.yahoo.com/help/us/ysearch/slurp)"
216.39.58.17 - - [12/Jul/2011:12:52:56 +0200] "GET /robots.txt HTTP/1.1" 200 88 "-" "Yahoo Pipes 2.0"
216.39.58.17 - - [12/Jul/2011:12:52:56 +0200] "GET /logical_data_independence_2 HTTP/1.1" 200 23577 "-" "Mozilla/5.0 (compatible; Yahoo Pipes 2.0; +http://developer.yahoo.com/yql/provider) Gecko/20090729 Firefox/3.5.2"
157.56.3.150 - - [12/Jul/2011:13:03:05 +0200] "GET /rss HTTP/1.1" 200 65689 "-" "msnbot-UDiscovery/2.0b (+http://search.msn.com/msnbot.htm)"
72.14.199.216 - - [12/Jul/2011:13:03:57 +0200] "GET /rss HTTP/1.1" 200 65689 "-" "Feedfetcher-Google; (+http://www.google.com/feedfetcher.html; 6 subscribers; feed-id=9468211748000248502)"
188.143.233.9 - - [12/Jul/2011:13:07:42 +0200] "GET /++GET+http://www.revision-zero.org/+%5B0,24303,23951%5D+-%3E HTTP/1.0" 404 18 "http://www.revision-zero.org/++GET+http://www.revision-zero.org/+%5B0,24303,23951%5D+-%3E" "Mozilla/4.0 (compatible; MSIE 6.0; Windows NT 5.1; SV1; Media Center PC"
188.143.233.9 - - [12/Jul/2011:13:07:42 +0200] "GET / HTTP/1.0" 200 23577 "http://www.revision-zero.org/" "Mozilla/4.0 (compatible; MSIE 6.0; Windows NT 5.1; SV1; Media Center PC"
188.143.233.9 - - [12/Jul/2011:13:07:52 +0200] "POST / HTTP/1.0" 404 18 "http://www.revision-zero.org/" "Mozilla/4.0 (compatible; MSIE 6.0; Windows NT 5.1; SV1; Media Center PC"
188.143.233.9 - - [12/Jul/2011:13:07:53 +0200] "POST / HTTP/1.0" 404 18 "http://www.revision-zero.org/" "Mozilla/4.0 (compatible; MSIE 6.0; Windows NT 5.1; SV1; Media Center PC"
188.143.233.14 - - [12/Jul/2011:13:24:51 +0200] "GET /++GET+http://www.revision-zero.org/+%5B0,24303,23951%5D+-%3E HTTP/1.0" 404 18 "http://www.revision-zero.org/++GET+http://www.revision-zero.org/+%5B0,24303,23951%5D+-%3E" "Mozilla/4.0 (compatible; MSIE 6.0; Windows NT 5.0)"
188.143.233.14 - - [12/Jul/2011:13:24:51 +0200] "GET / HTTP/1.0" 200 23577 "http://www.revision-zero.org/" "Mozilla/4.0 (compatible; MSIE 6.0; Windows NT 5.0)"
188.143.233.14 - - [12/Jul/2011:13:25:02 +0200] "POST / HTTP/1.0" 404 18 "http://www.revision-zero.org/" "Mozilla/4.0 (compatible; MSIE 6.0; Windows NT 5.0)"
188.143.233.14 - - [12/Jul/2011:13:25:03 +0200] "POST / HTTP/1.0" 404 18 "http://www.revision-zero.org/" "Mozilla/4.0 (compatible; MSIE 6.0; Windows NT 5.0)"
72.14.199.245 - - [12/Jul/2011:13:30:10 +0200] "GET /rss HTTP/1.1" 200 65689 "-" "Feedfetcher-Google; (+http://www.google.com/feedfetcher.html; 4 subscribers; feed-id=16428131579388406361)"
72.14.199.216 - - [12/Jul/2011:14:01:47 +0200] "GET /rss HTTP/1.1" 200 65689 "-" "Feedfetcher-Google; (+http://www.google.com/feedfetcher.html; 6 subscribers; feed-id=9468211748000248502)"
67.195.115.124 - - [12/Jul/2011:14:20:43 +0200] "GET /images/bundler_and_lifecycle/bundler_and_lifecycle.pdf HTTP/1.0" 200 94307 "-" "Mozilla/5.0 (compatible; Yahoo! Slurp; http://help.yahoo.com/help/us/ysearch/slurp)"
72.14.199.245 - - [12/Jul/2011:14:27:10 +0200] "GET /rss HTTP/1.1" 200 65689 "-" "Feedfetcher-Google; (+http://www.google.com/feedfetcher.html; 4 subscribers; feed-id=16428131579388406361)"
46.183.162.48 - - [12/Jul/2011:14:43:06 +0200] "GET / HTTP/1.0" 200 23577 "http://www.revision-zero.org/" "Mozilla/4.0 (compatible; MSIE 7.0b; Windows NT 6.0)"
46.183.162.48 - - [12/Jul/2011:14:43:12 +0200] "POST / HTTP/1.0" 404 18 "http://www.revision-zero.org/" "Mozilla/4.0 (compatible; MSIE 7.0b; Windows NT 6.0)"
46.183.162.48 - - [12/Jul/2011:14:43:12 +0200] "POST / HTTP/1.0" 404 18 "http://www.revision-zero.org/" "Mozilla/4.0 (compatible; MSIE 7.0b; Windows NT 6.0)"
203.122.193.242 - - [12/Jul/2011:14:49:33 +0200] "GET /bundler_and_lifecycle HTTP/1.1" 200 2545 "http://www.google.com.au/search?sourceid=chrome&ie=UTF-8&q=bundler+cheatsheet" "Mozilla/5.0 (Macintosh; Intel Mac OS X 10_6_8) AppleWebKit/534.30 (KHTML, like Gecko) Chrome/12.0.742.112 Safari/534.30"
203.122.193.242 - - [12/Jul/2011:14:49:33 +0200] "GET /css/style.css HTTP/1.1" 200 7343 "http://www.revision-zero.org/bundler_and_lifecycle" "Mozilla/5.0 (Macintosh; Intel Mac OS X 10_6_8) AppleWebKit/534.30 (KHTML, like Gecko) Chrome/12.0.742.112 Safari/534.30"
203.122.193.242 - - [12/Jul/2011:14:49:34 +0200] "GET /js/revzero.js HTTP/1.1" 200 752 "http://www.revision-zero.org/bundler_and_lifecycle" "Mozilla/5.0 (Macintosh; Intel Mac OS X 10_6_8) AppleWebKit/534.30 (KHTML, like Gecko) Chrome/12.0.742.112 Safari/534.30"
203.122.193.242 - - [12/Jul/2011:14:49:34 +0200] "GET /images/mail.png HTTP/1.1" 200 1321 "http://www.revision-zero.org/bundler_and_lifecycle" "Mozilla/5.0 (Macintosh; Intel Mac OS X 10_6_8) AppleWebKit/534.30 (KHTML, like Gecko) Chrome/12.0.742.112 Safari/534.30"
203.122.193.242 - - [12/Jul/2011:14:49:34 +0200] "GET /images/twitter.png HTTP/1.1" 200 2072 "http://www.revision-zero.org/bundler_and_lifecycle" "Mozilla/5.0 (Macintosh; Intel Mac OS X 10_6_8) AppleWebKit/534.30 (KHTML, like Gecko) Chrome/12.0.742.112 Safari/534.30"
203.122.193.242 - - [12/Jul/2011:14:49:34 +0200] "GET /images/github.png HTTP/1.1" 200 1655 "http://www.revision-zero.org/bundler_and_lifecycle" "Mozilla/5.0 (Macintosh; Intel Mac OS X 10_6_8) AppleWebKit/534.30 (KHTML, like Gecko) Chrome/12.0.742.112 Safari/534.30"
203.122.193.242 - - [12/Jul/2011:14:49:34 +0200] "GET /images/rss.png HTTP/1.1" 200 2050 "http://www.revision-zero.org/bundler_and_lifecycle" "Mozilla/5.0 (Macintosh; Intel Mac OS X 10_6_8) AppleWebKit/534.30 (KHTML, like Gecko) Chrome/12.0.742.112 Safari/534.30"
203.122.193.242 - - [12/Jul/2011:14:49:34 +0200] "GET /js/jquery-1.4.1.min.js HTTP/1.1" 200 70843 "http://www.revision-zero.org/bundler_and_lifecycle" "Mozilla/5.0 (Macintosh; Intel Mac OS X 10_6_8) AppleWebKit/534.30 (KHTML, like Gecko) Chrome/12.0.742.112 Safari/534.30"
203.122.193.242 - - [12/Jul/2011:14:49:34 +0200] "GET /images/bundler_and_lifecycle/bundler_and_lifecycle.gif HTTP/1.1" 200 44064 "http://www.revision-zero.org/bundler_and_lifecycle" "Mozilla/5.0 (Macintosh; Intel Mac OS X 10_6_8) AppleWebKit/534.30 (KHTML, like Gecko) Chrome/12.0.742.112 Safari/534.30"
203.122.193.242 - - [12/Jul/2011:14:49:36 +0200] "GET /css/leftnav_bw.png HTTP/1.1" 200 6840 "http://www.revision-zero.org/bundler_and_lifecycle" "Mozilla/5.0 (Macintosh; Intel Mac OS X 10_6_8) AppleWebKit/534.30 (KHTML, like Gecko) Chrome/12.0.742.112 Safari/534.30"
203.122.193.242 - - [12/Jul/2011:14:49:36 +0200] "GET /css/rightnav_bw.png HTTP/1.1" 200 6803 "http://www.revision-zero.org/bundler_and_lifecycle" "Mozilla/5.0 (Macintosh; Intel Mac OS X 10_6_8) AppleWebKit/534.30 (KHTML, like Gecko) Chrome/12.0.742.112 Safari/534.30"
203.122.193.242 - - [12/Jul/2011:14:49:36 +0200] "GET /favicon.ico HTTP/1.1" 404 20 "-" "Mozilla/5.0 (Macintosh; Intel Mac OS X 10_6_8) AppleWebKit/534.30 (KHTML, like Gecko) Chrome/12.0.742.112 Safari/534.30"
194.44.170.105 - - [12/Jul/2011:14:51:17 +0200] "GET /web_duck_typing HTTP/1.1" 200 5771 "-" "Mozilla/4.0 (compatible; MSIE 7.0; Windows NT 6.1; WOW64; Trident/5.0; SLCC2; .NET CLR 2.0.50727; .NET CLR 3.5.30729; .NET CLR 3.0.30729; .NET4.0C)"
194.44.170.105 - - [12/Jul/2011:14:51:17 +0200] "GET /css/style.css HTTP/1.1" 200 7343 "http://www.revision-zero.org/web_duck_typing" "Mozilla/4.0 (compatible; MSIE 7.0; Windows NT 6.1; WOW64; Trident/5.0; SLCC2; .NET CLR 2.0.50727; .NET CLR 3.5.30729; .NET CLR 3.0.30729; .NET4.0C)"
194.44.170.105 - - [12/Jul/2011:14:51:18 +0200] "GET /js/revzero.js HTTP/1.1" 200 752 "http://www.revision-zero.org/web_duck_typing" "Mozilla/4.0 (compatible; MSIE 7.0; Windows NT 6.1; WOW64; Trident/5.0; SLCC2; .NET CLR 2.0.50727; .NET CLR 3.5.30729; .NET CLR 3.0.30729; .NET4.0C)"
194.44.170.105 - - [12/Jul/2011:14:51:18 +0200] "GET /js/jquery-1.4.1.min.js HTTP/1.1" 200 70843 "http://www.revision-zero.org/web_duck_typing" "Mozilla/4.0 (compatible; MSIE 7.0; Windows NT 6.1; WOW64; Trident/5.0; SLCC2; .NET CLR 2.0.50727; .NET CLR 3.5.30729; .NET CLR 3.0.30729; .NET4.0C)"
203.122.193.242 - - [12/Jul/2011:14:53:59 +0200] "GET /history-of-a-bug HTTP/1.1" 200 5413 "http://www.google.com.au/url?sa=t&source=web&cd=2&ved=0CCEQFjAB&url=http%3A%2F%2Fwww.revision-zero.org%2Fhistory-of-a-bug&rct=j&q=ruby%20bundler%20cheatsheet&ei=4kMcTqmuKIqOmQWxm7HqBw&usg=AFQjCNHAJVavaigpzHHN6oajyZPrVKOj6Q&sig2=ZGUFiSU6UJYyA28d2ysJXA&cad=rja" "Mozilla/5.0 (Macintosh; Intel Mac OS X 10_6_8) AppleWebKit/534.30 (KHTML, like Gecko) Chrome/12.0.742.112 Safari/534.30"
203.122.193.242 - - [12/Jul/2011:14:54:01 +0200] "GET /favicon.ico HTTP/1.1" 404 20 "-" "Mozilla/5.0 (Macintosh; Intel Mac OS X 10_6_8) AppleWebKit/534.30 (KHTML, like Gecko) Chrome/12.0.742.112 Safari/534.30"
72.14.199.216 - - [12/Jul/2011:14:57:17 +0200] "GET /rss HTTP/1.1" 200 65689 "-" "Feedfetcher-Google; (+http://www.google.com/feedfetcher.html; 6 subscribers; feed-id=9468211748000248502)"
109.230.221.183 - - [12/Jul/2011:15:14:43 +0200] "GET / HTTP/1.0" 200 23577 "http://www.revision-zero.org/" "Mozilla/4.0 (compatible; MSIE 6.0; Windows 98; Win 9x 4.90)"
109.230.221.183 - - [12/Jul/2011:15:14:44 +0200] "GET / HTTP/1.0" 200 23577 "http://revision-zero.org/" "Mozilla/4.0 (compatible; MSIE 6.0; Windows 98; Win 9x 4.90)"
109.230.221.183 - - [12/Jul/2011:15:14:44 +0200] "GET /index.php HTTP/1.0" 404 207 "http://www.revision-zero.org/index.php" "Mozilla/4.0 (compatible; MSIE 6.0; Windows 98; Win 9x 4.90)"
72.14.199.245 - - [12/Jul/2011:15:33:11 +0200] "GET /rss HTTP/1.1" 200 65689 "-" "Feedfetcher-Google; (+http://www.google.com/feedfetcher.html; 4 subscribers; feed-id=16428131579388406361)"
216.39.58.18 - - [12/Jul/2011:15:34:26 +0200] "GET /robots.txt HTTP/1.0" 200 88 "-" "Yahoo Pipes 2.0"
216.39.58.18 - - [12/Jul/2011:15:34:26 +0200] "GET /logical_data_independence_2 HTTP/1.1" 200 23577 "-" "Mozilla/5.0 (compatible; Yahoo Pipes 2.0; +http://developer.yahoo.com/yql/provider) Gecko/20090729 Firefox/3.5.2"
62.122.70.121 - - [12/Jul/2011:15:48:25 +0200] "GET /logical_data_independence/ HTTP/1.0" 404 18 "http://www.revision-zero.org/logical_data_independence/" "Mozilla/4.0 (compatible; MSIE 6.0; Windows NT 5.1)"
62.122.70.121 - - [12/Jul/2011:15:48:25 +0200] "GET / HTTP/1.0" 200 23577 "http://www.revision-zero.org/" "Mozilla/4.0 (compatible; MSIE 6.0; Windows NT 5.1)"
62.122.70.121 - - [12/Jul/2011:15:48:26 +0200] "POST / HTTP/1.0" 404 18 "http://www.revision-zero.org/" "Mozilla/4.0 (compatible; MSIE 6.0; Windows NT 5.1)"
62.122.70.121 - - [12/Jul/2011:15:48:26 +0200] "POST / HTTP/1.0" 404 18 "http://www.revision-zero.org/" "Mozilla/4.0 (compatible; MSIE 6.0; Windows NT 5.1)"
62.122.70.121 - - [12/Jul/2011:15:48:26 +0200] "GET / HTTP/1.0" 200 23577 "http://www.revision-zero.org/" "Mozilla/4.0 (compatible; MSIE 6.0; Windows NT 5.1)"
72.14.199.216 - - [12/Jul/2011:16:04:08 +0200] "GET /rss HTTP/1.1" 200 65689 "-" "Feedfetcher-Google; (+http://www.google.com/feedfetcher.html; 6 subscribers; feed-id=9468211748000248502)"
99.184.20.21 - - [12/Jul/2011:16:04:37 +0200] "GET / HTTP/1.1" 200 8181 "-" "Mozilla/5.0 (Windows NT 6.1; WOW64) AppleWebKit/534.30 (KHTML, like Gecko) Chrome/12.0.742.112 Safari/534.30"
99.184.20.21 - - [12/Jul/2011:16:04:38 +0200] "GET /css/style.css HTTP/1.1" 200 7343 "http://revision-zero.org/" "Mozilla/5.0 (Windows NT 6.1; WOW64) AppleWebKit/534.30 (KHTML, like Gecko) Chrome/12.0.742.112 Safari/534.30"
99.184.20.21 - - [12/Jul/2011:16:04:38 +0200] "GET /js/revzero.js HTTP/1.1" 200 752 "http://revision-zero.org/" "Mozilla/5.0 (Windows NT 6.1; WOW64) AppleWebKit/534.30 (KHTML, like Gecko) Chrome/12.0.742.112 Safari/534.30"
99.184.20.21 - - [12/Jul/2011:16:04:38 +0200] "GET /images/mail.png HTTP/1.1" 200 1321 "http://revision-zero.org/" "Mozilla/5.0 (Windows NT 6.1; WOW64) AppleWebKit/534.30 (KHTML, like Gecko) Chrome/12.0.742.112 Safari/534.30"
99.184.20.21 - - [12/Jul/2011:16:04:38 +0200] "GET /images/github.png HTTP/1.1" 200 1655 "http://revision-zero.org/" "Mozilla/5.0 (Windows NT 6.1; WOW64) AppleWebKit/534.30 (KHTML, like Gecko) Chrome/12.0.742.112 Safari/534.30"
99.184.20.21 - - [12/Jul/2011:16:04:38 +0200] "GET /images/twitter.png HTTP/1.1" 200 2072 "http://revision-zero.org/" "Mozilla/5.0 (Windows NT 6.1; WOW64) AppleWebKit/534.30 (KHTML, like Gecko) Chrome/12.0.742.112 Safari/534.30"
99.184.20.21 - - [12/Jul/2011:16:04:38 +0200] "GET /images/rss.png HTTP/1.1" 200 2050 "http://revision-zero.org/" "Mozilla/5.0 (Windows NT 6.1; WOW64) AppleWebKit/534.30 (KHTML, like Gecko) Chrome/12.0.742.112 Safari/534.30"
99.184.20.21 - - [12/Jul/2011:16:04:38 +0200] "GET /images/logical_data_independence/solution2.gif HTTP/1.1" 200 18844 "http://revision-zero.org/" "Mozilla/5.0 (Windows NT 6.1; WOW64) AppleWebKit/534.30 (KHTML, like Gecko) Chrome/12.0.742.112 Safari/534.30"
99.184.20.21 - - [12/Jul/2011:16:04:38 +0200] "GET /images/logical_data_independence/appointment_statechart.gif HTTP/1.1" 200 13186 "http://revision-zero.org/" "Mozilla/5.0 (Windows NT 6.1; WOW64) AppleWebKit/534.30 (KHTML, like Gecko) Chrome/12.0.742.112 Safari/534.30"
99.184.20.21 - - [12/Jul/2011:16:04:38 +0200] "GET /images/logical_data_independence/appointments_logical_change.gif HTTP/1.1" 200 17767 "http://revision-zero.org/" "Mozilla/5.0 (Windows NT 6.1; WOW64) AppleWebKit/534.30 (KHTML, like Gecko) Chrome/12.0.742.112 Safari/534.30"
99.184.20.21 - - [12/Jul/2011:16:04:38 +0200] "GET /images/logical_data_independence/hospital_appointments.gif HTTP/1.1" 200 23053 "http://revision-zero.org/" "Mozilla/5.0 (Windows NT 6.1; WOW64) AppleWebKit/534.30 (KHTML, like Gecko) Chrome/12.0.742.112 Safari/534.30"
99.184.20.21 - - [12/Jul/2011:16:04:38 +0200] "GET /images/logical_data_independence/solution1.gif HTTP/1.1" 200 29974 "http://revision-zero.org/" "Mozilla/5.0 (Windows NT 6.1; WOW64) AppleWebKit/534.30 (KHTML, like Gecko) Chrome/12.0.742.112 Safari/534.30"
99.184.20.21 - - [12/Jul/2011:16:04:38 +0200] "GET /js/jquery-1.4.1.min.js HTTP/1.1" 200 70843 "http://revision-zero.org/" "Mozilla/5.0 (Windows NT 6.1; WOW64) AppleWebKit/534.30 (KHTML, like Gecko) Chrome/12.0.742.112 Safari/534.30"
99.184.20.21 - - [12/Jul/2011:16:04:39 +0200] "GET /css/leftnav_bw.png HTTP/1.1" 200 6840 "http://revision-zero.org/" "Mozilla/5.0 (Windows NT 6.1; WOW64) AppleWebKit/534.30 (KHTML, like Gecko) Chrome/12.0.742.112 Safari/534.30"
99.184.20.21 - - [12/Jul/2011:16:04:39 +0200] "GET /css/rightnav_bw.png HTTP/1.1" 200 6803 "http://revision-zero.org/" "Mozilla/5.0 (Windows NT 6.1; WOW64) AppleWebKit/534.30 (KHTML, like Gecko) Chrome/12.0.742.112 Safari/534.30"
99.184.20.21 - - [12/Jul/2011:16:04:39 +0200] "GET /favicon.ico HTTP/1.1" 404 20 "-" "Mozilla/5.0 (Windows NT 6.1; WOW64) AppleWebKit/534.30 (KHTML, like Gecko) Chrome/12.0.742.112 Safari/534.30"
99.184.20.21 - - [12/Jul/2011:16:04:45 +0200] "GET /noe HTTP/1.1" 200 5189 "-" "Mozilla/5.0 (Windows NT 6.1; WOW64) AppleWebKit/534.30 (KHTML, like Gecko) Chrome/12.0.742.112 Safari/534.30"
99.184.20.21 - - [12/Jul/2011:16:04:45 +0200] "GET /images/noe/safe_override.png HTTP/1.1" 200 25637 "http://revision-zero.org/noe" "Mozilla/5.0 (Windows NT 6.1; WOW64) AppleWebKit/534.30 (KHTML, like Gecko) Chrome/12.0.742.112 Safari/534.30"
99.184.20.21 - - [12/Jul/2011:16:04:45 +0200] "GET /images/noe/dotnoe.gif HTTP/1.1" 200 22927 "http://revision-zero.org/noe" "Mozilla/5.0 (Windows NT 6.1; WOW64) AppleWebKit/534.30 (KHTML, like Gecko) Chrome/12.0.742.112 Safari/534.30"
99.184.20.21 - - [12/Jul/2011:16:04:45 +0200] "GET /images/noe/workflow.gif HTTP/1.1" 200 43090 "http://revision-zero.org/noe" "Mozilla/5.0 (Windows NT 6.1; WOW64) AppleWebKit/534.30 (KHTML, like Gecko) Chrome/12.0.742.112 Safari/534.30"
99.184.20.21 - - [12/Jul/2011:16:04:45 +0200] "GET /images/noe/wlang_is_great.gif HTTP/1.1" 200 36807 "http://revision-zero.org/noe" "Mozilla/5.0 (Windows NT 6.1; WOW64) AppleWebKit/534.30 (KHTML, like Gecko) Chrome/12.0.742.112 Safari/534.30"
99.184.20.21 - - [12/Jul/2011:16:04:46 +0200] "GET /favicon.ico HTTP/1.1" 404 20 "-" "Mozilla/5.0 (Windows NT 6.1; WOW64) AppleWebKit/534.30 (KHTML, like Gecko) Chrome/12.0.742.112 Safari/534.30"
72.14.199.245 - - [12/Jul/2011:16:36:31 +0200] "GET /rss HTTP/1.1" 200 65689 "-" "Feedfetcher-Google; (+http://www.google.com/feedfetcher.html; 4 subscribers; feed-id=16428131579388406361)"
207.46.13.54 - - [12/Jul/2011:16:38:19 +0200] "GET /robots.txt HTTP/1.1" 200 88 "-" "Mozilla/5.0 (compatible; bingbot/2.0; +http://www.bing.com/bingbot.htm)"
124.43.66.246 - - [12/Jul/2011:16:43:14 +0200] "GET /logical_data_independence HTTP/1.1" 200 6455 "http://www.google.lk/url?sa=t&source=web&cd=3&ved=0CCMQFjAC&url=http%3A%2F%2Fwww.revision-zero.org%2Flogical_data_independence&rct=j&q=physical%20data%20indepandence%20means&ei=TF0cTozUCsXZrQex6_H2Cg&usg=AFQjCNHsaPFwFv2X-TSF09Xj6L8MP4ly8A" "Mozilla/5.0 (Windows NT 6.1) AppleWebKit/534.30 (KHTML, like Gecko) Chrome/12.0.742.112 Safari/534.30"
207.46.13.54 - - [12/Jul/2011:16:45:29 +0200] "GET /kernel_dot_spawn HTTP/1.1" 200 3457 "-" "Mozilla/5.0 (compatible; bingbot/2.0; +http://www.bing.com/bingbot.htm)"
66.78.210.210 - - [12/Jul/2011:16:52:42 +0200] "GET /css/leftnav.png HTTP/1.1" 200 7082 "http://revision-zero.org/noe" "Mozilla/5.0 (Windows NT 6.1; WOW64) AppleWebKit/534.30 (KHTML, like Gecko) Chrome/12.0.742.112 Safari/534.30"
72.14.199.216 - - [12/Jul/2011:17:02:38 +0200] "GET /rss HTTP/1.1" 200 65689 "-" "Feedfetcher-Google; (+http://www.google.com/feedfetcher.html; 6 subscribers; feed-id=9468211748000248502)"
120.59.45.50 - - [12/Jul/2011:17:16:34 +0200] "GET /logical_data_independence HTTP/1.1" 200 6455 "http://www.google.co.in/" "Mozilla/4.0 (compatible; MSIE 8.0; Windows NT 6.1; Trident/4.0; SLCC2; .NET CLR 2.0.50727; .NET CLR 3.5.30729; .NET CLR 3.0.30729; Media Center PC 6.0; InfoPath.2)"
120.59.45.50 - - [12/Jul/2011:17:16:35 +0200] "GET /css/style.css HTTP/1.1" 200 7343 "http://www.revision-zero.org/logical_data_independence" "Mozilla/4.0 (compatible; MSIE 8.0; Windows NT 6.1; Trident/4.0; SLCC2; .NET CLR 2.0.50727; .NET CLR 3.5.30729; .NET CLR 3.0.30729; Media Center PC 6.0; InfoPath.2)"
120.59.45.50 - - [12/Jul/2011:17:16:35 +0200] "GET /js/revzero.js HTTP/1.1" 200 752 "http://www.revision-zero.org/logical_data_independence" "Mozilla/4.0 (compatible; MSIE 8.0; Windows NT 6.1; Trident/4.0; SLCC2; .NET CLR 2.0.50727; .NET CLR 3.5.30729; .NET CLR 3.0.30729; Media Center PC 6.0; InfoPath.2)"
120.59.45.50 - - [12/Jul/2011:17:16:35 +0200] "GET /js/jquery-1.4.1.min.js HTTP/1.1" 200 70843 "http://www.revision-zero.org/logical_data_independence" "Mozilla/4.0 (compatible; MSIE 8.0; Windows NT 6.1; Trident/4.0; SLCC2; .NET CLR 2.0.50727; .NET CLR 3.5.30729; .NET CLR 3.0.30729; Media Center PC 6.0; InfoPath.2)"
120.59.45.50 - - [12/Jul/2011:17:16:36 +0200] "GET /images/github.png HTTP/1.1" 200 1655 "http://www.revision-zero.org/logical_data_independence" "Mozilla/4.0 (compatible; MSIE 8.0; Windows NT 6.1; Trident/4.0; SLCC2; .NET CLR 2.0.50727; .NET CLR 3.5.30729; .NET CLR 3.0.30729; Media Center PC 6.0; InfoPath.2)"
120.59.45.50 - - [12/Jul/2011:17:16:36 +0200] "GET /images/mail.png HTTP/1.1" 200 1321 "http://www.revision-zero.org/logical_data_independence" "Mozilla/4.0 (compatible; MSIE 8.0; Windows NT 6.1; Trident/4.0; SLCC2; .NET CLR 2.0.50727; .NET CLR 3.5.30729; .NET CLR 3.0.30729; Media Center PC 6.0; InfoPath.2)"
120.59.45.50 - - [12/Jul/2011:17:16:36 +0200] "GET /images/twitter.png HTTP/1.1" 200 2072 "http://www.revision-zero.org/logical_data_independence" "Mozilla/4.0 (compatible; MSIE 8.0; Windows NT 6.1; Trident/4.0; SLCC2; .NET CLR 2.0.50727; .NET CLR 3.5.30729; .NET CLR 3.0.30729; Media Center PC 6.0; InfoPath.2)"
120.59.45.50 - - [12/Jul/2011:17:16:37 +0200] "GET /images/logical_data_independence/empdept.gif HTTP/1.1" 200 11816 "http://www.revision-zero.org/logical_data_independence" "Mozilla/4.0 (compatible; MSIE 8.0; Windows NT 6.1; Trident/4.0; SLCC2; .NET CLR 2.0.50727; .NET CLR 3.5.30729; .NET CLR 3.0.30729; Media Center PC 6.0; InfoPath.2)"
