193.35.11.117 - - [11/Jul/2011:15:30:43 +0200] "GET /images/twitter.png HTTP/1.1" 200 2072 "http://revision-zero.org/reuse" "Opera/9.80 (Windows NT 5.1; U; en) Presto/2.9.168 Version/11.50"
193.35.11.116 - - [11/Jul/2011:15:30:43 +0200] "GET /favicon.ico HTTP/1.1" 404 20 "http://revision-zero.org/reuse" "Opera/9.80 (Windows NT 5.1; U; en) Presto/2.9.168 Version/11.50"
193.35.11.116 - - [11/Jul/2011:15:30:43 +0200] "GET /css/rightnav_bw.png HTTP/1.1" 200 6803 "http://revision-zero.org/reuse" "Opera/9.80 (Windows NT 5.1; U; en) Presto/2.9.168 Version/11.50"
193.35.11.118 - - [11/Jul/2011:15:30:43 +0200] "GET /css/rightnav_bw.png HTTP/1.1" 200 6803 "http://revision-zero.org/reuse" "Opera/9.80 (Windows NT 5.1; U; en) Presto/2.9.168 Version/11.50"
193.35.11.115 - - [11/Jul/2011:15:30:43 +0200] "GET /css/leftnav_bw.png HTTP/1.1" 200 6840 "http://revision-zero.org/reuse" "Opera/9.80 (Windows NT 5.1; U; en) Presto/2.9.168 Version/11.50"
193.35.11.117 - - [11/Jul/2011:15:30:43 +0200] "GET /images/rss.png HTTP/1.1" 200 2050 "http://revision-zero.org/reuse" "Opera/9.80 (Windows NT 5.1; U; en) Presto/2.9.168 Version/11.50"
193.35.11.118 - - [11/Jul/2011:15:30:43 +0200] "GET /images/github.png HTTP/1.1" 200 1655 "http://revision-zero.org/reuse" "Opera/9.80 (Windows NT 5.1; U; en) Presto/2.9.168 Version/11.50"
157.56.4.68 - - [11/Jul/2011:15:39:07 +0200] "GET /rss HTTP/1.1" 200 65689 "-" "msnbot-UDiscovery/2.0b (+http://search.msn.com/msnbot.htm)"
93.97.40.124 - - [11/Jul/2011:15:39:28 +0200] "GET /reuse HTTP/1.1" 200 7684 "-" "Mozilla/5.0 (Macintosh; Intel Mac OS X 10_6_8) AppleWebKit/535.1 (KHTML, like Gecko) Chrome/13.0.782.41 Safari/535.1"
93.97.40.124 - - [11/Jul/2011:15:39:28 +0200] "GET /css/style.css HTTP/1.1" 200 7343 "http://revision-zero.org/reuse" "Mozilla/5.0 (Macintosh; Intel Mac OS X 10_6_8) AppleWebKit/535.1 (KHTML, like Gecko) Chrome/13.0.782.41 Safari/535.1"
93.97.40.124 - - [11/Jul/2011:15:39:28 +0200] "GET /js/revzero.js HTTP/1.1" 200 752 "http://revision-zero.org/reuse" "Mozilla/5.0 (Macintosh; Intel Mac OS X 10_6_8) AppleWebKit/535.1 (KHTML, like Gecko) Chrome/13.0.782.41 Safari/535.1"
93.97.40.124 - - [11/Jul/2011:15:39:28 +0200] "GET /images/mail.png HTTP/1.1" 200 1321 "http://revision-zero.org/reuse" "Mozilla/5.0 (Macintosh; Intel Mac OS X 10_6_8) AppleWebKit/535.1 (KHTML, like Gecko) Chrome/13.0.782.41 Safari/535.1"
93.97.40.124 - - [11/Jul/2011:15:39:28 +0200] "GET /images/twitter.png HTTP/1.1" 200 2072 "http://revision-zero.org/reuse" "Mozilla/5.0 (Macintosh; Intel Mac OS X 10_6_8) AppleWebKit/535.1 (KHTML, like Gecko) Chrome/13.0.782.41 Safari/535.1"
93.97.40.124 - - [11/Jul/2011:15:39:28 +0200] "GET /images/github.png HTTP/1.1" 200 1655 "http://revision-zero.org/reuse" "Mozilla/5.0 (Macintosh; Intel Mac OS X 10_6_8) AppleWebKit/535.1 (KHTML, like Gecko) Chrome/13.0.782.41 Safari/535.1"
93.97.40.124 - - [11/Jul/2011:15:39:28 +0200] "GET /images/rss.png HTTP/1.1" 200 2050 "http://revision-zero.org/reuse" "Mozilla/5.0 (Macintosh; Intel Mac OS X 10_6_8) AppleWebKit/535.1 (KHTML, like Gecko) Chrome/13.0.782.41 Safari/535.1"
93.97.40.124 - - [11/Jul/2011:15:39:28 +0200] "GET /js/jquery-1.4.1.min.js HTTP/1.1" 200 70843 "http://revision-zero.org/reuse" "Mozilla/5.0 (Macintosh; Intel Mac OS X 10_6_8) AppleWebKit/535.1 (KHTML, like Gecko) Chrome/13.0.782.41 Safari/535.1"
93.97.40.124 - - [11/Jul/2011:15:39:28 +0200] "GET /css/leftnav_bw.png HTTP/1.1" 200 6840 "http://revision-zero.org/reuse" "Mozilla/5.0 (Macintosh; Intel Mac OS X 10_6_8) AppleWebKit/535.1 (KHTML, like Gecko) Chrome/13.0.782.41 Safari/535.1"
93.97.40.124 - - [11/Jul/2011:15:39:28 +0200] "GET /css/rightnav_bw.png HTTP/1.1" 200 6803 "http://revision-zero.org/reuse" "Mozilla/5.0 (Macintosh; Intel Mac OS X 10_6_8) AppleWebKit/535.1 (KHTML, like Gecko) Chrome/13.0.782.41 Safari/535.1"
93.97.40.124 - - [11/Jul/2011:15:39:29 +0200] "GET /favicon.ico HTTP/1.1" 404 20 "-" "Mozilla/5.0 (Macintosh; Intel Mac OS X 10_6_8) AppleWebKit/535.1 (KHTML, like Gecko) Chrome/13.0.782.41 Safari/535.1"
93.97.40.124 - - [11/Jul/2011:15:40:02 +0200] "GET /css/rightnav.png HTTP/1.1" 200 7151 "http://revision-zero.org/reuse" "Mozilla/5.0 (Macintosh; Intel Mac OS X 10_6_8) AppleWebKit/535.1 (KHTML, like Gecko) Chrome/13.0.782.41 Safari/535.1"
93.97.40.124 - - [11/Jul/2011:15:40:02 +0200] "GET /logical_data_independence_2 HTTP/1.1" 200 8181 "http://revision-zero.org/reuse" "Mozilla/5.0 (Macintosh; Intel Mac OS X 10_6_8) AppleWebKit/535.1 (KHTML, like Gecko) Chrome/13.0.782.41 Safari/535.1"
93.97.40.124 - - [11/Jul/2011:15:40:02 +0200] "GET /images/logical_data_independence/hospital_appointments.gif HTTP/1.1" 200 23053 "http://revision-zero.org/logical_data_independence_2" "Mozilla/5.0 (Macintosh; Intel Mac OS X 10_6_8) AppleWebKit/535.1 (KHTML, like Gecko) Chrome/13.0.782.41 Safari/535.1"
93.97.40.124 - - [11/Jul/2011:15:40:02 +0200] "GET /images/logical_data_independence/appointment_statechart.gif HTTP/1.1" 200 13186 "http://revision-zero.org/logical_data_independence_2" "Mozilla/5.0 (Macintosh; Intel Mac OS X 10_6_8) AppleWebKit/535.1 (KHTML, like Gecko) Chrome/13.0.782.41 Safari/535.1"
93.97.40.124 - - [11/Jul/2011:15:40:02 +0200] "GET /images/logical_data_independence/appointments_logical_change.gif HTTP/1.1" 200 17767 "http://revision-zero.org/logical_data_independence_2" "Mozilla/5.0 (Macintosh; Intel Mac OS X 10_6_8) AppleWebKit/535.1 (KHTML, like Gecko) Chrome/13.0.782.41 Safari/535.1"
93.97.40.124 - - [11/Jul/2011:15:40:02 +0200] "GET /images/logical_data_independence/solution2.gif HTTP/1.1" 200 18844 "http://revision-zero.org/logical_data_independence_2" "Mozilla/5.0 (Macintosh; Intel Mac OS X 10_6_8) AppleWebKit/535.1 (KHTML, like Gecko) Chrome/13.0.782.41 Safari/535.1"
93.97.40.124 - - [11/Jul/2011:15:40:02 +0200] "GET /images/logical_data_independence/solution1.gif HTTP/1.1" 200 29974 "http://revision-zero.org/logical_data_independence_2" "Mozilla/5.0 (Macintosh; Intel Mac OS X 10_6_8) AppleWebKit/535.1 (KHTML, like Gecko) Chrome/13.0.782.41 Safari/535.1"
93.97.40.124 - - [11/Jul/2011:15:40:02 +0200] "GET /favicon.ico HTTP/1.1" 404 20 "-" "Mozilla/5.0 (Macintosh; Intel Mac OS X 10_6_8) AppleWebKit/535.1 (KHTML, like Gecko) Chrome/13.0.782.41 Safari/535.1"
72.14.199.216 - - [11/Jul/2011:15:48:07 +0200] "GET /rss HTTP/1.1" 200 65689 "-" "Feedfetcher-Google; (+http://www.google.com/feedfetcher.html; 6 subscribers; feed-id=9468211748000248502)"
72.14.199.245 - - [11/Jul/2011:16:20:11 +0200] "GET /rss HTTP/1.1" 200 65689 "-" "Feedfetcher-Google; (+http://www.google.com/feedfetcher.html; 4 subscribers; feed-id=16428131579388406361)"
123.125.71.106 - - [11/Jul/2011:16:26:52 +0200] "GET / HTTP/1.1" 200 15863 "-" "Mozilla/5.0 (compatible; Baiduspider/2.0; +http://www.baidu.com/search/spider.html)"
220.181.108.172 - - [11/Jul/2011:16:27:12 +0200] "GET / HTTP/1.1" 200 16000 "-" "Mozilla/5.0 (compatible; Baiduspider/2.0; +http://www.baidu.com/search/spider.html)"
72.14.199.216 - - [11/Jul/2011:16:53:58 +0200] "GET /rss HTTP/1.1" 200 65689 "-" "Feedfetcher-Google; (+http://www.google.com/feedfetcher.html; 6 subscribers; feed-id=9468211748000248502)"
72.14.199.245 - - [11/Jul/2011:17:12:41 +0200] "GET /rss HTTP/1.1" 200 65689 "-" "Feedfetcher-Google; (+http://www.google.com/feedfetcher.html; 4 subscribers; feed-id=16428131579388406361)"
216.39.58.78 - - [11/Jul/2011:17:22:30 +0200] "GET /robots.txt HTTP/1.1" 200 88 "-" "Yahoo Pipes 2.0"
216.39.58.78 - - [11/Jul/2011:17:22:30 +0200] "GET /logical_data_independence_2 HTTP/1.1" 200 23577 "-" "Mozilla/5.0 (compatible; Yahoo Pipes 2.0; +http://developer.yahoo.com/yql/provider) Gecko/20090729 Firefox/3.5.2"
95.108.128.242 - - [11/Jul/2011:17:45:27 +0200] "GET /robots.txt HTTP/1.1" 200 88 "-" "Mozilla/5.0 (compatible; YandexBot/3.0; +http://yandex.com/bots)"
95.108.128.242 - - [11/Jul/2011:17:45:30 +0200] "GET / HTTP/1.1" 200 8181 "-" "Mozilla/5.0 (compatible; YandexBot/3.0; +http://yandex.com/bots)"
72.14.199.216 - - [11/Jul/2011:17:49:28 +0200] "GET /rss HTTP/1.1" 200 65689 "-" "Feedfetcher-Google; (+http://www.google.com/feedfetcher.html; 6 subscribers; feed-id=9468211748000248502)"
82.235.183.164 - - [11/Jul/2011:18:04:51 +0200] "GET /reuse HTTP/1.1" 200 7684 "-" "Mozilla/5.0 (Linux; U; Android 2.3.3; fr-fr; Nexus One Build/GRI40) AppleWebKit/533.1 (KHTML, like Gecko) Version/4.0 Mobile Safari/533.1"
82.235.183.164 - - [11/Jul/2011:18:04:52 +0200] "GET /css/style.css HTTP/1.1" 200 7343 "http://revision-zero.org/reuse" "Mozilla/5.0 (Linux; U; Android 2.3.3; fr-fr; Nexus One Build/GRI40) AppleWebKit/533.1 (KHTML, like Gecko) Version/4.0 Mobile Safari/533.1"
82.235.183.164 - - [11/Jul/2011:18:04:52 +0200] "GET /images/twitter.png HTTP/1.1" 200 2072 "http://revision-zero.org/reuse" "Mozilla/5.0 (Linux; U; Android 2.3.3; fr-fr; Nexus One Build/GRI40) AppleWebKit/533.1 (KHTML, like Gecko) Version/4.0 Mobile Safari/533.1"
82.235.183.164 - - [11/Jul/2011:18:04:52 +0200] "GET /images/github.png HTTP/1.1" 200 1655 "http://revision-zero.org/reuse" "Mozilla/5.0 (Linux; U; Android 2.3.3; fr-fr; Nexus One Build/GRI40) AppleWebKit/533.1 (KHTML, like Gecko) Version/4.0 Mobile Safari/533.1"
82.235.183.164 - - [11/Jul/2011:18:04:52 +0200] "GET /images/rss.png HTTP/1.1" 200 2050 "http://revision-zero.org/reuse" "Mozilla/5.0 (Linux; U; Android 2.3.3; fr-fr; Nexus One Build/GRI40) AppleWebKit/533.1 (KHTML, like Gecko) Version/4.0 Mobile Safari/533.1"
82.235.183.164 - - [11/Jul/2011:18:04:52 +0200] "GET /js/revzero.js HTTP/1.1" 200 752 "http://revision-zero.org/reuse" "Mozilla/5.0 (Linux; U; Android 2.3.3; fr-fr; Nexus One Build/GRI40) AppleWebKit/533.1 (KHTML, like Gecko) Version/4.0 Mobile Safari/533.1"
82.235.183.164 - - [11/Jul/2011:18:04:52 +0200] "GET /images/mail.png HTTP/1.1" 200 1321 "http://revision-zero.org/reuse" "Mozilla/5.0 (Linux; U; Android 2.3.3; fr-fr; Nexus One Build/GRI40) AppleWebKit/533.1 (KHTML, like Gecko) Version/4.0 Mobile Safari/533.1"
82.235.183.164 - - [11/Jul/2011:18:04:52 +0200] "GET /js/jquery-1.4.1.min.js HTTP/1.1" 200 70843 "http://revision-zero.org/reuse" "Mozilla/5.0 (Linux; U; Android 2.3.3; fr-fr; Nexus One Build/GRI40) AppleWebKit/533.1 (KHTML, like Gecko) Version/4.0 Mobile Safari/533.1"
82.235.183.164 - - [11/Jul/2011:18:04:53 +0200] "GET /css/leftnav_bw.png HTTP/1.1" 200 6840 "http://revision-zero.org/reuse" "Mozilla/5.0 (Linux; U; Android 2.3.3; fr-fr; Nexus One Build/GRI40) AppleWebKit/533.1 (KHTML, like Gecko) Version/4.0 Mobile Safari/533.1"
82.235.183.164 - - [11/Jul/2011:18:04:53 +0200] "GET /css/rightnav_bw.png HTTP/1.1" 200 6803 "http://revision-zero.org/reuse" "Mozilla/5.0 (Linux; U; Android 2.3.3; fr-fr; Nexus One Build/GRI40) AppleWebKit/533.1 (KHTML, like Gecko) Version/4.0 Mobile Safari/533.1"
82.235.183.164 - - [11/Jul/2011:18:04:54 +0200] "GET /favicon.ico HTTP/1.1" 404 20 "http://revision-zero.org/reuse" "Mozilla/5.0 (Linux; U; Android 2.3.3; fr-fr; Nexus One Build/GRI40) AppleWebKit/533.1 (KHTML, like Gecko) Version/4.0 Mobile Safari/533.1"
123.231.41.201 - - [11/Jul/2011:18:09:45 +0200] "GET /logical_data_independence HTTP/1.1" 200 6455 "-" "Mozilla/5.0 (Windows NT 5.1) AppleWebKit/534.30 (KHTML, like Gecko) Chrome/12.0.742.112 Safari/534.30"
123.231.41.201 - - [11/Jul/2011:18:09:46 +0200] "GET /css/style.css HTTP/1.1" 200 7343 "http://www.revision-zero.org/logical_data_independence" "Mozilla/5.0 (Windows NT 5.1) AppleWebKit/534.30 (KHTML, like Gecko) Chrome/12.0.742.112 Safari/534.30"
123.231.41.201 - - [11/Jul/2011:18:09:47 +0200] "GET /js/revzero.js HTTP/1.1" 200 752 "http://www.revision-zero.org/logical_data_independence" "Mozilla/5.0 (Windows NT 5.1) AppleWebKit/534.30 (KHTML, like Gecko) Chrome/12.0.742.112 Safari/534.30"
123.231.41.201 - - [11/Jul/2011:18:09:47 +0200] "GET /images/github.png HTTP/1.1" 200 1655 "http://www.revision-zero.org/logical_data_independence" "Mozilla/5.0 (Windows NT 5.1) AppleWebKit/534.30 (KHTML, like Gecko) Chrome/12.0.742.112 Safari/534.30"
123.231.41.201 - - [11/Jul/2011:18:09:47 +0200] "GET /images/mail.png HTTP/1.1" 200 1321 "http://www.revision-zero.org/logical_data_independence" "Mozilla/5.0 (Windows NT 5.1) AppleWebKit/534.30 (KHTML, like Gecko) Chrome/12.0.742.112 Safari/534.30"
123.231.41.201 - - [11/Jul/2011:18:09:47 +0200] "GET /images/twitter.png HTTP/1.1" 200 2072 "http://www.revision-zero.org/logical_data_independence" "Mozilla/5.0 (Windows NT 5.1) AppleWebKit/534.30 (KHTML, like Gecko) Chrome/12.0.742.112 Safari/534.30"
123.231.41.201 - - [11/Jul/2011:18:09:48 +0200] "GET /images/rss.png HTTP/1.1" 200 2050 "http://www.revision-zero.org/logical_data_independence" "Mozilla/5.0 (Windows NT 5.1) AppleWebKit/534.30 (KHTML, like Gecko) Chrome/12.0.742.112 Safari/534.30"
123.231.41.201 - - [11/Jul/2011:18:09:48 +0200] "GET /images/logical_data_independence/empdept.gif HTTP/1.1" 200 11816 "http://www.revision-zero.org/logical_data_independence" "Mozilla/5.0 (Windows NT 5.1) AppleWebKit/534.30 (KHTML, like Gecko) Chrome/12.0.742.112 Safari/534.30"
123.231.41.201 - - [11/Jul/2011:18:09:48 +0200] "GET /images/logical_data_independence/database.gif HTTP/1.1" 200 17396 "http://www.revision-zero.org/logical_data_independence" "Mozilla/5.0 (Windows NT 5.1) AppleWebKit/534.30 (KHTML, like Gecko) Chrome/12.0.742.112 Safari/534.30"
123.231.41.201 - - [11/Jul/2011:18:09:48 +0200] "GET /images/logical_data_independence/modules.gif HTTP/1.1" 200 20779 "http://www.revision-zero.org/logical_data_independence" "Mozilla/5.0 (Windows NT 5.1) AppleWebKit/534.30 (KHTML, like Gecko) Chrome/12.0.742.112 Safari/534.30"
123.231.41.201 - - [11/Jul/2011:18:09:47 +0200] "GET /js/jquery-1.4.1.min.js HTTP/1.1" 200 70843 "http://www.revision-zero.org/logical_data_independence" "Mozilla/5.0 (Windows NT 5.1) AppleWebKit/534.30 (KHTML, like Gecko) Chrome/12.0.742.112 Safari/534.30"
123.231.41.201 - - [11/Jul/2011:18:09:53 +0200] "GET /css/leftnav_bw.png HTTP/1.1" 200 6840 "http://www.revision-zero.org/logical_data_independence" "Mozilla/5.0 (Windows NT 5.1) AppleWebKit/534.30 (KHTML, like Gecko) Chrome/12.0.742.112 Safari/534.30"
123.231.41.201 - - [11/Jul/2011:18:09:53 +0200] "GET /css/rightnav_bw.png HTTP/1.1" 200 6803 "http://www.revision-zero.org/logical_data_independence" "Mozilla/5.0 (Windows NT 5.1) AppleWebKit/534.30 (KHTML, like Gecko) Chrome/12.0.742.112 Safari/534.30"
123.231.41.201 - - [11/Jul/2011:18:09:56 +0200] "GET /favicon.ico HTTP/1.1" 404 20 "-" "Mozilla/5.0 (Windows NT 5.1) AppleWebKit/534.30 (KHTML, like Gecko) Chrome/12.0.742.112 Safari/534.30"
123.231.41.201 - - [11/Jul/2011:18:10:10 +0200] "GET /css/rightnav.png HTTP/1.1" 200 7151 "http://www.revision-zero.org/logical_data_independence" "Mozilla/5.0 (Windows NT 5.1) AppleWebKit/534.30 (KHTML, like Gecko) Chrome/12.0.742.112 Safari/534.30"
123.231.41.201 - - [11/Jul/2011:18:10:13 +0200] "GET /css/leftnav.png HTTP/1.1" 200 7082 "http://www.revision-zero.org/logical_data_independence" "Mozilla/5.0 (Windows NT 5.1) AppleWebKit/534.30 (KHTML, like Gecko) Chrome/12.0.742.112 Safari/534.30"
183.182.88.210 - - [11/Jul/2011:18:10:23 +0200] "GET /logical_data_independence HTTP/1.1" 200 6455 "http://www.google.co.in/url?sa=t&source=web&cd=4&ved=0CDQQFjAD&url=http%3A%2F%2Fwww.revision-zero.org%2Flogical_data_independence&rct=j&q=physical%20data%20independence%20example&ei=XCAbTpONBsnUrQf79rjPAQ&usg=AFQjCNHsaPFwFv2X-TSF09Xj6L8MP4ly8A&cad=rja" "Mozilla/5.0 (Windows; U; Windows NT 5.1; en-US; rv:1.9.2.18) Gecko/20110614 Firefox/3.6.18"
183.182.88.210 - - [11/Jul/2011:18:10:24 +0200] "GET /css/style.css HTTP/1.1" 200 7343 "http://www.revision-zero.org/logical_data_independence" "Mozilla/5.0 (Windows; U; Windows NT 5.1; en-US; rv:1.9.2.18) Gecko/20110614 Firefox/3.6.18"
183.182.88.210 - - [11/Jul/2011:18:10:24 +0200] "GET /images/mail.png HTTP/1.1" 200 1321 "http://www.revision-zero.org/logical_data_independence" "Mozilla/5.0 (Windows; U; Windows NT 5.1; en-US; rv:1.9.2.18) Gecko/20110614 Firefox/3.6.18"
183.182.88.210 - - [11/Jul/2011:18:10:24 +0200] "GET /images/twitter.png HTTP/1.1" 200 2072 "http://www.revision-zero.org/logical_data_independence" "Mozilla/5.0 (Windows; U; Windows NT 5.1; en-US; rv:1.9.2.18) Gecko/20110614 Firefox/3.6.18"
183.182.88.210 - - [11/Jul/2011:18:10:24 +0200] "GET /images/github.png HTTP/1.1" 200 1655 "http://www.revision-zero.org/logical_data_independence" "Mozilla/5.0 (Windows; U; Windows NT 5.1; en-US; rv:1.9.2.18) Gecko/20110614 Firefox/3.6.18"
183.182.88.210 - - [11/Jul/2011:18:10:24 +0200] "GET /images/rss.png HTTP/1.1" 200 2050 "http://www.revision-zero.org/logical_data_independence" "Mozilla/5.0 (Windows; U; Windows NT 5.1; en-US; rv:1.9.2.18) Gecko/20110614 Firefox/3.6.18"
183.182.88.210 - - [11/Jul/2011:18:10:24 +0200] "GET /images/logical_data_independence/empdept.gif HTTP/1.1" 200 11816 "http://www.revision-zero.org/logical_data_independence" "Mozilla/5.0 (Windows; U; Windows NT 5.1; en-US; rv:1.9.2.18) Gecko/20110614 Firefox/3.6.18"
183.182.88.210 - - [11/Jul/2011:18:10:24 +0200] "GET /images/logical_data_independence/modules.gif HTTP/1.1" 200 20779 "http://www.revision-zero.org/logical_data_independence" "Mozilla/5.0 (Windows; U; Windows NT 5.1; en-US; rv:1.9.2.18) Gecko/20110614 Firefox/3.6.18"
183.182.88.210 - - [11/Jul/2011:18:10:24 +0200] "GET /images/logical_data_independence/database.gif HTTP/1.1" 200 17396 "http://www.revision-zero.org/logical_data_independence" "Mozilla/5.0 (Windows; U; Windows NT 5.1; en-US; rv:1.9.2.18) Gecko/20110614 Firefox/3.6.18"
183.182.88.210 - - [11/Jul/2011:18:10:24 +0200] "GET /js/jquery-1.4.1.min.js HTTP/1.1" 200 70843 "http://www.revision-zero.org/logical_data_independence" "Mozilla/5.0 (Windows; U; Windows NT 5.1; en-US; rv:1.9.2.18) Gecko/20110614 Firefox/3.6.18"
183.182.88.210 - - [11/Jul/2011:18:10:27 +0200] "GET /js/revzero.js HTTP/1.1" 200 752 "http://www.revision-zero.org/logical_data_independence" "Mozilla/5.0 (Windows; U; Windows NT 5.1; en-US; rv:1.9.2.18) Gecko/20110614 Firefox/3.6.18"
183.182.88.210 - - [11/Jul/2011:18:10:27 +0200] "GET /css/rightnav_bw.png HTTP/1.1" 200 6803 "http://www.revision-zero.org/css/style.css" "Mozilla/5.0 (Windows; U; Windows NT 5.1; en-US; rv:1.9.2.18) Gecko/20110614 Firefox/3.6.18"
183.182.88.210 - - [11/Jul/2011:18:10:27 +0200] "GET /css/leftnav_bw.png HTTP/1.1" 200 6840 "http://www.revision-zero.org/css/style.css" "Mozilla/5.0 (Windows; U; Windows NT 5.1; en-US; rv:1.9.2.18) Gecko/20110614 Firefox/3.6.18"
183.182.88.210 - - [11/Jul/2011:18:10:27 +0200] "GET /favicon.ico HTTP/1.1" 404 20 "-" "Mozilla/5.0 (Windows; U; Windows NT 5.1; en-US; rv:1.9.2.18) Gecko/20110614 Firefox/3.6.18"
183.182.88.210 - - [11/Jul/2011:18:10:29 +0200] "GET /favicon.ico HTTP/1.1" 404 20 "-" "Mozilla/5.0 (Windows; U; Windows NT 5.1; en-US; rv:1.9.2.18) Gecko/20110614 Firefox/3.6.18"
130.89.12.176 - - [11/Jul/2011:18:14:01 +0200] "GET /reuse HTTP/1.1" 200 7684 "-" "Mozilla/5.0 (Macintosh; U; Intel Mac OS X 10_6_8; en-us) AppleWebKit/533.21.1 (KHTML, like Gecko) Version/5.0.5 Safari/533.21.1"
130.89.12.176 - - [11/Jul/2011:18:14:02 +0200] "GET /images/github.png HTTP/1.1" 200 1655 "http://revision-zero.org/reuse" "Mozilla/5.0 (Macintosh; U; Intel Mac OS X 10_6_8; en-us) AppleWebKit/533.21.1 (KHTML, like Gecko) Version/5.0.5 Safari/533.21.1"
130.89.12.176 - - [11/Jul/2011:18:14:02 +0200] "GET /images/mail.png HTTP/1.1" 200 1321 "http://revision-zero.org/reuse" "Mozilla/5.0 (Macintosh; U; Intel Mac OS X 10_6_8; en-us) AppleWebKit/533.21.1 (KHTML, like Gecko) Version/5.0.5 Safari/533.21.1"
130.89.12.176 - - [11/Jul/2011:18:14:02 +0200] "GET /js/revzero.js HTTP/1.1" 200 752 "http://revision-zero.org/reuse" "Mozilla/5.0 (Macintosh; U; Intel Mac OS X 10_6_8; en-us) AppleWebKit/533.21.1 (KHTML, like Gecko) Version/5.0.5 Safari/533.21.1"
130.89.12.176 - - [11/Jul/2011:18:14:02 +0200] "GET /images/twitter.png HTTP/1.1" 200 2072 "http://revision-zero.org/reuse" "Mozilla/5.0 (Macintosh; U; Intel Mac OS X 10_6_8; en-us) AppleWebKit/533.21.1 (KHTML, like Gecko) Version/5.0.5 Safari/533.21.1"
130.89.12.176 - - [11/Jul/2011:18:14:02 +0200] "GET /css/style.css HTTP/1.1" 200 7343 "http://revision-zero.org/reuse" "Mozilla/5.0 (Macintosh; U; Intel Mac OS X 10_6_8; en-us) AppleWebKit/533.21.1 (KHTML, like Gecko) Version/5.0.5 Safari/533.21.1"
130.89.12.176 - - [11/Jul/2011:18:14:02 +0200] "GET /images/rss.png HTTP/1.1" 200 2050 "http://revision-zero.org/reuse" "Mozilla/5.0 (Macintosh; U; Intel Mac OS X 10_6_8; en-us) AppleWebKit/533.21.1 (KHTML, like Gecko) Version/5.0.5 Safari/533.21.1"
130.89.12.176 - - [11/Jul/2011:18:14:02 +0200] "GET /js/jquery-1.4.1.min.js HTTP/1.1" 200 70843 "http://revision-zero.org/reuse" "Mozilla/5.0 (Macintosh; U; Intel Mac OS X 10_6_8; en-us) AppleWebKit/533.21.1 (KHTML, like Gecko) Version/5.0.5 Safari/533.21.1"
130.89.12.176 - - [11/Jul/2011:18:14:02 +0200] "GET /css/leftnav_bw.png HTTP/1.1" 200 6840 "http://revision-zero.org/reuse" "Mozilla/5.0 (Macintosh; U; Intel Mac OS X 10_6_8; en-us) AppleWebKit/533.21.1 (KHTML, like Gecko) Version/5.0.5 Safari/533.21.1"
130.89.12.176 - - [11/Jul/2011:18:14:02 +0200] "GET /css/rightnav_bw.png HTTP/1.1" 200 6803 "http://revision-zero.org/reuse" "Mozilla/5.0 (Macintosh; U; Intel Mac OS X 10_6_8; en-us) AppleWebKit/533.21.1 (KHTML, like Gecko) Version/5.0.5 Safari/533.21.1"
130.89.12.176 - - [11/Jul/2011:18:14:02 +0200] "GET /favicon.ico HTTP/1.1" 404 20 "http://revision-zero.org/reuse" "Mozilla/5.0 (Macintosh; U; Intel Mac OS X 10_6_8; en-us) AppleWebKit/533.21.1 (KHTML, like Gecko) Version/5.0.5 Safari/533.21.1"
72.14.199.245 - - [11/Jul/2011:18:15:01 +0200] "GET /rss HTTP/1.1" 200 65689 "-" "Feedfetcher-Google; (+http://www.google.com/feedfetcher.html; 4 subscribers; feed-id=16428131579388406361)"
123.125.71.114 - - [11/Jul/2011:18:30:04 +0200] "GET / HTTP/1.1" 200 15936 "-" "Mozilla/5.0 (compatible; Baiduspider/2.0; +http://www.baidu.com/search/spider.html)"
220.181.108.170 - - [11/Jul/2011:18:30:19 +0200] "GET / HTTP/1.1" 200 16000 "-" "Mozilla/5.0 (compatible; Baiduspider/2.0; +http://www.baidu.com/search/spider.html)"
208.115.111.73 - - [11/Jul/2011:18:32:32 +0200] "GET /robots.txt HTTP/1.1" 200 88 "-" "Mozilla/5.0 (compatible; Ezooms/1.0; ezooms.bot@gmail.com)"
157.56.4.68 - - [11/Jul/2011:18:39:09 +0200] "GET /robots.txt HTTP/1.1" 200 101 "-" "msnbot-UDiscovery/2.0b (+http://search.msn.com/msnbot.htm)"
157.56.4.68 - - [11/Jul/2011:18:39:09 +0200] "GET /rss HTTP/1.1" 200 65689 "-" "msnbot-UDiscovery/2.0b (+http://search.msn.com/msnbot.htm)"
72.14.199.216 - - [11/Jul/2011:18:42:28 +0200] "GET /rss HTTP/1.1" 200 65689 "-" "Feedfetcher-Google; (+http://www.google.com/feedfetcher.html; 6 subscribers; feed-id=9468211748000248502)"
109.230.220.82 - - [11/Jul/2011:18:49:08 +0200] "GET /topics0 HTTP/1.0" 200 12353 "http://www.revision-zero.org/topics0" "Mozilla/4.0 (compatible; MSIE 6.0; Windows NT 5.1; SV1; FunWebProducts)"
109.230.220.82 - - [11/Jul/2011:18:49:17 +0200] "POST /topics0 HTTP/1.0" 404 18 "http://www.revision-zero.org/topics0" "Mozilla/4.0 (compatible; MSIE 6.0; Windows NT 5.1; SV1; FunWebProducts)"
109.230.220.82 - - [11/Jul/2011:18:49:25 +0200] "POST /http://www.revision-zero.org/topics0 HTTP/1.0" 404 18 "http://www.revision-zero.org/topics0" "Mozilla/4.0 (compatible; MSIE 6.0; Windows NT 5.1; SV1; FunWebProducts)"
109.230.220.82 - - [11/Jul/2011:18:49:29 +0200] "GET /topics0 HTTP/1.0" 200 12353 "http://www.revision-zero.org/topics0" "Mozilla/4.0 (compatible; MSIE 6.0; Windows NT 5.1; SV1; FunWebProducts)"
72.14.199.245 - - [11/Jul/2011:19:20:11 +0200] "GET /rss HTTP/1.1" 200 65689 "-" "Feedfetcher-Google; (+http://www.google.com/feedfetcher.html; 4 subscribers; feed-id=16428131579388406361)"
188.60.96.182 - - [11/Jul/2011:19:32:16 +0200] "GET /reuse HTTP/1.1" 200 7684 "-" "Mozilla/5.0 (Macintosh; Intel Mac OS X 10.6; rv:5.0) Gecko/20100101 Firefox/5.0"
72.14.199.216 - - [11/Jul/2011:19:36:08 +0200] "GET /rss HTTP/1.1" 200 65689 "-" "Feedfetcher-Google; (+http://www.google.com/feedfetcher.html; 6 subscribers; feed-id=9468211748000248502)"
220.181.108.185 - - [11/Jul/2011:19:42:30 +0200] "GET /new_look HTTP/1.1" 200 3067 "-" "Mozilla/5.0 (compatible; Baiduspider/2.0; +http://www.baidu.com/search/spider.html)"
188.143.232.160 - - [11/Jul/2011:19:44:55 +0200] "GET /++GET+http://www.revision-zero.org/+%5B0,24303,23951%5D+-%3E HTTP/1.0" 404 18 "http://www.revision-zero.org/++GET+http://www.revision-zero.org/+%5B0,24303,23951%5D+-%3E" "Mozilla/4.0 (compatible; MSIE 6.0; Windows NT 5.2; WOW64; SV1; .NET CLR 2.0.50727)"
188.143.232.160 - - [11/Jul/2011:19:44:55 +0200] "GET / HTTP/1.0" 200 23577 "http://www.revision-zero.org/" "Mozilla/4.0 (compatible; MSIE 6.0; Windows NT 5.2; WOW64; SV1; .NET CLR 2.0.50727)"
188.143.232.160 - - [11/Jul/2011:19:45:02 +0200] "POST / HTTP/1.0" 404 18 "http://www.revision-zero.org/" "Mozilla/4.0 (compatible; MSIE 6.0; Windows NT 5.2; WOW64; SV1; .NET CLR 2.0.50727)"
188.143.232.160 - - [11/Jul/2011:19:45:03 +0200] "POST / HTTP/1.0" 404 18 "http://www.revision-zero.org/" "Mozilla/4.0 (compatible; MSIE 6.0; Windows NT 5.2; WOW64; SV1; .NET CLR 2.0.50727)"
216.39.58.78 - - [11/Jul/2011:19:54:28 +0200] "GET /robots.txt HTTP/1.1" 200 88 "-" "Yahoo Pipes 2.0"
216.39.58.17 - - [11/Jul/2011:19:54:28 +0200] "GET /logical_data_independence_2 HTTP/1.0" 200 23577 "-" "Mozilla/5.0 (compatible; Yahoo Pipes 2.0; +http://developer.yahoo.com/yql/provider) Gecko/20090729 Firefox/3.5.2"
208.115.111.73 - - [11/Jul/2011:19:55:41 +0200] "GET /release_time HTTP/1.1" 200 11718 "-" "Mozilla/5.0 (compatible; Ezooms/1.0; ezooms.bot@gmail.com)"
72.14.199.245 - - [11/Jul/2011:20:18:51 +0200] "GET /rss HTTP/1.1" 200 65689 "-" "Feedfetcher-Google; (+http://www.google.com/feedfetcher.html; 4 subscribers; feed-id=16428131579388406361)"
72.14.199.216 - - [11/Jul/2011:20:32:38 +0200] "GET /rss HTTP/1.1" 200 65689 "-" "Feedfetcher-Google; (+http://www.google.com/feedfetcher.html; 6 subscribers; feed-id=9468211748000248502)"
203.110.246.230 - - [11/Jul/2011:20:34:32 +0200] "GET /reuse HTTP/1.1" 200 22634 "http://rubydoc.info/github/blambeau/summaryse/master/file/README.md" "Mozilla/5.0 (X11; Linux x86_64) AppleWebKit/534.30 (KHTML, like Gecko) Chrome/12.0.742.112 Safari/534.30"
203.110.246.230 - - [11/Jul/2011:20:34:34 +0200] "GET /css/style.css HTTP/1.1" 200 7343 "http://revision-zero.org/reuse" "Mozilla/5.0 (X11; Linux x86_64) AppleWebKit/534.30 (KHTML, like Gecko) Chrome/12.0.742.112 Safari/534.30"
203.110.246.230 - - [11/Jul/2011:20:34:34 +0200] "GET /images/mail.png HTTP/1.1" 200 1321 "http://revision-zero.org/reuse" "Mozilla/5.0 (X11; Linux x86_64) AppleWebKit/534.30 (KHTML, like Gecko) Chrome/12.0.742.112 Safari/534.30"
203.110.246.230 - - [11/Jul/2011:20:34:34 +0200] "GET /images/twitter.png HTTP/1.1" 200 2072 "http://revision-zero.org/reuse" "Mozilla/5.0 (X11; Linux x86_64) AppleWebKit/534.30 (KHTML, like Gecko) Chrome/12.0.742.112 Safari/534.30"
203.110.246.230 - - [11/Jul/2011:20:34:34 +0200] "GET /js/revzero.js HTTP/1.1" 200 752 "http://revision-zero.org/reuse" "Mozilla/5.0 (X11; Linux x86_64) AppleWebKit/534.30 (KHTML, like Gecko) Chrome/12.0.742.112 Safari/534.30"
203.110.246.230 - - [11/Jul/2011:20:34:35 +0200] "GET /images/github.png HTTP/1.1" 200 1655 "http://revision-zero.org/reuse" "Mozilla/5.0 (X11; Linux x86_64) AppleWebKit/534.30 (KHTML, like Gecko) Chrome/12.0.742.112 Safari/534.30"
203.110.246.230 - - [11/Jul/2011:20:34:34 +0200] "GET /js/jquery-1.4.1.min.js HTTP/1.1" 200 70843 "http://revision-zero.org/reuse" "Mozilla/5.0 (X11; Linux x86_64) AppleWebKit/534.30 (KHTML, like Gecko) Chrome/12.0.742.112 Safari/534.30"
203.110.246.230 - - [11/Jul/2011:20:34:35 +0200] "GET /images/rss.png HTTP/1.1" 200 2050 "http://revision-zero.org/reuse" "Mozilla/5.0 (X11; Linux x86_64) AppleWebKit/534.30 (KHTML, like Gecko) Chrome/12.0.742.112 Safari/534.30"
203.110.246.230 - - [11/Jul/2011:20:34:36 +0200] "GET /css/rightnav_bw.png HTTP/1.1" 200 6803 "http://revision-zero.org/reuse" "Mozilla/5.0 (X11; Linux x86_64) AppleWebKit/534.30 (KHTML, like Gecko) Chrome/12.0.742.112 Safari/534.30"
203.110.246.230 - - [11/Jul/2011:20:34:36 +0200] "GET /css/leftnav_bw.png HTTP/1.1" 200 6840 "http://revision-zero.org/reuse" "Mozilla/5.0 (X11; Linux x86_64) AppleWebKit/534.30 (KHTML, like Gecko) Chrome/12.0.742.112 Safari/534.30"
203.110.246.230 - - [11/Jul/2011:20:34:37 +0200] "GET /favicon.ico HTTP/1.1" 404 - "-" "Mozilla/5.0 (X11; Linux x86_64) AppleWebKit/534.30 (KHTML, like Gecko) Chrome/12.0.742.112 Safari/534.30"
203.110.246.230 - - [11/Jul/2011:20:36:14 +0200] "GET /favicon.ico HTTP/1.1" 404 - "-" "Mozilla/5.0 (X11; Linux x86_64) AppleWebKit/534.30 (KHTML, like Gecko) Chrome/12.0.742.112 Safari/534.30"
150.70.172.105 - - [11/Jul/2011:20:48:56 +0200] "GET /js/revzero.js HTTP/1.0" 200 752 "-" "Mozilla/4.0 (compatible; MSIE 6.0; Windows NT 5.1)"
150.70.172.105 - - [11/Jul/2011:20:48:56 +0200] "GET /js/jquery-1.4.1.min.js HTTP/1.0" 200 70843 "-" "Mozilla/4.0 (compatible; MSIE 6.0; Windows NT 5.1)"
150.70.172.105 - - [11/Jul/2011:20:49:05 +0200] "GET /reuse HTTP/1.0" 200 22634 "-" "Mozilla/4.0 (compatible; MSIE 6.0; Windows NT 5.1)"
150.70.172.105 - - [11/Jul/2011:20:49:35 +0200] "GET /favicon.ico HTTP/1.0" 404 - "-" "Mozilla/4.0 (compatible; MSIE 6.0; Windows NT 5.1)"
72.14.199.245 - - [11/Jul/2011:21:11:12 +0200] "GET /rss HTTP/1.1" 200 65689 "-" "Feedfetcher-Google; (+http://www.google.com/feedfetcher.html; 4 subscribers; feed-id=16428131579388406361)"
173.227.61.3 - - [11/Jul/2011:21:12:13 +0200] "GET /css/leftnav.png HTTP/1.1" 200 7082 "http://revision-zero.org/css/style.css" "Mozilla/5.0 (Macintosh; Intel Mac OS X 10.6; rv:5.0) Gecko/20100101 Firefox/5.0"
174.89.251.222 - - [11/Jul/2011:21:14:13 +0200] "GET / HTTP/1.1" 200 8181 "-" "Mozilla/5.0 (Macintosh; Intel Mac OS X 10_6_8) AppleWebKit/534.30 (KHTML, like Gecko) Chrome/12.0.742.112 Safari/534.30"
174.89.251.222 - - [11/Jul/2011:21:14:14 +0200] "GET /css/style.css HTTP/1.1" 200 7343 "http://revision-zero.org/" "Mozilla/5.0 (Macintosh; Intel Mac OS X 10_6_8) AppleWebKit/534.30 (KHTML, like Gecko) Chrome/12.0.742.112 Safari/534.30"
174.89.251.222 - - [11/Jul/2011:21:14:14 +0200] "GET /js/revzero.js HTTP/1.1" 200 752 "http://revision-zero.org/" "Mozilla/5.0 (Macintosh; Intel Mac OS X 10_6_8) AppleWebKit/534.30 (KHTML, like Gecko) Chrome/12.0.742.112 Safari/534.30"
174.89.251.222 - - [11/Jul/2011:21:14:14 +0200] "GET /images/mail.png HTTP/1.1" 200 1321 "http://revision-zero.org/" "Mozilla/5.0 (Macintosh; Intel Mac OS X 10_6_8) AppleWebKit/534.30 (KHTML, like Gecko) Chrome/12.0.742.112 Safari/534.30"
174.89.251.222 - - [11/Jul/2011:21:14:14 +0200] "GET /images/twitter.png HTTP/1.1" 200 2072 "http://revision-zero.org/" "Mozilla/5.0 (Macintosh; Intel Mac OS X 10_6_8) AppleWebKit/534.30 (KHTML, like Gecko) Chrome/12.0.742.112 Safari/534.30"
174.89.251.222 - - [11/Jul/2011:21:14:14 +0200] "GET /images/github.png HTTP/1.1" 200 1655 "http://revision-zero.org/" "Mozilla/5.0 (Macintosh; Intel Mac OS X 10_6_8) AppleWebKit/534.30 (KHTML, like Gecko) Chrome/12.0.742.112 Safari/534.30"
174.89.251.222 - - [11/Jul/2011:21:14:14 +0200] "GET /images/rss.png HTTP/1.1" 200 2050 "http://revision-zero.org/" "Mozilla/5.0 (Macintosh; Intel Mac OS X 10_6_8) AppleWebKit/534.30 (KHTML, like Gecko) Chrome/12.0.742.112 Safari/534.30"
174.89.251.222 - - [11/Jul/2011:21:14:14 +0200] "GET /images/logical_data_independence/hospital_appointments.gif HTTP/1.1" 200 23053 "http://revision-zero.org/" "Mozilla/5.0 (Macintosh; Intel Mac OS X 10_6_8) AppleWebKit/534.30 (KHTML, like Gecko) Chrome/12.0.742.112 Safari/534.30"
174.89.251.222 - - [11/Jul/2011:21:14:14 +0200] "GET /images/logical_data_independence/appointments_logical_change.gif HTTP/1.1" 200 17767 "http://revision-zero.org/" "Mozilla/5.0 (Macintosh; Intel Mac OS X 10_6_8) AppleWebKit/534.30 (KHTML, like Gecko) Chrome/12.0.742.112 Safari/534.30"
174.89.251.222 - - [11/Jul/2011:21:14:14 +0200] "GET /images/logical_data_independence/appointment_statechart.gif HTTP/1.1" 200 13186 "http://revision-zero.org/" "Mozilla/5.0 (Macintosh; Intel Mac OS X 10_6_8) AppleWebKit/534.30 (KHTML, like Gecko) Chrome/12.0.742.112 Safari/534.30"
174.89.251.222 - - [11/Jul/2011:21:14:14 +0200] "GET /images/logical_data_independence/solution1.gif HTTP/1.1" 200 29974 "http://revision-zero.org/" "Mozilla/5.0 (Macintosh; Intel Mac OS X 10_6_8) AppleWebKit/534.30 (KHTML, like Gecko) Chrome/12.0.742.112 Safari/534.30"
174.89.251.222 - - [11/Jul/2011:21:14:14 +0200] "GET /js/jquery-1.4.1.min.js HTTP/1.1" 200 70843 "http://revision-zero.org/" "Mozilla/5.0 (Macintosh; Intel Mac OS X 10_6_8) AppleWebKit/534.30 (KHTML, like Gecko) Chrome/12.0.742.112 Safari/534.30"
174.89.251.222 - - [11/Jul/2011:21:14:15 +0200] "GET /css/leftnav_bw.png HTTP/1.1" 200 6840 "http://revision-zero.org/" "Mozilla/5.0 (Macintosh; Intel Mac OS X 10_6_8) AppleWebKit/534.30 (KHTML, like Gecko) Chrome/12.0.742.112 Safari/534.30"
174.89.251.222 - - [11/Jul/2011:21:14:15 +0200] "GET /css/rightnav_bw.png HTTP/1.1" 200 6803 "http://revision-zero.org/" "Mozilla/5.0 (Macintosh; Intel Mac OS X 10_6_8) AppleWebKit/534.30 (KHTML, like Gecko) Chrome/12.0.742.112 Safari/534.30"
174.89.251.222 - - [11/Jul/2011:21:14:15 +0200] "GET /images/logical_data_independence/solution2.gif HTTP/1.1" 200 18844 "http://revision-zero.org/" "Mozilla/5.0 (Macintosh; Intel Mac OS X 10_6_8) AppleWebKit/534.30 (KHTML, like Gecko) Chrome/12.0.742.112 Safari/534.30"
174.89.251.222 - - [11/Jul/2011:21:14:15 +0200] "GET /favicon.ico HTTP/1.1" 404 20 "-" "Mozilla/5.0 (Macintosh; Intel Mac OS X 10_6_8) AppleWebKit/534.30 (KHTML, like Gecko) Chrome/12.0.742.112 Safari/534.30"
174.89.251.222 - - [11/Jul/2011:21:14:17 +0200] "GET /css/rightnav.png HTTP/1.1" 200 7151 "http://revision-zero.org/" "Mozilla/5.0 (Macintosh; Intel Mac OS X 10_6_8) AppleWebKit/534.30 (KHTML, like Gecko) Chrome/12.0.742.112 Safari/534.30"
174.89.251.222 - - [11/Jul/2011:21:14:18 +0200] "GET /history-of-a-bug HTTP/1.1" 200 5413 "http://revision-zero.org/" "Mozilla/5.0 (Macintosh; Intel Mac OS X 10_6_8) AppleWebKit/534.30 (KHTML, like Gecko) Chrome/12.0.742.112 Safari/534.30"
174.89.251.222 - - [11/Jul/2011:21:14:18 +0200] "GET /favicon.ico HTTP/1.1" 404 20 "-" "Mozilla/5.0 (Macintosh; Intel Mac OS X 10_6_8) AppleWebKit/534.30 (KHTML, like Gecko) Chrome/12.0.742.112 Safari/534.30"
174.89.251.222 - - [11/Jul/2011:21:14:19 +0200] "GET /css/leftnav.png HTTP/1.1" 200 7082 "http://revision-zero.org/history-of-a-bug" "Mozilla/5.0 (Macintosh; Intel Mac OS X 10_6_8) AppleWebKit/534.30 (KHTML, like Gecko) Chrome/12.0.742.112 Safari/534.30"
174.89.251.222 - - [11/Jul/2011:21:14:19 +0200] "GET /logical_data_independence_2 HTTP/1.1" 200 8181 "http://revision-zero.org/history-of-a-bug" "Mozilla/5.0 (Macintosh; Intel Mac OS X 10_6_8) AppleWebKit/534.30 (KHTML, like Gecko) Chrome/12.0.742.112 Safari/534.30"
174.89.251.222 - - [11/Jul/2011:21:14:20 +0200] "GET /favicon.ico HTTP/1.1" 404 20 "-" "Mozilla/5.0 (Macintosh; Intel Mac OS X 10_6_8) AppleWebKit/534.30 (KHTML, like Gecko) Chrome/12.0.742.112 Safari/534.30"
174.89.251.222 - - [11/Jul/2011:21:14:23 +0200] "GET /history-of-a-bug HTTP/1.1" 200 5413 "http://revision-zero.org/logical_data_independence_2" "Mozilla/5.0 (Macintosh; Intel Mac OS X 10_6_8) AppleWebKit/534.30 (KHTML, like Gecko) Chrome/12.0.742.112 Safari/534.30"
174.89.251.222 - - [11/Jul/2011:21:14:23 +0200] "GET /favicon.ico HTTP/1.1" 404 20 "-" "Mozilla/5.0 (Macintosh; Intel Mac OS X 10_6_8) AppleWebKit/534.30 (KHTML, like Gecko) Chrome/12.0.742.112 Safari/534.30"
174.89.251.222 - - [11/Jul/2011:21:14:24 +0200] "GET /sql-poll HTTP/1.1" 200 2428 "http://revision-zero.org/history-of-a-bug" "Mozilla/5.0 (Macintosh; Intel Mac OS X 10_6_8) AppleWebKit/534.30 (KHTML, like Gecko) Chrome/12.0.742.112 Safari/534.30"
174.89.251.222 - - [11/Jul/2011:21:14:24 +0200] "GET /images/sql-poll/model.gif HTTP/1.1" 200 11466 "http://revision-zero.org/sql-poll" "Mozilla/5.0 (Macintosh; Intel Mac OS X 10_6_8) AppleWebKit/534.30 (KHTML, like Gecko) Chrome/12.0.742.112 Safari/534.30"
174.89.251.222 - - [11/Jul/2011:21:14:25 +0200] "GET /favicon.ico HTTP/1.1" 404 20 "-" "Mozilla/5.0 (Macintosh; Intel Mac OS X 10_6_8) AppleWebKit/534.30 (KHTML, like Gecko) Chrome/12.0.742.112 Safari/534.30"
174.89.251.222 - - [11/Jul/2011:21:14:26 +0200] "GET /history-of-a-bug HTTP/1.1" 200 5413 "http://revision-zero.org/sql-poll" "Mozilla/5.0 (Macintosh; Intel Mac OS X 10_6_8) AppleWebKit/534.30 (KHTML, like Gecko) Chrome/12.0.742.112 Safari/534.30"
174.89.251.222 - - [11/Jul/2011:21:14:26 +0200] "GET /favicon.ico HTTP/1.1" 404 20 "-" "Mozilla/5.0 (Macintosh; Intel Mac OS X 10_6_8) AppleWebKit/534.30 (KHTML, like Gecko) Chrome/12.0.742.112 Safari/534.30"
174.89.251.222 - - [11/Jul/2011:21:14:57 +0200] "GET /logical_data_independence_2 HTTP/1.1" 200 8181 "http://revision-zero.org/history-of-a-bug" "Mozilla/5.0 (Macintosh; Intel Mac OS X 10_6_8) AppleWebKit/534.30 (KHTML, like Gecko) Chrome/12.0.742.112 Safari/534.30"
174.89.251.222 - - [11/Jul/2011:21:14:57 +0200] "GET /favicon.ico HTTP/1.1" 404 20 "-" "Mozilla/5.0 (Macintosh; Intel Mac OS X 10_6_8) AppleWebKit/534.30 (KHTML, like Gecko) Chrome/12.0.742.112 Safari/534.30"
62.231.141.193 - - [11/Jul/2011:21:19:47 +0200] "GET /robots.txt HTTP/1.0" 200 88 "-" "Mozilla/5.0 (compatible; MJ12bot/v1.4.0; http://www.majestic12.co.uk/bot.php?+)"
62.231.141.193 - - [11/Jul/2011:21:19:52 +0200] "GET / HTTP/1.0" 200 8181 "-" "Mozilla/5.0 (compatible; MJ12bot/v1.4.0; http://www.majestic12.co.uk/bot.php?+)"
62.231.141.193 - - [11/Jul/2011:21:19:53 +0200] "GET /robots.txt HTTP/1.0" 200 88 "-" "Mozilla/5.0 (compatible; MJ12bot/v1.4.0; http://www.majestic12.co.uk/bot.php?+)"
62.231.141.193 - - [11/Jul/2011:21:19:55 +0200] "GET / HTTP/1.0" 200 8181 "-" "Mozilla/5.0 (compatible; MJ12bot/v1.4.0; http://www.majestic12.co.uk/bot.php?+)"
72.14.199.216 - - [11/Jul/2011:21:27:58 +0200] "GET /rss HTTP/1.1" 200 65689 "-" "Feedfetcher-Google; (+http://www.google.com/feedfetcher.html; 6 subscribers; feed-id=9468211748000248502)"
12.2.200.10 - - [11/Jul/2011:21:37:37 +0200] "GET / HTTP/1.0" 200 8181 "-" "Mozilla/5.0 (Windows NT 6.1; WOW64) AppleWebKit/534.30 (KHTML, like Gecko) Chrome/12.0.742.112 Safari/534.30"
12.2.200.10 - - [11/Jul/2011:21:37:38 +0200] "GET /images/github.png HTTP/1.0" 200 1655 "http://revision-zero.org/" "Mozilla/5.0 (Windows NT 6.1; WOW64) AppleWebKit/534.30 (KHTML, like Gecko) Chrome/12.0.742.112 Safari/534.30"
12.2.200.10 - - [11/Jul/2011:21:37:38 +0200] "GET /css/style.css HTTP/1.0" 200 7343 "http://revision-zero.org/" "Mozilla/5.0 (Windows NT 6.1; WOW64) AppleWebKit/534.30 (KHTML, like Gecko) Chrome/12.0.742.112 Safari/534.30"
12.2.200.10 - - [11/Jul/2011:21:37:38 +0200] "GET /js/revzero.js HTTP/1.0" 200 752 "http://revision-zero.org/" "Mozilla/5.0 (Windows NT 6.1; WOW64) AppleWebKit/534.30 (KHTML, like Gecko) Chrome/12.0.742.112 Safari/534.30"
12.2.200.10 - - [11/Jul/2011:21:37:38 +0200] "GET /images/mail.png HTTP/1.0" 200 1321 "http://revision-zero.org/" "Mozilla/5.0 (Windows NT 6.1; WOW64) AppleWebKit/534.30 (KHTML, like Gecko) Chrome/12.0.742.112 Safari/534.30"
12.2.200.10 - - [11/Jul/2011:21:37:38 +0200] "GET /images/twitter.png HTTP/1.0" 200 2072 "http://revision-zero.org/" "Mozilla/5.0 (Windows NT 6.1; WOW64) AppleWebKit/534.30 (KHTML, like Gecko) Chrome/12.0.742.112 Safari/534.30"
12.2.200.10 - - [11/Jul/2011:21:37:38 +0200] "GET /images/rss.png HTTP/1.0" 200 2050 "http://revision-zero.org/" "Mozilla/5.0 (Windows NT 6.1; WOW64) AppleWebKit/534.30 (KHTML, like Gecko) Chrome/12.0.742.112 Safari/534.30"
12.2.200.10 - - [11/Jul/2011:21:37:38 +0200] "GET /images/logical_data_independence/hospital_appointments.gif HTTP/1.0" 200 23053 "http://revision-zero.org/" "Mozilla/5.0 (Windows NT 6.1; WOW64) AppleWebKit/534.30 (KHTML, like Gecko) Chrome/12.0.742.112 Safari/534.30"
12.2.200.10 - - [11/Jul/2011:21:37:38 +0200] "GET /images/logical_data_independence/appointment_statechart.gif HTTP/1.0" 200 13186 "http://revision-zero.org/" "Mozilla/5.0 (Windows NT 6.1; WOW64) AppleWebKit/534.30 (KHTML, like Gecko) Chrome/12.0.742.112 Safari/534.30"
12.2.200.10 - - [11/Jul/2011:21:37:38 +0200] "GET /images/logical_data_independence/appointments_logical_change.gif HTTP/1.0" 200 17767 "http://revision-zero.org/" "Mozilla/5.0 (Windows NT 6.1; WOW64) AppleWebKit/534.30 (KHTML, like Gecko) Chrome/12.0.742.112 Safari/534.30"
12.2.200.10 - - [11/Jul/2011:21:37:38 +0200] "GET /images/logical_data_independence/solution2.gif HTTP/1.0" 200 18844 "http://revision-zero.org/" "Mozilla/5.0 (Windows NT 6.1; WOW64) AppleWebKit/534.30 (KHTML, like Gecko) Chrome/12.0.742.112 Safari/534.30"
12.2.200.10 - - [11/Jul/2011:21:37:38 +0200] "GET /js/jquery-1.4.1.min.js HTTP/1.0" 200 70843 "http://revision-zero.org/" "Mozilla/5.0 (Windows NT 6.1; WOW64) AppleWebKit/534.30 (KHTML, like Gecko) Chrome/12.0.742.112 Safari/534.30"
12.2.200.10 - - [11/Jul/2011:21:37:38 +0200] "GET /images/logical_data_independence/solution1.gif HTTP/1.0" 200 29974 "http://revision-zero.org/" "Mozilla/5.0 (Windows NT 6.1; WOW64) AppleWebKit/534.30 (KHTML, like Gecko) Chrome/12.0.742.112 Safari/534.30"
12.2.200.10 - - [11/Jul/2011:21:37:39 +0200] "GET /css/rightnav_bw.png HTTP/1.0" 200 6803 "http://revision-zero.org/" "Mozilla/5.0 (Windows NT 6.1; WOW64) AppleWebKit/534.30 (KHTML, like Gecko) Chrome/12.0.742.112 Safari/534.30"
12.2.200.10 - - [11/Jul/2011:21:37:39 +0200] "GET /css/leftnav_bw.png HTTP/1.0" 200 6840 "http://revision-zero.org/" "Mozilla/5.0 (Windows NT 6.1; WOW64) AppleWebKit/534.30 (KHTML, like Gecko) Chrome/12.0.742.112 Safari/534.30"
12.2.200.10 - - [11/Jul/2011:21:37:39 +0200] "GET /favicon.ico HTTP/1.0" 404 20 "-" "Mozilla/5.0 (Windows NT 6.1; WOW64) AppleWebKit/534.30 (KHTML, like Gecko) Chrome/12.0.742.112 Safari/534.30"
12.2.200.10 - - [11/Jul/2011:21:38:57 +0200] "GET /wlang HTTP/1.0" 200 6505 "-" "Mozilla/5.0 (Windows NT 6.1; WOW64) AppleWebKit/534.30 (KHTML, like Gecko) Chrome/12.0.742.112 Safari/534.30"
157.56.4.68 - - [11/Jul/2011:21:39:11 +0200] "GET /rss HTTP/1.1" 200 65689 "-" "msnbot-UDiscovery/2.0b (+http://search.msn.com/msnbot.htm)"
12.2.200.10 - - [11/Jul/2011:21:39:45 +0200] "GET /noe HTTP/1.0" 200 5189 "-" "Mozilla/5.0 (Windows NT 6.1; WOW64) AppleWebKit/534.30 (KHTML, like Gecko) Chrome/12.0.742.112 Safari/534.30"
12.2.200.10 - - [11/Jul/2011:21:39:46 +0200] "GET /images/noe/safe_override.png HTTP/1.0" 200 25637 "http://revision-zero.org/noe" "Mozilla/5.0 (Windows NT 6.1; WOW64) AppleWebKit/534.30 (KHTML, like Gecko) Chrome/12.0.742.112 Safari/534.30"
12.2.200.10 - - [11/Jul/2011:21:39:46 +0200] "GET /images/noe/workflow.gif HTTP/1.0" 200 43090 "http://revision-zero.org/noe" "Mozilla/5.0 (Windows NT 6.1; WOW64) AppleWebKit/534.30 (KHTML, like Gecko) Chrome/12.0.742.112 Safari/534.30"
12.2.200.10 - - [11/Jul/2011:21:39:46 +0200] "GET /images/noe/dotnoe.gif HTTP/1.0" 200 22927 "http://revision-zero.org/noe" "Mozilla/5.0 (Windows NT 6.1; WOW64) AppleWebKit/534.30 (KHTML, like Gecko) Chrome/12.0.742.112 Safari/534.30"
12.2.200.10 - - [11/Jul/2011:21:39:46 +0200] "GET /images/noe/wlang_is_great.gif HTTP/1.0" 200 36807 "http://revision-zero.org/noe" "Mozilla/5.0 (Windows NT 6.1; WOW64) AppleWebKit/534.30 (KHTML, like Gecko) Chrome/12.0.742.112 Safari/534.30"
92.37.202.120 - - [11/Jul/2011:21:42:18 +0200] "GET /topics0/ HTTP/1.0" 404 18 "http://www.revision-zero.org/topics0/" "Mozilla/4.0 (compatible; MSIE 6.0; Windows 98; Win 9x 4.90; Creative)"
92.37.202.120 - - [11/Jul/2011:21:42:18 +0200] "GET / HTTP/1.0" 200 23577 "http://www.revision-zero.org/" "Mozilla/4.0 (compatible; MSIE 6.0; Windows 98; Win 9x 4.90; Creative)"
66.249.71.12 - - [11/Jul/2011:21:54:19 +0200] "GET /robots.txt HTTP/1.1" 200 101 "-" "Mozilla/5.0 (compatible; Googlebot/2.1; +http://www.google.com/bot.html)"
66.249.71.12 - - [11/Jul/2011:21:54:19 +0200] "GET /wlang HTTP/1.1" 200 6505 "-" "Mozilla/5.0 (compatible; Googlebot/2.1; +http://www.google.com/bot.html)"
216.39.58.78 - - [11/Jul/2011:22:12:40 +0200] "GET /robots.txt HTTP/1.1" 200 88 "-" "Yahoo Pipes 2.0"
216.39.58.78 - - [11/Jul/2011:22:12:40 +0200] "GET /logical_data_independence_2 HTTP/1.1" 200 23577 "-" "Mozilla/5.0 (compatible; Yahoo Pipes 2.0; +http://developer.yahoo.com/yql/provider) Gecko/20090729 Firefox/3.5.2"
72.14.199.245 - - [11/Jul/2011:22:16:52 +0200] "GET /rss HTTP/1.1" 200 65689 "-" "Feedfetcher-Google; (+http://www.google.com/feedfetcher.html; 4 subscribers; feed-id=16428131579388406361)"
72.14.199.216 - - [11/Jul/2011:22:35:09 +0200] "GET /rss HTTP/1.1" 200 65689 "-" "Feedfetcher-Google; (+http://www.google.com/feedfetcher.html; 6 subscribers; feed-id=9468211748000248502)"
208.115.111.73 - - [11/Jul/2011:22:36:19 +0200] "GET /robots.txt HTTP/1.1" 200 88 "-" "Mozilla/5.0 (compatible; Ezooms/1.0; ezooms.bot@gmail.com)"
94.228.34.209 - - [11/Jul/2011:22:42:00 +0200] "GET /rss HTTP/1.1" 200 65689 "-" "magpie-crawler/1.1 (U; Linux amd64; en-GB; +http://www.brandwatch.net)"
193.105.210.127 - - [11/Jul/2011:22:50:17 +0200] "GET /topics0/ HTTP/1.0" 404 18 "http://www.revision-zero.org/topics0/" "Mozilla/4.0 (compatible; MSIE 6.0; AOL 9.0; Windows NT 5.1)"
193.105.210.127 - - [11/Jul/2011:22:50:17 +0200] "GET / HTTP/1.0" 200 23577 "http://www.revision-zero.org/" "Mozilla/4.0 (compatible; MSIE 6.0; AOL 9.0; Windows NT 5.1)"
193.105.210.127 - - [11/Jul/2011:22:50:21 +0200] "POST / HTTP/1.0" 404 18 "http://www.revision-zero.org/" "Mozilla/4.0 (compatible; MSIE 6.0; AOL 9.0; Windows NT 5.1)"
193.105.210.127 - - [11/Jul/2011:22:50:21 +0200] "POST / HTTP/1.0" 404 18 "http://www.revision-zero.org/" "Mozilla/4.0 (compatible; MSIE 6.0; AOL 9.0; Windows NT 5.1)"
67.195.115.124 - - [11/Jul/2011:22:57:07 +0200] "GET /robots.txt HTTP/1.0" 200 101 "-" "Mozilla/5.0 (compatible; Yahoo! Slurp; http://help.yahoo.com/help/us/ysearch/slurp)"
67.195.115.124 - - [11/Jul/2011:22:57:07 +0200] "GET /logical_data_independence2 HTTP/1.0" 404 20 "-" "Mozilla/5.0 (compatible; Yahoo! Slurp; http://help.yahoo.com/help/us/ysearch/slurp)"
72.14.199.245 - - [11/Jul/2011:23:10:32 +0200] "GET /rss HTTP/1.1" 200 65689 "-" "Feedfetcher-Google; (+http://www.google.com/feedfetcher.html; 4 subscribers; feed-id=16428131579388406361)"
72.14.199.216 - - [11/Jul/2011:23:27:59 +0200] "GET /rss HTTP/1.1" 200 65689 "-" "Feedfetcher-Google; (+http://www.google.com/feedfetcher.html; 6 subscribers; feed-id=9468211748000248502)"
85.25.95.90 - - [11/Jul/2011:23:37:57 +0200] "GET / HTTP/1.0" 200 23577 "http://www.revision-zero.org/" "Mozilla/4.0 (compatible; MSIE 6.0; Windows NT 5.1; TheFreeDictionary.com; .NET CLR 1.1.4322; .NET CLR 1.0.3705; .NET CLR 2.0.50727)"
216.39.58.78 - - [12/Jul/2011:00:10:47 +0200] "GET /robots.txt HTTP/1.1" 200 88 "-" "Yahoo Pipes 2.0"
216.39.58.18 - - [12/Jul/2011:00:10:48 +0200] "GET /logical_data_independence_2 HTTP/1.0" 200 23577 "-" "Mozilla/5.0 (compatible; Yahoo Pipes 2.0; +http://developer.yahoo.com/yql/provider) Gecko/20090729 Firefox/3.5.2"
208.115.111.73 - - [12/Jul/2011:00:15:03 +0200] "GET /bundler_and_lifecycle HTTP/1.1" 200 7004 "-" "Mozilla/5.0 (compatible; Ezooms/1.0; ezooms.bot@gmail.com)"
72.14.199.245 - - [12/Jul/2011:00:20:22 +0200] "GET /rss HTTP/1.1" 200 65689 "-" "Feedfetcher-Google; (+http://www.google.com/feedfetcher.html; 4 subscribers; feed-id=16428131579388406361)"
66.249.71.105 - - [12/Jul/2011:00:27:16 +0200] "GET /robots.txt HTTP/1.1" 200 101 "-" "Mozilla/5.0 (compatible; Googlebot/2.1; +http://www.google.com/bot.html)"
66.249.71.105 - - [12/Jul/2011:00:27:16 +0200] "GET /born HTTP/1.1" 200 3731 "-" "Mozilla/5.0 (compatible; Googlebot/2.1; +http://www.google.com/bot.html)"
72.14.199.216 - - [12/Jul/2011:00:35:19 +0200] "GET /rss HTTP/1.1" 200 65689 "-" "Feedfetcher-Google; (+http://www.google.com/feedfetcher.html; 6 subscribers; feed-id=9468211748000248502)"
157.56.4.68 - - [12/Jul/2011:00:39:11 +0200] "GET /rss HTTP/1.1" 200 65689 "-" "msnbot-UDiscovery/2.0b (+http://search.msn.com/msnbot.htm)"
188.143.232.118 - - [12/Jul/2011:01:03:57 +0200] "GET /topics0 HTTP/1.0" 200 12353 "http://www.revision-zero.org/topics0" "Mozilla/4.0 (compatible; MSIE 4.01; Digital AlphaServer 1000A 4/233; Windows NT; Powered By 64-Bit Alpha Processor)"
188.143.232.118 - - [12/Jul/2011:01:03:58 +0200] "POST /topics0 HTTP/1.0" 404 18 "http://www.revision-zero.org/topics0" "Mozilla/4.0 (compatible; MSIE 4.01; Digital AlphaServer 1000A 4/233; Windows NT; Powered By 64-Bit Alpha Processor)"
188.143.232.118 - - [12/Jul/2011:01:03:58 +0200] "POST /http://www.revision-zero.org/topics0 HTTP/1.0" 404 18 "http://www.revision-zero.org/topics0" "Mozilla/4.0 (compatible; MSIE 4.01; Digital AlphaServer 1000A 4/233; Windows NT; Powered By 64-Bit Alpha Processor)"
72.14.199.245 - - [12/Jul/2011:01:12:52 +0200] "GET /rss HTTP/1.1" 200 65689 "-" "Feedfetcher-Google; (+http://www.google.com/feedfetcher.html; 4 subscribers; feed-id=16428131579388406361)"
72.14.199.216 - - [12/Jul/2011:01:29:59 +0200] "GET /rss HTTP/1.1" 200 65689 "-" "Feedfetcher-Google; (+http://www.google.com/feedfetcher.html; 6 subscribers; feed-id=9468211748000248502)"
72.14.199.245 - - [12/Jul/2011:02:03:32 +0200] "GET /rss HTTP/1.1" 200 65689 "-" "Feedfetcher-Google; (+http://www.google.com/feedfetcher.html; 4 subscribers; feed-id=16428131579388406361)"
123.125.71.96 - - [12/Jul/2011:02:26:34 +0200] "GET / HTTP/1.1" 200 16000 "-" "Mozilla/5.0 (compatible; Baiduspider/2.0; +http://www.baidu.com/search/spider.html)"
220.181.108.177 - - [12/Jul/2011:02:26:55 +0200] "GET / HTTP/1.1" 200 16000 "-" "Mozilla/5.0 (compatible; Baiduspider/2.0; +http://www.baidu.com/search/spider.html)"
72.14.199.216 - - [12/Jul/2011:02:33:39 +0200] "GET /rss HTTP/1.1" 200 65689 "-" "Feedfetcher-Google; (+http://www.google.com/feedfetcher.html; 6 subscribers; feed-id=9468211748000248502)"
216.39.58.17 - - [12/Jul/2011:02:37:06 +0200] "GET /robots.txt HTTP/1.0" 200 88 "-" "Yahoo Pipes 2.0"
216.39.58.78 - - [12/Jul/2011:02:37:06 +0200] "GET /logical_data_independence_2 HTTP/1.0" 200 23577 "-" "Mozilla/5.0 (compatible; Yahoo Pipes 2.0; +http://developer.yahoo.com/yql/provider) Gecko/20090729 Firefox/3.5.2"
