209.85.238.168 - - [10/Jul/2011:08:29:19 +0200] "GET /rss HTTP/1.1" 200 65689 "-" "Feedfetcher-Google; (+http://www.google.com/feedfetcher.html; 4 subscribers; feed-id=16428131579388406361)"
209.85.238.184 - - [10/Jul/2011:09:07:16 +0200] "GET /rss HTTP/1.1" 200 65689 "-" "Feedfetcher-Google; (+http://www.google.com/feedfetcher.html; 6 subscribers; feed-id=9468211748000248502)"
188.165.201.44 - - [10/Jul/2011:09:19:31 +0200] "GET / HTTP/1.1" 200 23577 "-" "-"
209.85.238.168 - - [10/Jul/2011:09:23:10 +0200] "GET /rss HTTP/1.1" 200 65689 "-" "Feedfetcher-Google; (+http://www.google.com/feedfetcher.html; 4 subscribers; feed-id=16428131579388406361)"
157.56.4.68 - - [10/Jul/2011:09:39:02 +0200] "GET /rss HTTP/1.1" 200 65689 "-" "msnbot-UDiscovery/2.0b (+http://search.msn.com/msnbot.htm)"
209.85.238.184 - - [10/Jul/2011:10:02:06 +0200] "GET /rss HTTP/1.1" 200 65689 "-" "Feedfetcher-Google; (+http://www.google.com/feedfetcher.html; 6 subscribers; feed-id=9468211748000248502)"
216.39.58.17 - - [10/Jul/2011:10:03:47 +0200] "GET /robots.txt HTTP/1.1" 200 88 "-" "Yahoo Pipes 2.0"
216.39.58.78 - - [10/Jul/2011:10:03:48 +0200] "GET /logical_data_independence_2 HTTP/1.1" 200 23577 "-" "Mozilla/5.0 (compatible; Yahoo Pipes 2.0; +http://developer.yahoo.com/yql/provider) Gecko/20090729 Firefox/3.5.2"
24.220.201.248 - - [10/Jul/2011:10:05:14 +0200] "GET /wlang HTTP/1.0" 200 21453 "http://www.formspring.me/neleskont" "Mozilla/4.0 (compatible; MSIE 6.0; Windows NT 5.0; Avant Browser [avantbrowser.com]; Hotbar 4.4.5.0)"
24.220.201.248 - - [10/Jul/2011:10:05:17 +0200] "POST /wlang HTTP/1.0" 404 18 "http://www.revision-zero.org/wlang" "Mozilla/4.0 (compatible; MSIE 6.0; Windows NT 5.0; Avant Browser [avantbrowser.com]; Hotbar 4.4.5.0)"
119.63.196.40 - - [10/Jul/2011:10:19:03 +0200] "GET /robots.txt HTTP/1.1" 200 101 "-" "Baiduspider+(+http://www.baidu.com/search/spider.htm)"
123.125.71.106 - - [10/Jul/2011:10:19:41 +0200] "GET / HTTP/1.1" 200 16000 "-" "Mozilla/5.0 (compatible; Baiduspider/2.0; +http://www.baidu.com/search/spider.html)"
220.181.108.174 - - [10/Jul/2011:10:19:46 +0200] "GET / HTTP/1.1" 200 16000 "-" "Mozilla/5.0 (compatible; Baiduspider/2.0; +http://www.baidu.com/search/spider.html)"
209.85.238.168 - - [10/Jul/2011:10:28:10 +0200] "GET /rss HTTP/1.1" 200 65689 "-" "Feedfetcher-Google; (+http://www.google.com/feedfetcher.html; 4 subscribers; feed-id=16428131579388406361)"
91.224.160.4 - - [10/Jul/2011:10:35:50 +0200] "GET /++GET+http://www.revision-zero.org/+%5B0,24303,23951%5D+-%3E HTTP/1.0" 404 18 "http://www.revision-zero.org/++GET+http://www.revision-zero.org/+%5B0,24303,23951%5D+-%3E" "Mozilla/4.0 (compatible; MSIE 6.0; MSIE 5.5; Windows NT 4.0) Opera 7.0 [en]"
91.224.160.4 - - [10/Jul/2011:10:35:50 +0200] "GET / HTTP/1.0" 200 23577 "http://www.revision-zero.org/" "Mozilla/4.0 (compatible; MSIE 6.0; MSIE 5.5; Windows NT 4.0) Opera 7.0 [en]"
91.224.160.4 - - [10/Jul/2011:10:35:51 +0200] "POST / HTTP/1.0" 404 18 "http://www.revision-zero.org/" "Mozilla/4.0 (compatible; MSIE 6.0; MSIE 5.5; Windows NT 4.0) Opera 7.0 [en]"
209.85.238.184 - - [10/Jul/2011:11:07:57 +0200] "GET /rss HTTP/1.1" 200 65689 "-" "Feedfetcher-Google; (+http://www.google.com/feedfetcher.html; 6 subscribers; feed-id=9468211748000248502)"
220.181.108.176 - - [10/Jul/2011:11:09:51 +0200] "GET /web_duck_typing HTTP/1.1" 200 5771 "-" "Mozilla/5.0 (compatible; Baiduspider/2.0; +http://www.baidu.com/search/spider.html)"
188.60.96.182 - - [10/Jul/2011:11:15:45 +0200] "GET /reuse HTTP/1.1" 200 7684 "http://www.google.ch/search?q=pypeg+transformational+system&ie=utf-8&oe=utf-8&aq=t&rls=org.mozilla:de:official&client=firefox-a" "Mozilla/5.0 (Macintosh; Intel Mac OS X 10.6; rv:5.0) Gecko/20100101 Firefox/5.0"
188.60.96.182 - - [10/Jul/2011:11:15:45 +0200] "GET /css/style.css HTTP/1.1" 200 7343 "http://revision-zero.org/reuse" "Mozilla/5.0 (Macintosh; Intel Mac OS X 10.6; rv:5.0) Gecko/20100101 Firefox/5.0"
188.60.96.182 - - [10/Jul/2011:11:15:45 +0200] "GET /js/revzero.js HTTP/1.1" 200 752 "http://revision-zero.org/reuse" "Mozilla/5.0 (Macintosh; Intel Mac OS X 10.6; rv:5.0) Gecko/20100101 Firefox/5.0"
188.60.96.182 - - [10/Jul/2011:11:15:45 +0200] "GET /images/twitter.png HTTP/1.1" 200 2072 "http://revision-zero.org/reuse" "Mozilla/5.0 (Macintosh; Intel Mac OS X 10.6; rv:5.0) Gecko/20100101 Firefox/5.0"
188.60.96.182 - - [10/Jul/2011:11:15:45 +0200] "GET /images/mail.png HTTP/1.1" 200 1321 "http://revision-zero.org/reuse" "Mozilla/5.0 (Macintosh; Intel Mac OS X 10.6; rv:5.0) Gecko/20100101 Firefox/5.0"
188.60.96.182 - - [10/Jul/2011:11:15:45 +0200] "GET /images/github.png HTTP/1.1" 200 1655 "http://revision-zero.org/reuse" "Mozilla/5.0 (Macintosh; Intel Mac OS X 10.6; rv:5.0) Gecko/20100101 Firefox/5.0"
188.60.96.182 - - [10/Jul/2011:11:15:45 +0200] "GET /images/rss.png HTTP/1.1" 200 2050 "http://revision-zero.org/reuse" "Mozilla/5.0 (Macintosh; Intel Mac OS X 10.6; rv:5.0) Gecko/20100101 Firefox/5.0"
188.60.96.182 - - [10/Jul/2011:11:15:45 +0200] "GET /js/jquery-1.4.1.min.js HTTP/1.1" 200 70843 "http://revision-zero.org/reuse" "Mozilla/5.0 (Macintosh; Intel Mac OS X 10.6; rv:5.0) Gecko/20100101 Firefox/5.0"
188.60.96.182 - - [10/Jul/2011:11:15:46 +0200] "GET /css/leftnav_bw.png HTTP/1.1" 200 6840 "http://revision-zero.org/css/style.css" "Mozilla/5.0 (Macintosh; Intel Mac OS X 10.6; rv:5.0) Gecko/20100101 Firefox/5.0"
188.60.96.182 - - [10/Jul/2011:11:15:46 +0200] "GET /css/rightnav_bw.png HTTP/1.1" 200 6803 "http://revision-zero.org/css/style.css" "Mozilla/5.0 (Macintosh; Intel Mac OS X 10.6; rv:5.0) Gecko/20100101 Firefox/5.0"
188.60.96.182 - - [10/Jul/2011:11:15:46 +0200] "GET /favicon.ico HTTP/1.1" 404 20 "-" "Mozilla/5.0 (Macintosh; Intel Mac OS X 10.6; rv:5.0) Gecko/20100101 Firefox/5.0"
188.60.96.182 - - [10/Jul/2011:11:15:46 +0200] "GET /favicon.ico HTTP/1.1" 404 20 "-" "Mozilla/5.0 (Macintosh; Intel Mac OS X 10.6; rv:5.0) Gecko/20100101 Firefox/5.0"
123.125.71.106 - - [10/Jul/2011:11:20:16 +0200] "GET / HTTP/1.1" 200 15863 "-" "Mozilla/5.0 (compatible; Baiduspider/2.0; +http://www.baidu.com/search/spider.html)"
220.181.108.181 - - [10/Jul/2011:11:20:18 +0200] "GET / HTTP/1.1" 200 16000 "-" "Mozilla/5.0 (compatible; Baiduspider/2.0; +http://www.baidu.com/search/spider.html)"
209.85.238.168 - - [10/Jul/2011:11:28:50 +0200] "GET /rss HTTP/1.1" 200 65689 "-" "Feedfetcher-Google; (+http://www.google.com/feedfetcher.html; 4 subscribers; feed-id=16428131579388406361)"
79.140.11.144 - - [10/Jul/2011:11:43:15 +0200] "GET / HTTP/1.0" 200 23577 "http://www.revision-zero.org/" "Mozilla/1.22 (compatible; MSIE 2.0d; Windows NT)"
79.140.11.144 - - [10/Jul/2011:11:43:17 +0200] "POST / HTTP/1.0" 404 18 "http://www.revision-zero.org/" "Mozilla/1.22 (compatible; MSIE 2.0d; Windows NT)"
79.140.11.144 - - [10/Jul/2011:11:43:17 +0200] "POST / HTTP/1.0" 404 18 "http://www.revision-zero.org/" "Mozilla/1.22 (compatible; MSIE 2.0d; Windows NT)"
67.195.115.124 - - [10/Jul/2011:11:51:18 +0200] "GET /robots.txt HTTP/1.0" 200 101 "-" "Mozilla/5.0 (compatible; Yahoo! Slurp; http://help.yahoo.com/help/us/ysearch/slurp)"
67.195.115.124 - - [10/Jul/2011:11:51:19 +0200] "GET /independence HTTP/1.0" 200 6853 "-" "Mozilla/5.0 (compatible; Yahoo! Slurp; http://help.yahoo.com/help/us/ysearch/slurp)"
67.195.115.124 - - [10/Jul/2011:11:51:20 +0200] "GET /css/style.css HTTP/1.0" 200 7343 "http://www.revision-zero.org/independence" "Mozilla/5.0 (compatible; Yahoo! Slurp; http://help.yahoo.com/help/us/ysearch/slurp)"
209.85.226.82 - - [10/Jul/2011:11:51:29 +0200] "GET /rss HTTP/1.1" 200 65689 "-" "Feedfetcher-Google; (+http://www.google.com/feedfetcher.html; feed-id=9468211748000248502)"
209.85.238.184 - - [10/Jul/2011:12:01:47 +0200] "GET /rss HTTP/1.1" 200 65689 "-" "Feedfetcher-Google; (+http://www.google.com/feedfetcher.html; 6 subscribers; feed-id=9468211748000248502)"
188.165.201.44 - - [10/Jul/2011:12:10:33 +0200] "GET / HTTP/1.1" 200 23577 "-" "-"
216.39.58.17 - - [10/Jul/2011:12:22:49 +0200] "GET /robots.txt HTTP/1.1" 200 88 "-" "Yahoo Pipes 2.0"
216.39.58.17 - - [10/Jul/2011:12:22:49 +0200] "GET /logical_data_independence_2 HTTP/1.1" 200 23577 "-" "Mozilla/5.0 (compatible; Yahoo Pipes 2.0; +http://developer.yahoo.com/yql/provider) Gecko/20090729 Firefox/3.5.2"
209.85.238.168 - - [10/Jul/2011:12:24:00 +0200] "GET /rss HTTP/1.1" 200 65689 "-" "Feedfetcher-Google; (+http://www.google.com/feedfetcher.html; 4 subscribers; feed-id=16428131579388406361)"
207.46.204.195 - - [10/Jul/2011:12:30:08 +0200] "GET /robots.txt HTTP/1.1" 200 88 "-" "Mozilla/5.0 (compatible; bingbot/2.0; +http://www.bing.com/bingbot.htm)"
207.46.204.195 - - [10/Jul/2011:12:31:05 +0200] "GET /logical_data_independence_2 HTTP/1.1" 200 8181 "-" "Mozilla/5.0 (compatible; bingbot/2.0; +http://www.bing.com/bingbot.htm)"
95.77.98.130 - - [10/Jul/2011:12:31:49 +0200] "GET /topics0/ HTTP/1.0" 404 18 "http://www.revision-zero.org/topics0/" "Opera/7.11 (Windows NT 5.1; U) [en]"
95.77.98.130 - - [10/Jul/2011:12:31:49 +0200] "GET / HTTP/1.0" 200 23577 "http://www.revision-zero.org/" "Opera/7.11 (Windows NT 5.1; U) [en]"
95.77.98.130 - - [10/Jul/2011:12:31:50 +0200] "POST / HTTP/1.0" 404 18 "http://www.revision-zero.org/" "Opera/7.11 (Windows NT 5.1; U) [en]"
95.77.98.130 - - [10/Jul/2011:12:31:50 +0200] "POST / HTTP/1.0" 404 18 "http://www.revision-zero.org/" "Opera/7.11 (Windows NT 5.1; U) [en]"
95.77.98.130 - - [10/Jul/2011:12:31:50 +0200] "GET / HTTP/1.0" 200 23577 "http://www.revision-zero.org/" "Opera/7.11 (Windows NT 5.1; U) [en]"
209.85.226.87 - - [10/Jul/2011:12:38:22 +0200] "GET /rss HTTP/1.1" 200 65689 "-" "Feedfetcher-Google; (+http://www.google.com/feedfetcher.html; feed-id=9468211748000248502)"
157.56.4.68 - - [10/Jul/2011:12:39:04 +0200] "GET /rss HTTP/1.1" 200 65689 "-" "msnbot-UDiscovery/2.0b (+http://search.msn.com/msnbot.htm)"
91.224.160.127 - - [10/Jul/2011:12:49:43 +0200] "GET /++GET+http://www.revision-zero.org/+%5B0,24303,23951%5D+-%3E HTTP/1.0" 404 18 "http://www.revision-zero.org/++GET+http://www.revision-zero.org/+%5B0,24303,23951%5D+-%3E" "Mozilla/4.0 (compatible; MSIE 6.0; AOL 9.0; Windows NT 5.1)"
91.224.160.127 - - [10/Jul/2011:12:49:44 +0200] "GET / HTTP/1.0" 200 23577 "http://www.revision-zero.org/" "Mozilla/4.0 (compatible; MSIE 6.0; AOL 9.0; Windows NT 5.1)"
91.224.160.127 - - [10/Jul/2011:12:50:05 +0200] "POST / HTTP/1.0" 404 18 "http://www.revision-zero.org/" "Mozilla/4.0 (compatible; MSIE 6.0; AOL 9.0; Windows NT 5.1)"
91.224.160.127 - - [10/Jul/2011:12:50:05 +0200] "POST / HTTP/1.0" 404 18 "http://www.revision-zero.org/" "Mozilla/4.0 (compatible; MSIE 6.0; AOL 9.0; Windows NT 5.1)"
188.60.96.182 - - [10/Jul/2011:13:05:40 +0200] "GET /reuse HTTP/1.1" 200 7684 "http://www.google.com/url?sa=t&source=web&cd=3&ved=0CCcQFjAC&url=http%3A%2F%2Frevision-zero.org%2Freuse&rct=j&q=pypeg%20transformational&ei=f4cZTp7CK9Gf-waG3-DXBw&usg=AFQjCNHbd-hUpKI2t8AMGyX3b63oEFoibQ" "Mozilla/5.0 (Macintosh; Intel Mac OS X 10.6; rv:5.0) Gecko/20100101 Firefox/5.0"
209.85.238.184 - - [10/Jul/2011:13:05:57 +0200] "GET /rss HTTP/1.1" 200 65689 "-" "Feedfetcher-Google; (+http://www.google.com/feedfetcher.html; 6 subscribers; feed-id=9468211748000248502)"
208.115.111.73 - - [10/Jul/2011:13:10:42 +0200] "GET /robots.txt HTTP/1.1" 200 88 "-" "Mozilla/5.0 (compatible; Ezooms/1.0; ezooms.bot@gmail.com)"
209.85.238.168 - - [10/Jul/2011:13:15:40 +0200] "GET /rss HTTP/1.1" 200 65689 "-" "Feedfetcher-Google; (+http://www.google.com/feedfetcher.html; 4 subscribers; feed-id=16428131579388406361)"
209.85.238.184 - - [10/Jul/2011:13:59:17 +0200] "GET /rss HTTP/1.1" 200 65689 "-" "Feedfetcher-Google; (+http://www.google.com/feedfetcher.html; 6 subscribers; feed-id=9468211748000248502)"
209.85.238.168 - - [10/Jul/2011:14:18:00 +0200] "GET /rss HTTP/1.1" 200 65689 "-" "Feedfetcher-Google; (+http://www.google.com/feedfetcher.html; 4 subscribers; feed-id=16428131579388406361)"
66.249.68.99 - - [10/Jul/2011:14:20:12 +0200] "GET /images/logical_data_independence/solution1.gif HTTP/1.1" 200 29974 "-" "Googlebot-Image/1.0"
216.39.58.78 - - [10/Jul/2011:14:20:24 +0200] "GET /robots.txt HTTP/1.0" 200 88 "-" "Yahoo Pipes 2.0"
216.39.58.78 - - [10/Jul/2011:14:20:24 +0200] "GET /logical_data_independence_2 HTTP/1.1" 200 23577 "-" "Mozilla/5.0 (compatible; Yahoo Pipes 2.0; +http://developer.yahoo.com/yql/provider) Gecko/20090729 Firefox/3.5.2"
123.125.71.101 - - [10/Jul/2011:14:25:57 +0200] "GET / HTTP/1.1" 200 15863 "-" "Mozilla/5.0 (compatible; Baiduspider/2.0; +http://www.baidu.com/search/spider.html)"
220.181.108.181 - - [10/Jul/2011:14:26:17 +0200] "GET / HTTP/1.1" 200 15863 "-" "Mozilla/5.0 (compatible; Baiduspider/2.0; +http://www.baidu.com/search/spider.html)"
208.115.111.73 - - [10/Jul/2011:14:34:13 +0200] "GET /SbyC HTTP/1.1" 404 - "-" "Mozilla/5.0 (compatible; Ezooms/1.0; ezooms.bot@gmail.com)"
209.85.238.184 - - [10/Jul/2011:14:51:28 +0200] "GET /rss HTTP/1.1" 200 65689 "-" "Feedfetcher-Google; (+http://www.google.com/feedfetcher.html; 6 subscribers; feed-id=9468211748000248502)"
209.85.238.168 - - [10/Jul/2011:15:24:51 +0200] "GET /rss HTTP/1.1" 200 65689 "-" "Feedfetcher-Google; (+http://www.google.com/feedfetcher.html; 4 subscribers; feed-id=16428131579388406361)"
123.125.71.94 - - [10/Jul/2011:15:26:45 +0200] "GET / HTTP/1.1" 200 16000 "-" "Mozilla/5.0 (compatible; Baiduspider/2.0; +http://www.baidu.com/search/spider.html)"
220.181.108.177 - - [10/Jul/2011:15:27:05 +0200] "GET / HTTP/1.1" 200 16000 "-" "Mozilla/5.0 (compatible; Baiduspider/2.0; +http://www.baidu.com/search/spider.html)"
188.143.232.118 - - [10/Jul/2011:15:30:27 +0200] "GET /topics0 HTTP/1.0" 200 12353 "http://www.revision-zero.org/topics0" "Mozilla/4.0 (compatible; MSIE 6.0; Windows NT 5.2; Win64; AMD64)"
188.143.232.118 - - [10/Jul/2011:15:30:29 +0200] "POST /topics0 HTTP/1.0" 404 18 "http://www.revision-zero.org/topics0" "Mozilla/4.0 (compatible; MSIE 6.0; Windows NT 5.2; Win64; AMD64)"
188.143.232.118 - - [10/Jul/2011:15:30:29 +0200] "POST /http://www.revision-zero.org/topics0 HTTP/1.0" 404 18 "http://www.revision-zero.org/topics0" "Mozilla/4.0 (compatible; MSIE 6.0; Windows NT 5.2; Win64; AMD64)"
109.230.222.59 - - [10/Jul/2011:15:34:11 +0200] "GET /topics0/ HTTP/1.0" 404 18 "http://www.revision-zero.org/topics0/" "Mozilla/4.0 (compatible; MSIE 5.0; Windows 3.1)"
109.230.222.59 - - [10/Jul/2011:15:34:11 +0200] "GET / HTTP/1.0" 200 23577 "http://www.revision-zero.org/" "Mozilla/4.0 (compatible; MSIE 5.0; Windows 3.1)"
109.230.222.59 - - [10/Jul/2011:15:34:12 +0200] "POST / HTTP/1.0" 404 18 "http://www.revision-zero.org/" "Mozilla/4.0 (compatible; MSIE 5.0; Windows 3.1)"
109.230.222.59 - - [10/Jul/2011:15:34:12 +0200] "POST / HTTP/1.0" 404 18 "http://www.revision-zero.org/" "Mozilla/4.0 (compatible; MSIE 5.0; Windows 3.1)"
109.230.222.59 - - [10/Jul/2011:15:34:12 +0200] "GET / HTTP/1.0" 200 23577 "http://www.revision-zero.org/" "Mozilla/4.0 (compatible; MSIE 5.0; Windows 3.1)"
119.63.196.90 - - [10/Jul/2011:15:36:08 +0200] "GET /robots.txt HTTP/1.1" 200 101 "-" "Baiduspider+(+http://www.baidu.com/search/spider.htm)"
157.56.4.68 - - [10/Jul/2011:15:39:05 +0200] "GET /rss HTTP/1.1" 200 65689 "-" "msnbot-UDiscovery/2.0b (+http://search.msn.com/msnbot.htm)"
193.47.80.49 - - [10/Jul/2011:15:42:56 +0200] "GET /robots.txt HTTP/1.1" 200 101 "-" "Mozilla/5.0 (compatible; Exabot/3.0; +http://www.exabot.com/go/robot)"
193.47.80.49 - - [10/Jul/2011:15:42:56 +0200] "GET /virtualvar HTTP/1.1" 404 20 "-" "Mozilla/5.0 (compatible; Exabot/3.0; +http://www.exabot.com/go/robot)"
209.85.238.184 - - [10/Jul/2011:15:46:07 +0200] "GET /rss HTTP/1.1" 200 65689 "-" "Feedfetcher-Google; (+http://www.google.com/feedfetcher.html; 6 subscribers; feed-id=9468211748000248502)"
193.47.80.49 - - [10/Jul/2011:15:48:44 +0200] "GET /sitemap.xml HTTP/1.1" 200 337 "-" "Mozilla/5.0 (compatible; Exabot/3.0; +http://www.exabot.com/go/robot)"
216.39.58.18 - - [10/Jul/2011:16:05:47 +0200] "GET /robots.txt HTTP/1.0" 200 88 "-" "Yahoo Pipes 2.0"
216.39.58.17 - - [10/Jul/2011:16:05:47 +0200] "GET /logical_data_independence_2 HTTP/1.1" 200 23577 "-" "Mozilla/5.0 (compatible; Yahoo Pipes 2.0; +http://developer.yahoo.com/yql/provider) Gecko/20090729 Firefox/3.5.2"
72.14.199.245 - - [10/Jul/2011:16:16:01 +0200] "GET /rss HTTP/1.1" 200 65689 "-" "Feedfetcher-Google; (+http://www.google.com/feedfetcher.html; 4 subscribers; feed-id=16428131579388406361)"
123.125.71.115 - - [10/Jul/2011:16:27:01 +0200] "GET / HTTP/1.1" 200 16000 "-" "Mozilla/5.0 (compatible; Baiduspider/2.0; +http://www.baidu.com/search/spider.html)"
220.181.108.168 - - [10/Jul/2011:16:27:18 +0200] "GET / HTTP/1.1" 200 16000 "-" "Mozilla/5.0 (compatible; Baiduspider/2.0; +http://www.baidu.com/search/spider.html)"
72.14.199.216 - - [10/Jul/2011:16:45:08 +0200] "GET /rss HTTP/1.1" 200 65689 "-" "Feedfetcher-Google; (+http://www.google.com/feedfetcher.html; 6 subscribers; feed-id=9468211748000248502)"
72.14.199.245 - - [10/Jul/2011:17:09:51 +0200] "GET /rss HTTP/1.1" 200 65689 "-" "Feedfetcher-Google; (+http://www.google.com/feedfetcher.html; 4 subscribers; feed-id=16428131579388406361)"
72.14.199.216 - - [10/Jul/2011:17:51:38 +0200] "GET /rss HTTP/1.1" 200 65689 "-" "Feedfetcher-Google; (+http://www.google.com/feedfetcher.html; 6 subscribers; feed-id=9468211748000248502)"
94.228.34.209 - - [10/Jul/2011:18:00:14 +0200] "GET /rss HTTP/1.1" 200 65689 "-" "magpie-crawler/1.1 (U; Linux amd64; en-GB; +http://www.brandwatch.net)"
72.14.199.245 - - [10/Jul/2011:18:00:21 +0200] "GET /rss HTTP/1.1" 200 65689 "-" "Feedfetcher-Google; (+http://www.google.com/feedfetcher.html; 4 subscribers; feed-id=16428131579388406361)"
209.131.41.48 - - [10/Jul/2011:18:18:18 +0200] "GET /robots.txt HTTP/1.1" 200 88 "-" "Yahoo Pipes 2.0"
209.131.41.49 - - [10/Jul/2011:18:18:18 +0200] "GET /logical_data_independence_2 HTTP/1.1" 200 23577 "-" "Mozilla/5.0 (compatible; Yahoo Pipes 2.0; +http://developer.yahoo.com/yql/provider) Gecko/20090729 Firefox/3.5.2"
74.125.16.2 - - [10/Jul/2011:18:36:39 +0200] "GET /rss HTTP/1.1" 200 65689 "-" "Feedfetcher-Google; (+http://www.google.com/feedfetcher.html; feed-id=9468211748000248502)"
157.56.4.68 - - [10/Jul/2011:18:39:05 +0200] "GET /robots.txt HTTP/1.1" 200 101 "-" "msnbot-UDiscovery/2.0b (+http://search.msn.com/msnbot.htm)"
157.56.4.68 - - [10/Jul/2011:18:39:05 +0200] "GET /rss HTTP/1.1" 200 65689 "-" "msnbot-UDiscovery/2.0b (+http://search.msn.com/msnbot.htm)"
72.14.199.216 - - [10/Jul/2011:18:46:48 +0200] "GET /rss HTTP/1.1" 200 65689 "-" "Feedfetcher-Google; (+http://www.google.com/feedfetcher.html; 6 subscribers; feed-id=9468211748000248502)"
95.26.223.16 - - [10/Jul/2011:18:51:57 +0200] "GET /topics0/ HTTP/1.0" 404 18 "http://www.revision-zero.org/topics0/" "Mozilla/4.0 (compatible; MSIE 4.01; Digital AlphaServer 1000A 4/233; Windows NT; Powered By 64-Bit Alpha Processor)"
95.26.223.16 - - [10/Jul/2011:18:51:57 +0200] "GET / HTTP/1.0" 200 23577 "http://www.revision-zero.org/" "Mozilla/4.0 (compatible; MSIE 4.01; Digital AlphaServer 1000A 4/233; Windows NT; Powered By 64-Bit Alpha Processor)"
95.26.223.16 - - [10/Jul/2011:18:51:57 +0200] "POST / HTTP/1.0" 404 18 "http://www.revision-zero.org/" "Mozilla/4.0 (compatible; MSIE 4.01; Digital AlphaServer 1000A 4/233; Windows NT; Powered By 64-Bit Alpha Processor)"
95.26.223.16 - - [10/Jul/2011:18:51:57 +0200] "POST / HTTP/1.0" 404 18 "http://www.revision-zero.org/" "Mozilla/4.0 (compatible; MSIE 4.01; Digital AlphaServer 1000A 4/233; Windows NT; Powered By 64-Bit Alpha Processor)"
72.14.199.245 - - [10/Jul/2011:18:56:41 +0200] "GET /rss HTTP/1.1" 200 65689 "-" "Feedfetcher-Google; (+http://www.google.com/feedfetcher.html; 4 subscribers; feed-id=16428131579388406361)"
173.242.118.133 - - [10/Jul/2011:19:03:30 +0200] "GET /topics0 HTTP/1.0" 200 12353 "http://www.revision-zero.org/topics0" "Mozilla/4.0 (compatible; MSIE 6.0; Windows NT 5.1; SV1)"
173.242.118.133 - - [10/Jul/2011:19:03:32 +0200] "POST /topics0 HTTP/1.0" 404 18 "http://www.revision-zero.org/topics0" "Mozilla/4.0 (compatible; MSIE 6.0; Windows NT 5.1; SV1)"
173.242.118.133 - - [10/Jul/2011:19:03:32 +0200] "POST /http://www.revision-zero.org/topics0 HTTP/1.0" 404 18 "http://www.revision-zero.org/topics0" "Mozilla/4.0 (compatible; MSIE 6.0; Windows NT 5.1; SV1)"
173.242.118.133 - - [10/Jul/2011:19:03:32 +0200] "GET /topics0 HTTP/1.0" 200 12353 "http://www.revision-zero.org/topics0" "Mozilla/4.0 (compatible; MSIE 6.0; Windows NT 5.1; SV1)"
173.242.118.133 - - [10/Jul/2011:19:03:33 +0200] "GET /topics0 HTTP/1.0" 200 12353 "http://www.revision-zero.org/topics0" "Mozilla/4.0 (compatible; MSIE 6.0; Windows NT 5.1; SV1)"
194.146.197.3 - - [10/Jul/2011:19:07:08 +0200] "GET / HTTP/1.0" 200 23577 "http://revision-zero.org/" "Mozilla/4.0 (compatible; MSIE 6.0; Windows NT 5.1; KKman2.0)"
194.146.197.3 - - [10/Jul/2011:19:07:08 +0200] "POST / HTTP/1.0" 404 18 "http://revision-zero.org/" "Mozilla/4.0 (compatible; MSIE 6.0; Windows NT 5.1; KKman2.0)"
194.146.197.3 - - [10/Jul/2011:19:07:08 +0200] "POST / HTTP/1.0" 404 18 "http://revision-zero.org/" "Mozilla/4.0 (compatible; MSIE 6.0; Windows NT 5.1; KKman2.0)"
72.14.199.245 - - [10/Jul/2011:19:49:11 +0200] "GET /rss HTTP/1.1" 200 65689 "-" "Feedfetcher-Google; (+http://www.google.com/feedfetcher.html; 4 subscribers; feed-id=16428131579388406361)"
188.60.96.182 - - [10/Jul/2011:19:50:58 +0200] "GET /reuse HTTP/1.1" 200 7684 "-" "Mozilla/5.0 (Macintosh; Intel Mac OS X 10.6; rv:5.0) Gecko/20100101 Firefox/5.0"
72.14.199.216 - - [10/Jul/2011:19:52:58 +0200] "GET /rss HTTP/1.1" 200 65689 "-" "Feedfetcher-Google; (+http://www.google.com/feedfetcher.html; 6 subscribers; feed-id=9468211748000248502)"
216.39.58.18 - - [10/Jul/2011:20:13:34 +0200] "GET /robots.txt HTTP/1.1" 200 88 "-" "Yahoo Pipes 2.0"
216.39.58.17 - - [10/Jul/2011:20:13:34 +0200] "GET /logical_data_independence_2 HTTP/1.1" 200 23577 "-" "Mozilla/5.0 (compatible; Yahoo Pipes 2.0; +http://developer.yahoo.com/yql/provider) Gecko/20090729 Firefox/3.5.2"
188.60.96.182 - - [10/Jul/2011:20:21:12 +0200] "GET /reuse HTTP/1.1" 200 7684 "-" "Mozilla/5.0 (Macintosh; Intel Mac OS X 10.6; rv:5.0) Gecko/20100101 Firefox/5.0"
72.14.199.245 - - [10/Jul/2011:20:58:42 +0200] "GET /rss HTTP/1.1" 200 65689 "-" "Feedfetcher-Google; (+http://www.google.com/feedfetcher.html; 4 subscribers; feed-id=16428131579388406361)"
72.14.199.216 - - [10/Jul/2011:20:59:38 +0200] "GET /rss HTTP/1.1" 200 65689 "-" "Feedfetcher-Google; (+http://www.google.com/feedfetcher.html; 6 subscribers; feed-id=9468211748000248502)"
222.77.224.247 - - [10/Jul/2011:21:11:16 +0200] "GET /topics0/ HTTP/1.0" 404 18 "http://www.revision-zero.org/topics0/" "Mozilla/4.0 (compatible; MSIE 6.0; Windows NT 5.0; .NET CLR 1.0.3705; .NET CLR 1.1.4322)"
222.77.224.247 - - [10/Jul/2011:21:11:17 +0200] "GET / HTTP/1.0" 200 23577 "http://www.revision-zero.org/" "Mozilla/4.0 (compatible; MSIE 6.0; Windows NT 5.0; .NET CLR 1.0.3705; .NET CLR 1.1.4322)"
222.77.224.247 - - [10/Jul/2011:21:11:19 +0200] "POST / HTTP/1.0" 404 18 "http://www.revision-zero.org/" "Mozilla/4.0 (compatible; MSIE 6.0; Windows NT 5.0; .NET CLR 1.0.3705; .NET CLR 1.1.4322)"
222.77.224.247 - - [10/Jul/2011:21:11:20 +0200] "POST / HTTP/1.0" 404 18 "http://www.revision-zero.org/" "Mozilla/4.0 (compatible; MSIE 6.0; Windows NT 5.0; .NET CLR 1.0.3705; .NET CLR 1.1.4322)"
69.28.58.25 - - [10/Jul/2011:21:25:16 +0200] "GET /robots.txt HTTP/1.0" 200 88 "-" "Mozilla/4.0 (compatible; MSIE 6.0; Windows NT 5.0) (larbin2.6.3@unspecified.mail)"
69.28.58.25 - - [10/Jul/2011:21:25:17 +0200] "GET / HTTP/1.0" 200 23577 "-" "Mozilla/4.0 (compatible; MSIE 6.0; Windows NT 5.0) larbin2.6.3@unspecified.mail"
66.249.71.12 - - [10/Jul/2011:21:26:36 +0200] "GET /robots.txt HTTP/1.1" 200 101 "-" "Mozilla/5.0 (compatible; Googlebot/2.1; +http://www.google.com/bot.html)"
66.249.71.12 - - [10/Jul/2011:21:26:36 +0200] "GET /benchmarking HTTP/1.1" 200 6790 "-" "Mozilla/5.0 (compatible; Googlebot/2.1; +http://www.google.com/bot.html)"
193.47.80.49 - - [10/Jul/2011:21:37:08 +0200] "GET /duby HTTP/1.1" 404 20 "-" "Mozilla/5.0 (compatible; Exabot/3.0; +http://www.exabot.com/go/robot)"
157.56.4.68 - - [10/Jul/2011:21:39:06 +0200] "GET /rss HTTP/1.1" 200 65689 "-" "msnbot-UDiscovery/2.0b (+http://search.msn.com/msnbot.htm)"
66.249.71.12 - - [10/Jul/2011:21:52:41 +0200] "GET /kernel_dot_spawn HTTP/1.1" 200 3457 "-" "Mozilla/5.0 (compatible; Googlebot/2.1; +http://www.google.com/bot.html)"
209.131.41.48 - - [10/Jul/2011:22:01:22 +0200] "GET /robots.txt HTTP/1.1" 200 88 "-" "Yahoo Pipes 2.0"
209.131.41.48 - - [10/Jul/2011:22:01:22 +0200] "GET /logical_data_independence_2 HTTP/1.1" 200 23577 "-" "Mozilla/5.0 (compatible; Yahoo Pipes 2.0; +http://developer.yahoo.com/yql/provider) Gecko/20090729 Firefox/3.5.2"
84.179.194.9 - - [10/Jul/2011:22:03:31 +0200] "GET /reuse HTTP/1.1" 200 7684 "-" "Mozilla/5.0 (Windows; U; Windows NT 5.1; de; rv:1.9.2) Gecko/20100115 Firefox/3.6"
84.179.194.9 - - [10/Jul/2011:22:03:32 +0200] "GET /images/github.png HTTP/1.1" 200 1655 "http://revision-zero.org/reuse" "Mozilla/5.0 (Windows; U; Windows NT 5.1; de; rv:1.9.2) Gecko/20100115 Firefox/3.6"
84.179.194.9 - - [10/Jul/2011:22:03:32 +0200] "GET /css/style.css HTTP/1.1" 200 7343 "http://revision-zero.org/reuse" "Mozilla/5.0 (Windows; U; Windows NT 5.1; de; rv:1.9.2) Gecko/20100115 Firefox/3.6"
84.179.194.9 - - [10/Jul/2011:22:03:32 +0200] "GET /images/mail.png HTTP/1.1" 200 1321 "http://revision-zero.org/reuse" "Mozilla/5.0 (Windows; U; Windows NT 5.1; de; rv:1.9.2) Gecko/20100115 Firefox/3.6"
84.179.194.9 - - [10/Jul/2011:22:03:32 +0200] "GET /images/twitter.png HTTP/1.1" 200 2072 "http://revision-zero.org/reuse" "Mozilla/5.0 (Windows; U; Windows NT 5.1; de; rv:1.9.2) Gecko/20100115 Firefox/3.6"
84.179.194.9 - - [10/Jul/2011:22:03:32 +0200] "GET /images/rss.png HTTP/1.1" 200 2050 "http://revision-zero.org/reuse" "Mozilla/5.0 (Windows; U; Windows NT 5.1; de; rv:1.9.2) Gecko/20100115 Firefox/3.6"
84.179.194.9 - - [10/Jul/2011:22:03:32 +0200] "GET /css/leftnav_bw.png HTTP/1.1" 200 6840 "http://revision-zero.org/css/style.css" "Mozilla/5.0 (Windows; U; Windows NT 5.1; de; rv:1.9.2) Gecko/20100115 Firefox/3.6"
84.179.194.9 - - [10/Jul/2011:22:03:32 +0200] "GET /css/rightnav_bw.png HTTP/1.1" 200 6803 "http://revision-zero.org/css/style.css" "Mozilla/5.0 (Windows; U; Windows NT 5.1; de; rv:1.9.2) Gecko/20100115 Firefox/3.6"
84.179.194.9 - - [10/Jul/2011:22:03:32 +0200] "GET /favicon.ico HTTP/1.1" 404 20 "-" "Mozilla/5.0 (Windows; U; Windows NT 5.1; de; rv:1.9.2) Gecko/20100115 Firefox/3.6"
84.179.194.9 - - [10/Jul/2011:22:03:35 +0200] "GET /favicon.ico HTTP/1.1" 404 20 "-" "Mozilla/5.0 (Windows; U; Windows NT 5.1; de; rv:1.9.2) Gecko/20100115 Firefox/3.6"
72.14.199.216 - - [10/Jul/2011:22:04:48 +0200] "GET /rss HTTP/1.1" 200 65689 "-" "Feedfetcher-Google; (+http://www.google.com/feedfetcher.html; 6 subscribers; feed-id=9468211748000248502)"
72.14.199.245 - - [10/Jul/2011:22:04:52 +0200] "GET /rss HTTP/1.1" 200 65689 "-" "Feedfetcher-Google; (+http://www.google.com/feedfetcher.html; 4 subscribers; feed-id=16428131579388406361)"
218.213.130.212 - - [10/Jul/2011:22:15:17 +0200] "GET /robots.txt HTTP/1.1" 200 88 "-" "DoCoMo/2.0 P900i(c100;TB;W24H11) (compatible; ichiro/mobile goo; +http://help.goo.ne.jp/help/article/1142/)"
218.213.130.212 - - [10/Jul/2011:22:15:19 +0200] "GET /wlang HTTP/1.1" 200 21453 "-" "DoCoMo/2.0 P900i(c100;TB;W24H11) (compatible; ichiro/mobile goo; +http://help.goo.ne.jp/help/article/1142/)"
213.168.109.107 - - [10/Jul/2011:22:18:07 +0200] "GET /reuse HTTP/1.1" 200 7684 "-" "Mozilla/5.0 (X11; Linux x86_64; rv:5.0) Gecko/20100101 Firefox/5.0"
213.168.109.107 - - [10/Jul/2011:22:18:08 +0200] "GET /images/github.png HTTP/1.1" 200 1655 "http://revision-zero.org/reuse" "Mozilla/5.0 (X11; Linux x86_64; rv:5.0) Gecko/20100101 Firefox/5.0"
213.168.109.107 - - [10/Jul/2011:22:18:08 +0200] "GET /images/mail.png HTTP/1.1" 200 1321 "http://revision-zero.org/reuse" "Mozilla/5.0 (X11; Linux x86_64; rv:5.0) Gecko/20100101 Firefox/5.0"
213.168.109.107 - - [10/Jul/2011:22:18:08 +0200] "GET /js/revzero.js HTTP/1.1" 200 752 "http://revision-zero.org/reuse" "Mozilla/5.0 (X11; Linux x86_64; rv:5.0) Gecko/20100101 Firefox/5.0"
213.168.109.107 - - [10/Jul/2011:22:18:08 +0200] "GET /images/twitter.png HTTP/1.1" 200 2072 "http://revision-zero.org/reuse" "Mozilla/5.0 (X11; Linux x86_64; rv:5.0) Gecko/20100101 Firefox/5.0"
213.168.109.107 - - [10/Jul/2011:22:18:08 +0200] "GET /images/rss.png HTTP/1.1" 200 2050 "http://revision-zero.org/reuse" "Mozilla/5.0 (X11; Linux x86_64; rv:5.0) Gecko/20100101 Firefox/5.0"
213.168.109.107 - - [10/Jul/2011:22:18:08 +0200] "GET /css/style.css HTTP/1.1" 200 7343 "http://revision-zero.org/reuse" "Mozilla/5.0 (X11; Linux x86_64; rv:5.0) Gecko/20100101 Firefox/5.0"
213.168.109.107 - - [10/Jul/2011:22:18:08 +0200] "GET /js/jquery-1.4.1.min.js HTTP/1.1" 200 70843 "http://revision-zero.org/reuse" "Mozilla/5.0 (X11; Linux x86_64; rv:5.0) Gecko/20100101 Firefox/5.0"
213.168.109.107 - - [10/Jul/2011:22:18:08 +0200] "GET /css/leftnav_bw.png HTTP/1.1" 200 6840 "http://revision-zero.org/css/style.css" "Mozilla/5.0 (X11; Linux x86_64; rv:5.0) Gecko/20100101 Firefox/5.0"
213.168.109.107 - - [10/Jul/2011:22:18:08 +0200] "GET /css/rightnav_bw.png HTTP/1.1" 200 6803 "http://revision-zero.org/css/style.css" "Mozilla/5.0 (X11; Linux x86_64; rv:5.0) Gecko/20100101 Firefox/5.0"
213.168.109.107 - - [10/Jul/2011:22:18:08 +0200] "GET /favicon.ico HTTP/1.1" 404 20 "-" "Mozilla/5.0 (X11; Linux x86_64; rv:5.0) Gecko/20100101 Firefox/5.0"
213.168.109.107 - - [10/Jul/2011:22:18:08 +0200] "GET /favicon.ico HTTP/1.1" 404 20 "-" "Mozilla/5.0 (X11; Linux x86_64; rv:5.0) Gecko/20100101 Firefox/5.0"
66.249.71.12 - - [10/Jul/2011:22:27:26 +0200] "GET /reuse HTTP/1.1" 200 7684 "-" "Mozilla/5.0 (compatible; Googlebot/2.1; +http://www.google.com/bot.html)"
123.125.71.105 - - [10/Jul/2011:22:27:30 +0200] "GET / HTTP/1.1" 200 16000 "-" "Mozilla/5.0 (compatible; Baiduspider/2.0; +http://www.baidu.com/search/spider.html)"
220.181.108.181 - - [10/Jul/2011:22:27:54 +0200] "GET / HTTP/1.1" 200 15863 "-" "Mozilla/5.0 (compatible; Baiduspider/2.0; +http://www.baidu.com/search/spider.html)"
94.228.209.90 - - [10/Jul/2011:22:43:18 +0200] "GET /topics0/ HTTP/1.0" 404 18 "http://www.revision-zero.org/topics0/" "Mozilla/4.0 (compatible; MSIE 4.01; Digital AlphaServer 1000A 4/233; Windows NT; Powered By 64-Bit Alpha Processor)"
94.228.209.90 - - [10/Jul/2011:22:43:19 +0200] "GET / HTTP/1.0" 200 23577 "http://www.revision-zero.org/" "Mozilla/4.0 (compatible; MSIE 4.01; Digital AlphaServer 1000A 4/233; Windows NT; Powered By 64-Bit Alpha Processor)"
94.228.209.90 - - [10/Jul/2011:22:43:19 +0200] "POST / HTTP/1.0" 404 18 "http://www.revision-zero.org/" "Mozilla/4.0 (compatible; MSIE 4.01; Digital AlphaServer 1000A 4/233; Windows NT; Powered By 64-Bit Alpha Processor)"
94.228.209.90 - - [10/Jul/2011:22:43:19 +0200] "POST / HTTP/1.0" 404 18 "http://www.revision-zero.org/" "Mozilla/4.0 (compatible; MSIE 4.01; Digital AlphaServer 1000A 4/233; Windows NT; Powered By 64-Bit Alpha Processor)"
31.192.105.38 - - [10/Jul/2011:23:00:39 +0200] "GET /topics0 HTTP/1.0" 200 12353 "http://www.revision-zero.org/topics0" "Mozilla/4.0 (compatible; MSIE 6.0; Windows NT 5.0)"
31.192.105.38 - - [10/Jul/2011:23:00:40 +0200] "POST /topics0 HTTP/1.0" 404 18 "http://www.revision-zero.org/topics0" "Mozilla/4.0 (compatible; MSIE 6.0; Windows NT 5.0)"
31.192.105.38 - - [10/Jul/2011:23:00:43 +0200] "POST /http://www.revision-zero.org/topics0 HTTP/1.0" 404 18 "http://www.revision-zero.org/topics0" "Mozilla/4.0 (compatible; MSIE 6.0; Windows NT 5.0)"
72.14.199.216 - - [10/Jul/2011:23:06:29 +0200] "GET /rss HTTP/1.1" 200 65689 "-" "Feedfetcher-Google; (+http://www.google.com/feedfetcher.html; 6 subscribers; feed-id=9468211748000248502)"
72.14.199.245 - - [10/Jul/2011:23:11:52 +0200] "GET /rss HTTP/1.1" 200 65689 "-" "Feedfetcher-Google; (+http://www.google.com/feedfetcher.html; 4 subscribers; feed-id=16428131579388406361)"
91.207.6.82 - - [10/Jul/2011:23:25:36 +0200] "GET / HTTP/1.0" 200 23577 "http://www.revision-zero.org/" "Mozilla/4.0 (compatible; MSIE 6.0; Windows 98; Win 9x 4.90)"
91.207.6.82 - - [10/Jul/2011:23:25:37 +0200] "GET / HTTP/1.0" 200 23577 "http://revision-zero.org/" "Mozilla/4.0 (compatible; MSIE 6.0; Windows 98; Win 9x 4.90)"
91.207.6.82 - - [10/Jul/2011:23:25:38 +0200] "GET /index.php HTTP/1.0" 404 207 "http://www.revision-zero.org/index.php" "Mozilla/4.0 (compatible; MSIE 6.0; Windows 98; Win 9x 4.90)"
66.249.71.12 - - [10/Jul/2011:23:27:52 +0200] "GET /sql-poll HTTP/1.1" 200 2428 "-" "Mozilla/5.0 (compatible; Googlebot/2.1; +http://www.google.com/bot.html)"
64.246.165.210 - - [10/Jul/2011:23:34:06 +0200] "GET /robots.txt HTTP/1.0" 200 88 "-" "Mozilla/5.0 (Windows; U; Windows NT 5.1; en; rv:1.9.0.13) Gecko/2009073022 Firefox/3.5.2 (.NET CLR 3.5.30729) SurveyBot/2.3 (DomainTools)"
64.246.165.210 - - [10/Jul/2011:23:34:07 +0200] "GET / HTTP/1.1" 200 8181 "http://whois.domaintools.com/revision-zero.org" "Mozilla/5.0 (Windows; U; Windows NT 5.1; en; rv:1.9.0.13) Gecko/2009073022 Firefox/3.5.2 (.NET CLR 3.5.30729) SurveyBot/2.3 (DomainTools)"
72.14.199.216 - - [11/Jul/2011:00:08:09 +0200] "GET /rss HTTP/1.1" 200 65689 "-" "Feedfetcher-Google; (+http://www.google.com/feedfetcher.html; 6 subscribers; feed-id=9468211748000248502)"
72.14.199.245 - - [11/Jul/2011:00:14:22 +0200] "GET /rss HTTP/1.1" 200 65689 "-" "Feedfetcher-Google; (+http://www.google.com/feedfetcher.html; 4 subscribers; feed-id=16428131579388406361)"
123.125.71.109 - - [11/Jul/2011:00:20:24 +0200] "GET / HTTP/1.1" 200 15863 "-" "Mozilla/5.0 (compatible; Baiduspider/2.0; +http://www.baidu.com/search/spider.html)"
220.181.108.183 - - [11/Jul/2011:00:20:29 +0200] "GET / HTTP/1.1" 200 15863 "-" "Mozilla/5.0 (compatible; Baiduspider/2.0; +http://www.baidu.com/search/spider.html)"
216.39.58.78 - - [11/Jul/2011:00:26:15 +0200] "GET /robots.txt HTTP/1.1" 200 88 "-" "Yahoo Pipes 2.0"
216.39.58.78 - - [11/Jul/2011:00:26:15 +0200] "GET /logical_data_independence_2 HTTP/1.1" 200 23577 "-" "Mozilla/5.0 (compatible; Yahoo Pipes 2.0; +http://developer.yahoo.com/yql/provider) Gecko/20090729 Firefox/3.5.2"
157.56.4.68 - - [11/Jul/2011:00:39:06 +0200] "GET /rss HTTP/1.1" 200 65689 "-" "msnbot-UDiscovery/2.0b (+http://search.msn.com/msnbot.htm)"
95.108.158.244 - - [11/Jul/2011:00:46:00 +0200] "GET /robots.txt HTTP/1.1" 200 88 "-" "Mozilla/5.0 (compatible; YandexImages/3.0; +http://yandex.com/bots)"
157.55.16.230 - - [11/Jul/2011:00:51:13 +0200] "GET /robots.txt HTTP/1.1" 200 88 "-" "Mozilla/5.0 (compatible; bingbot/2.0; +http://www.bing.com/bingbot.htm)"
212.36.236.15 - - [11/Jul/2011:00:51:23 +0200] "GET /topics0/ HTTP/1.1" 404 36 "-" "Mozilla/4.0 (compatible; MSIE 6.0; Windows NT 5.1; SV1)"
212.36.236.15 - - [11/Jul/2011:00:51:24 +0200] "GET / HTTP/1.1" 200 8181 "-" "Mozilla/4.0 (compatible; MSIE 6.0; Windows NT 5.1; SV1)"
157.55.16.230 - - [11/Jul/2011:00:52:52 +0200] "GET / HTTP/1.1" 200 8181 "-" "Mozilla/5.0 (compatible; bingbot/2.0; +http://www.bing.com/bingbot.htm)"
72.14.199.216 - - [11/Jul/2011:01:13:59 +0200] "GET /rss HTTP/1.1" 200 65689 "-" "Feedfetcher-Google; (+http://www.google.com/feedfetcher.html; 6 subscribers; feed-id=9468211748000248502)"
72.14.199.245 - - [11/Jul/2011:01:15:32 +0200] "GET /rss HTTP/1.1" 200 65689 "-" "Feedfetcher-Google; (+http://www.google.com/feedfetcher.html; 4 subscribers; feed-id=16428131579388406361)"
208.115.111.73 - - [11/Jul/2011:01:20:50 +0200] "GET /robots.txt HTTP/1.1" 200 88 "-" "Mozilla/5.0 (compatible; Ezooms/1.0; ezooms.bot@gmail.com)"
72.14.199.245 - - [11/Jul/2011:02:13:52 +0200] "GET /rss HTTP/1.1" 200 65689 "-" "Feedfetcher-Google; (+http://www.google.com/feedfetcher.html; 4 subscribers; feed-id=16428131579388406361)"
72.14.199.216 - - [11/Jul/2011:02:23:19 +0200] "GET /rss HTTP/1.1" 200 65689 "-" "Feedfetcher-Google; (+http://www.google.com/feedfetcher.html; 6 subscribers; feed-id=9468211748000248502)"
216.39.58.18 - - [11/Jul/2011:02:24:45 +0200] "GET /robots.txt HTTP/1.0" 200 88 "-" "Yahoo Pipes 2.0"
216.39.58.78 - - [11/Jul/2011:02:24:45 +0200] "GET /logical_data_independence_2 HTTP/1.1" 200 23577 "-" "Mozilla/5.0 (compatible; Yahoo Pipes 2.0; +http://developer.yahoo.com/yql/provider) Gecko/20090729 Firefox/3.5.2"
66.235.124.6 - - [11/Jul/2011:02:36:54 +0200] "GET /robots.txt HTTP/1.1" 200 88 "-" "Mozilla/5.0 (compatible; Ask Jeeves/Teoma; +http://about.ask.com/en/docs/about/webmasters.shtml)"
66.235.124.6 - - [11/Jul/2011:02:36:54 +0200] "GET / HTTP/1.1" 200 8181 "-" "Mozilla/5.0 (compatible; Ask Jeeves/Teoma; +http://about.ask.com/en/docs/about/webmasters.shtml)"
95.108.158.244 - - [11/Jul/2011:02:41:17 +0200] "GET /images/noe/wlang_is_great.gif HTTP/1.1" 200 36807 "-" "Mozilla/5.0 (compatible; YandexImages/3.0; +http://yandex.com/bots)"
94.228.34.209 - - [11/Jul/2011:02:45:59 +0200] "GET /rss HTTP/1.1" 200 65689 "-" "magpie-crawler/1.1 (U; Linux amd64; en-GB; +http://www.brandwatch.net)"
188.163.66.207 - - [11/Jul/2011:02:51:34 +0200] "GET /topics0/ HTTP/1.0" 404 18 "http://www.revision-zero.org/topics0/" "Mozilla/4.0 (compatible; MSIE 6.0; Windows 98; Win 9x 4.90)"
208.115.111.73 - - [11/Jul/2011:02:56:43 +0200] "GET /duby HTTP/1.1" 404 - "-" "Mozilla/5.0 (compatible; Ezooms/1.0; ezooms.bot@gmail.com)"
72.14.199.245 - - [11/Jul/2011:03:04:48 +0200] "GET /rss HTTP/1.1" 200 65689 "-" "Feedfetcher-Google; (+http://www.google.com/feedfetcher.html; 4 subscribers; feed-id=16428131579388406361)"
220.181.108.173 - - [11/Jul/2011:03:21:11 +0200] "GET / HTTP/1.1" 200 8181 "-" "Mozilla/5.0 (compatible; Baiduspider/2.0; +http://www.baidu.com/search/spider.html)"
72.14.199.216 - - [11/Jul/2011:03:21:15 +0200] "GET /rss HTTP/1.1" 200 65689 "-" "Feedfetcher-Google; (+http://www.google.com/feedfetcher.html; 6 subscribers; feed-id=9468211748000248502)"
220.181.108.173 - - [11/Jul/2011:03:21:26 +0200] "GET /history-of-a-bug HTTP/1.1" 200 5413 "-" "Mozilla/5.0 (compatible; Baiduspider/2.0; +http://www.baidu.com/search/spider.html)"
95.108.158.244 - - [11/Jul/2011:03:27:14 +0200] "GET /images/noe/safe_override.png HTTP/1.1" 200 25637 "-" "Mozilla/5.0 (compatible; YandexImages/3.0; +http://yandex.com/bots)"
223.247.102.102 - - [11/Jul/2011:03:36:53 +0200] "GET /topics0 HTTP/1.0" 200 12353 "http://www.revision-zero.org/topics0" "Mozilla/4.0 (compatible; MSIE 6.0; Windows NT 5.1; MyIE2; Deepnet Explorer)"
223.247.102.102 - - [11/Jul/2011:03:36:55 +0200] "POST /topics0 HTTP/1.0" 404 18 "http://www.revision-zero.org/topics0" "Mozilla/4.0 (compatible; MSIE 6.0; Windows NT 5.1; MyIE2; Deepnet Explorer)"
223.247.102.102 - - [11/Jul/2011:03:36:56 +0200] "POST /http://www.revision-zero.org/topics0 HTTP/1.0" 404 18 "http://www.revision-zero.org/topics0" "Mozilla/4.0 (compatible; MSIE 6.0; Windows NT 5.1; MyIE2; Deepnet Explorer)"
157.56.4.68 - - [11/Jul/2011:03:39:03 +0200] "GET /rss HTTP/1.1" 200 65689 "-" "msnbot-UDiscovery/2.0b (+http://search.msn.com/msnbot.htm)"
91.224.160.4 - - [11/Jul/2011:03:41:24 +0200] "GET /++GET+http://www.revision-zero.org/+%5B0,24303,23951%5D+-%3E HTTP/1.0" 404 18 "http://www.revision-zero.org/++GET+http://www.revision-zero.org/+%5B0,24303,23951%5D+-%3E" "Mozilla/4.0 (compatible; MSIE 6.0; Windows NT 5.1)"
91.224.160.4 - - [11/Jul/2011:03:41:24 +0200] "GET / HTTP/1.0" 200 23577 "http://www.revision-zero.org/" "Mozilla/4.0 (compatible; MSIE 6.0; Windows NT 5.1)"
91.224.160.4 - - [11/Jul/2011:03:41:27 +0200] "POST / HTTP/1.0" 404 18 "http://www.revision-zero.org/" "Mozilla/4.0 (compatible; MSIE 6.0; Windows NT 5.1)"
72.14.199.245 - - [11/Jul/2011:03:59:08 +0200] "GET /rss HTTP/1.1" 200 65689 "-" "Feedfetcher-Google; (+http://www.google.com/feedfetcher.html; 4 subscribers; feed-id=16428131579388406361)"
216.39.58.78 - - [11/Jul/2011:04:21:07 +0200] "GET /robots.txt HTTP/1.1" 200 88 "-" "Yahoo Pipes 2.0"
216.39.58.78 - - [11/Jul/2011:04:21:07 +0200] "GET /logical_data_independence_2 HTTP/1.1" 200 23577 "-" "Mozilla/5.0 (compatible; Yahoo Pipes 2.0; +http://developer.yahoo.com/yql/provider) Gecko/20090729 Firefox/3.5.2"
72.14.199.216 - - [11/Jul/2011:04:27:35 +0200] "GET /rss HTTP/1.1" 200 65689 "-" "Feedfetcher-Google; (+http://www.google.com/feedfetcher.html; 6 subscribers; feed-id=9468211748000248502)"
72.14.199.245 - - [11/Jul/2011:05:01:49 +0200] "GET /rss HTTP/1.1" 200 65689 "-" "Feedfetcher-Google; (+http://www.google.com/feedfetcher.html; 4 subscribers; feed-id=16428131579388406361)"
67.195.115.124 - - [11/Jul/2011:05:14:21 +0200] "GET /robots.txt HTTP/1.0" 200 101 "-" "Mozilla/5.0 (compatible; Yahoo! Slurp; http://help.yahoo.com/help/us/ysearch/slurp)"
67.195.115.124 - - [11/Jul/2011:05:14:22 +0200] "GET /www.linkedin.com/in/blambeau HTTP/1.0" 404 36 "-" "Mozilla/5.0 (compatible; Yahoo! Slurp; http://help.yahoo.com/help/us/ysearch/slurp)"
72.14.199.216 - - [11/Jul/2011:05:29:16 +0200] "GET /rss HTTP/1.1" 200 65689 "-" "Feedfetcher-Google; (+http://www.google.com/feedfetcher.html; 6 subscribers; feed-id=9468211748000248502)"
72.14.199.245 - - [11/Jul/2011:06:02:39 +0200] "GET /rss HTTP/1.1" 200 65689 "-" "Feedfetcher-Google; (+http://www.google.com/feedfetcher.html; 4 subscribers; feed-id=16428131579388406361)"
72.14.199.216 - - [11/Jul/2011:06:29:26 +0200] "GET /rss HTTP/1.1" 200 65689 "-" "Feedfetcher-Google; (+http://www.google.com/feedfetcher.html; 6 subscribers; feed-id=9468211748000248502)"
157.56.4.68 - - [11/Jul/2011:06:39:04 +0200] "GET /rss HTTP/1.1" 200 65689 "-" "msnbot-UDiscovery/2.0b (+http://search.msn.com/msnbot.htm)"
209.131.41.48 - - [11/Jul/2011:06:46:16 +0200] "GET /robots.txt HTTP/1.1" 200 88 "-" "Yahoo Pipes 2.0"
209.131.41.48 - - [11/Jul/2011:06:46:16 +0200] "GET /logical_data_independence_2 HTTP/1.1" 200 23577 "-" "Mozilla/5.0 (compatible; Yahoo Pipes 2.0; +http://developer.yahoo.com/yql/provider) Gecko/20090729 Firefox/3.5.2"
203.122.10.173 - - [11/Jul/2011:06:49:20 +0200] "GET /logical_data_independence HTTP/1.1" 200 6455 "http://www.google.co.in/url?sa=t&source=web&cd=2&ved=0CCkQFjAB&url=http%3A%2F%2Fwww.revision-zero.org%2Flogical_data_independence&rct=j&q=real%20time%20example%20for%20data%20independence&ei=yYAaTu_tJYqyrAedtJTQAQ&usg=AFQjCNHsaPFwFv2X-TSF09Xj6L8MP4ly8A" "Mozilla/5.0 (Windows; U; Windows NT 5.1; en-US; rv:1.9.2.18) Gecko/20110614 Firefox/3.6.18"
203.122.10.173 - - [11/Jul/2011:06:49:21 +0200] "GET /images/github.png HTTP/1.1" 200 1655 "http://www.revision-zero.org/logical_data_independence" "Mozilla/5.0 (Windows; U; Windows NT 5.1; en-US; rv:1.9.2.18) Gecko/20110614 Firefox/3.6.18"
203.122.10.173 - - [11/Jul/2011:06:49:21 +0200] "GET /js/revzero.js HTTP/1.1" 200 752 "http://www.revision-zero.org/logical_data_independence" "Mozilla/5.0 (Windows; U; Windows NT 5.1; en-US; rv:1.9.2.18) Gecko/20110614 Firefox/3.6.18"
203.122.10.173 - - [11/Jul/2011:06:49:21 +0200] "GET /css/style.css HTTP/1.1" 200 7343 "http://www.revision-zero.org/logical_data_independence" "Mozilla/5.0 (Windows; U; Windows NT 5.1; en-US; rv:1.9.2.18) Gecko/20110614 Firefox/3.6.18"
203.122.10.173 - - [11/Jul/2011:06:49:21 +0200] "GET /images/twitter.png HTTP/1.1" 200 2072 "http://www.revision-zero.org/logical_data_independence" "Mozilla/5.0 (Windows; U; Windows NT 5.1; en-US; rv:1.9.2.18) Gecko/20110614 Firefox/3.6.18"
203.122.10.173 - - [11/Jul/2011:06:49:21 +0200] "GET /images/mail.png HTTP/1.1" 200 1321 "http://www.revision-zero.org/logical_data_independence" "Mozilla/5.0 (Windows; U; Windows NT 5.1; en-US; rv:1.9.2.18) Gecko/20110614 Firefox/3.6.18"
203.122.10.173 - - [11/Jul/2011:06:49:21 +0200] "GET /images/rss.png HTTP/1.1" 200 2050 "http://www.revision-zero.org/logical_data_independence" "Mozilla/5.0 (Windows; U; Windows NT 5.1; en-US; rv:1.9.2.18) Gecko/20110614 Firefox/3.6.18"
203.122.10.173 - - [11/Jul/2011:06:49:21 +0200] "GET /js/jquery-1.4.1.min.js HTTP/1.1" 200 70843 "http://www.revision-zero.org/logical_data_independence" "Mozilla/5.0 (Windows; U; Windows NT 5.1; en-US; rv:1.9.2.18) Gecko/20110614 Firefox/3.6.18"
203.122.10.173 - - [11/Jul/2011:06:49:22 +0200] "GET /css/leftnav_bw.png HTTP/1.1" 200 6840 "http://www.revision-zero.org/css/style.css" "Mozilla/5.0 (Windows; U; Windows NT 5.1; en-US; rv:1.9.2.18) Gecko/20110614 Firefox/3.6.18"
203.122.10.173 - - [11/Jul/2011:06:49:22 +0200] "GET /css/rightnav_bw.png HTTP/1.1" 200 6803 "http://www.revision-zero.org/css/style.css" "Mozilla/5.0 (Windows; U; Windows NT 5.1; en-US; rv:1.9.2.18) Gecko/20110614 Firefox/3.6.18"
203.122.10.173 - - [11/Jul/2011:06:49:22 +0200] "GET /images/logical_data_independence/empdept.gif HTTP/1.1" 200 11816 "http://www.revision-zero.org/logical_data_independence" "Mozilla/5.0 (Windows; U; Windows NT 5.1; en-US; rv:1.9.2.18) Gecko/20110614 Firefox/3.6.18"
203.122.10.173 - - [11/Jul/2011:06:49:22 +0200] "GET /images/logical_data_independence/database.gif HTTP/1.1" 200 17396 "http://www.revision-zero.org/logical_data_independence" "Mozilla/5.0 (Windows; U; Windows NT 5.1; en-US; rv:1.9.2.18) Gecko/20110614 Firefox/3.6.18"
203.122.10.173 - - [11/Jul/2011:06:49:22 +0200] "GET /images/logical_data_independence/modules.gif HTTP/1.1" 200 20779 "http://www.revision-zero.org/logical_data_independence" "Mozilla/5.0 (Windows; U; Windows NT 5.1; en-US; rv:1.9.2.18) Gecko/20110614 Firefox/3.6.18"
203.122.10.173 - - [11/Jul/2011:06:49:23 +0200] "GET /favicon.ico HTTP/1.1" 404 20 "-" "Mozilla/5.0 (Windows; U; Windows NT 5.1; en-US; rv:1.9.2.18) Gecko/20110614 Firefox/3.6.18"
203.122.10.173 - - [11/Jul/2011:06:49:24 +0200] "GET /favicon.ico HTTP/1.1" 404 20 "-" "Mozilla/5.0 (Windows; U; Windows NT 5.1; en-US; rv:1.9.2.18) Gecko/20110614 Firefox/3.6.18"
203.122.10.173 - - [11/Jul/2011:06:49:39 +0200] "GET /css/rightnav.png HTTP/1.1" 200 7151 "http://www.revision-zero.org/css/style.css" "Mozilla/5.0 (Windows; U; Windows NT 5.1; en-US; rv:1.9.2.18) Gecko/20110614 Firefox/3.6.18"
72.14.199.245 - - [11/Jul/2011:06:57:39 +0200] "GET /rss HTTP/1.1" 200 65689 "-" "Feedfetcher-Google; (+http://www.google.com/feedfetcher.html; 4 subscribers; feed-id=16428131579388406361)"
220.181.108.184 - - [11/Jul/2011:07:18:42 +0200] "GET / HTTP/1.1" 200 8181 "-" "Mozilla/5.0 (compatible; Baiduspider/2.0; +http://www.baidu.com/search/spider.html)"
220.181.108.166 - - [11/Jul/2011:07:19:00 +0200] "GET /topics0 HTTP/1.1" 200 4757 "-" "Mozilla/5.0 (compatible; Baiduspider/2.0; +http://www.baidu.com/search/spider.html)"
67.195.115.124 - - [11/Jul/2011:07:27:56 +0200] "GET /robots.txt HTTP/1.0" 200 101 "-" "Mozilla/5.0 (compatible; Yahoo! Slurp; http://help.yahoo.com/help/us/ysearch/slurp)"
67.195.115.124 - - [11/Jul/2011:07:27:57 +0200] "GET /sql-poll HTTP/1.0" 200 2428 "-" "Mozilla/5.0 (compatible; Yahoo! Slurp; http://help.yahoo.com/help/us/ysearch/slurp)"
67.195.115.124 - - [11/Jul/2011:07:28:07 +0200] "GET /css/style.css HTTP/1.0" 200 7343 "http://www.revision-zero.org/sql-poll" "Mozilla/5.0 (compatible; Yahoo! Slurp; http://help.yahoo.com/help/us/ysearch/slurp)"
72.14.199.216 - - [11/Jul/2011:07:31:36 +0200] "GET /rss HTTP/1.1" 200 65689 "-" "Feedfetcher-Google; (+http://www.google.com/feedfetcher.html; 6 subscribers; feed-id=9468211748000248502)"
87.146.201.104 - - [11/Jul/2011:07:34:31 +0200] "GET /reuse HTTP/1.1" 200 7684 "-" "Mozilla/5.0 (X11; Linux i686; rv:2.0.1) Gecko/20100101 Firefox/4.0.1"
87.146.201.104 - - [11/Jul/2011:07:34:32 +0200] "GET /images/github.png HTTP/1.1" 200 1655 "http://revision-zero.org/reuse" "Mozilla/5.0 (X11; Linux i686; rv:2.0.1) Gecko/20100101 Firefox/4.0.1"
87.146.201.104 - - [11/Jul/2011:07:34:32 +0200] "GET /images/twitter.png HTTP/1.1" 200 2072 "http://revision-zero.org/reuse" "Mozilla/5.0 (X11; Linux i686; rv:2.0.1) Gecko/20100101 Firefox/4.0.1"
87.146.201.104 - - [11/Jul/2011:07:34:32 +0200] "GET /images/mail.png HTTP/1.1" 200 1321 "http://revision-zero.org/reuse" "Mozilla/5.0 (X11; Linux i686; rv:2.0.1) Gecko/20100101 Firefox/4.0.1"
87.146.201.104 - - [11/Jul/2011:07:34:32 +0200] "GET /css/style.css HTTP/1.1" 200 7343 "http://revision-zero.org/reuse" "Mozilla/5.0 (X11; Linux i686; rv:2.0.1) Gecko/20100101 Firefox/4.0.1"
87.146.201.104 - - [11/Jul/2011:07:34:32 +0200] "GET /js/revzero.js HTTP/1.1" 200 752 "http://revision-zero.org/reuse" "Mozilla/5.0 (X11; Linux i686; rv:2.0.1) Gecko/20100101 Firefox/4.0.1"
87.146.201.104 - - [11/Jul/2011:07:34:32 +0200] "GET /images/rss.png HTTP/1.1" 200 2050 "http://revision-zero.org/reuse" "Mozilla/5.0 (X11; Linux i686; rv:2.0.1) Gecko/20100101 Firefox/4.0.1"
87.146.201.104 - - [11/Jul/2011:07:34:32 +0200] "GET /js/jquery-1.4.1.min.js HTTP/1.1" 200 70843 "http://revision-zero.org/reuse" "Mozilla/5.0 (X11; Linux i686; rv:2.0.1) Gecko/20100101 Firefox/4.0.1"
87.146.201.104 - - [11/Jul/2011:07:34:33 +0200] "GET /css/leftnav_bw.png HTTP/1.1" 200 6840 "http://revision-zero.org/css/style.css" "Mozilla/5.0 (X11; Linux i686; rv:2.0.1) Gecko/20100101 Firefox/4.0.1"
87.146.201.104 - - [11/Jul/2011:07:34:33 +0200] "GET /css/rightnav_bw.png HTTP/1.1" 200 6803 "http://revision-zero.org/css/style.css" "Mozilla/5.0 (X11; Linux i686; rv:2.0.1) Gecko/20100101 Firefox/4.0.1"
87.146.201.104 - - [11/Jul/2011:07:34:33 +0200] "GET /favicon.ico HTTP/1.1" 404 20 "-" "Mozilla/5.0 (X11; Linux i686; rv:2.0.1) Gecko/20100101 Firefox/4.0.1"
87.146.201.104 - - [11/Jul/2011:07:34:33 +0200] "GET /favicon.ico HTTP/1.1" 404 20 "-" "Mozilla/5.0 (X11; Linux i686; rv:2.0.1) Gecko/20100101 Firefox/4.0.1"
87.146.201.104 - - [11/Jul/2011:07:35:19 +0200] "GET /css/rightnav.png HTTP/1.1" 200 7151 "http://revision-zero.org/css/style.css" "Mozilla/5.0 (X11; Linux i686; rv:2.0.1) Gecko/20100101 Firefox/4.0.1"
87.146.201.104 - - [11/Jul/2011:07:35:19 +0200] "GET /css/leftnav.png HTTP/1.1" 200 7082 "http://revision-zero.org/css/style.css" "Mozilla/5.0 (X11; Linux i686; rv:2.0.1) Gecko/20100101 Firefox/4.0.1"
208.80.194.26 - - [11/Jul/2011:07:53:01 +0200] "GET / HTTP/1.0" 200 23577 "-" "Mozilla/4.0 (compatible; MSIE 6.0; Windows NT 5.1; SV1; .NET CLR 1.0.3705; .NET CLR 1.1.4322; Media Center PC 3.1; InfoPath.2; SpamBlockerUtility 4.8.4)"
